Component: ARM Compiler 5.05 update 1 (build 106) Tool: armlink [4d0efa]

==============================================================================

Section Cross References

    main.o(i.Bootloader_Set) refers to stmflash.o(i.STMFLASH_Write) for STMFLASH_Write
    main.o(i.Init) refers to sys.o(i.delay_init) for delay_init
    main.o(i.Init) refers to misc.o(i.NVIC_PriorityGroupConfig) for NVIC_PriorityGroupConfig
    main.o(i.Init) refers to led.o(i.Led_Init) for Led_Init
    main.o(i.Init) refers to oled.o(i.OLED_Init) for OLED_Init
    main.o(i.Init) refers to hc05.o(i.usart3_init) for usart3_init
    main.o(i.Init) refers to iic.o(i.I2C_INIT) for I2C_INIT
    main.o(i.Init) refers to sys.o(i.delay_ms) for delay_ms
    main.o(i.Init) refers to mpu6050.o(i.MPU6050_Init) for MPU6050_Init
    main.o(i.Init) refers to hmc5883.o(i.Init_HMC5883L) for Init_HMC5883L
    main.o(i.Init) refers to motor.o(i.TIM4_PWM_Init) for TIM4_PWM_Init
    main.o(i.Init) refers to motor.o(i.moto_STOP) for moto_STOP
    main.o(i.Init) refers to ultrasonic.o(i.Ultrasonic_Config) for Ultrasonic_Config
    main.o(i.Init) refers to ultrasonic.o(i.PWM_IN_Config) for PWM_IN_Config
    main.o(i.Init) refers to mpu6050.o(i.MPU6050_Cali) for MPU6050_Cali
    main.o(i.Init) refers to main.o(i.paramLoad) for paramLoad
    main.o(i.Init) refers to timer.o(i.TIM5_Config) for TIM5_Config
    main.o(i.Init) refers to stm32f10x_tim.o(i.TIM_Cmd) for TIM_Cmd
    main.o(i.Init) refers to main.o(.bss) for flag
    main.o(i.Test) refers to mpu6050.o(i.Fuse_RegValue) for Fuse_RegValue
    main.o(i.Test) refers to oled.o(i.OLED_P6x8Str) for OLED_P6x8Str
    main.o(i.Test) refers to oled.o(i.Dis_int) for Dis_int
    main.o(i.Test) refers to hmc5883.o(i.HMC5883lRead) for HMC5883lRead
    main.o(i.Test) refers to sys.o(i.delay_ms) for delay_ms
    main.o(i.Test) refers to mpu6050.o(.bss) for MPU_Data
    main.o(i.Test) refers to hmc5883.o(.data) for hmcdata
    main.o(i.main) refers to main.o(i.Init) for Init
    main.o(i.main) refers to oled.o(i.Dis_Float) for Dis_Float
    main.o(i.main) refers to faddsub_clz.o(x$fpl$fadd) for __aeabi_fadd
    main.o(i.main) refers to oled.o(i.Dis_int) for Dis_int
    main.o(i.main) refers to main.o(.bss) for flag
    main.o(i.main) refers to ahrs.o(.bss) for IMU
    main.o(i.paramLoad) refers to ultracontrol.o(i.WZ_Speed_PID_Init) for WZ_Speed_PID_Init
    main.o(i.paramLoad) refers to ultracontrol.o(i.Ultra_PID_Init) for Ultra_PID_Init
    main.o(i.paramLoad) refers to control.o(.bss) for ctrl
    led.o(i.Led_Init) refers to stm32f10x_rcc.o(i.RCC_APB2PeriphClockCmd) for RCC_APB2PeriphClockCmd
    led.o(i.Led_Init) refers to stm32f10x_gpio.o(i.GPIO_Init) for GPIO_Init
    led.o(i.Led_Init) refers to stm32f10x_gpio.o(i.GPIO_SetBits) for GPIO_SetBits
    oled.o(i.Dis_Float) refers to oled.o(i.mypow) for mypow
    oled.o(i.Dis_Float) refers to fflt_clz.o(x$fpl$ffltu) for __aeabi_ui2f
    oled.o(i.Dis_Float) refers to fmul.o(x$fpl$fmul) for __aeabi_fmul
    oled.o(i.Dis_Float) refers to ffix.o(x$fpl$ffix) for __aeabi_f2iz
    oled.o(i.Dis_Float) refers to oled.o(i.OLED_P6x8Str) for OLED_P6x8Str
    oled.o(i.Dis_int) refers to oled.o(i.mypow) for mypow
    oled.o(i.Dis_int) refers to oled.o(i.OLED_P6x8Str) for OLED_P6x8Str
    oled.o(i.Dis_unint) refers to oled.o(i.mypow) for mypow
    oled.o(i.Dis_unint) refers to oled.o(i.OLED_P6x8Str) for OLED_P6x8Str
    oled.o(i.Draw_Logo) refers to oled.o(i.OLED_Set_Pos) for OLED_Set_Pos
    oled.o(i.Draw_Logo) refers to oled.o(i.OLED_WrDat) for OLED_WrDat
    oled.o(i.Draw_Logo) refers to oled.o(.constdata) for LOGO128x64
    oled.o(i.OLED_Fill) refers to oled.o(i.OLED_WrCmd) for OLED_WrCmd
    oled.o(i.OLED_Fill) refers to oled.o(i.OLED_WrDat) for OLED_WrDat
    oled.o(i.OLED_Init) refers to stm32f10x_rcc.o(i.RCC_APB2PeriphClockCmd) for RCC_APB2PeriphClockCmd
    oled.o(i.OLED_Init) refers to stm32f10x_gpio.o(i.GPIO_Init) for GPIO_Init
    oled.o(i.OLED_Init) refers to stm32f10x_gpio.o(i.GPIO_SetBits) for GPIO_SetBits
    oled.o(i.OLED_Init) refers to stm32f10x_gpio.o(i.GPIO_ResetBits) for GPIO_ResetBits
    oled.o(i.OLED_Init) refers to oled.o(i.OLED_DLY_ms) for OLED_DLY_ms
    oled.o(i.OLED_Init) refers to oled.o(i.OLED_WR_Byte) for OLED_WR_Byte
    oled.o(i.OLED_Init) refers to oled.o(i.OLED_Fill) for OLED_Fill
    oled.o(i.OLED_P14x16Str) refers to oled.o(i.OLED_Set_Pos) for OLED_Set_Pos
    oled.o(i.OLED_P14x16Str) refers to oled.o(i.OLED_WrDat) for OLED_WrDat
    oled.o(i.OLED_P14x16Str) refers to oled.o(.constdata) for F14x16_Idx
    oled.o(i.OLED_P6x8Str) refers to oled.o(i.OLED_Set_Pos) for OLED_Set_Pos
    oled.o(i.OLED_P6x8Str) refers to oled.o(i.OLED_WrDat) for OLED_WrDat
    oled.o(i.OLED_P6x8Str) refers to oled.o(.constdata) for F6x8
    oled.o(i.OLED_P8x16Str) refers to oled.o(i.OLED_Set_Pos) for OLED_Set_Pos
    oled.o(i.OLED_P8x16Str) refers to oled.o(i.OLED_WrDat) for OLED_WrDat
    oled.o(i.OLED_P8x16Str) refers to oled.o(.constdata) for F8X16
[...]
    __rt_entry_presh_1                       0x08000299   Thumb Code     0  __rtentry2.o(.ARM.Collect$$rtentry$$00000002)
    __rt_entry_sh                            0x08000299   Thumb Code     0  __rtentry4.o(.ARM.Collect$$rtentry$$00000004)
    __rt_entry_li                            0x0800029f   Thumb Code     0  __rtentry2.o(.ARM.Collect$$rtentry$$0000000A)
    __rt_entry_postsh_1                      0x0800029f   Thumb Code     0  __rtentry2.o(.ARM.Collect$$rtentry$$00000009)
    __rt_entry_main                          0x080002a3   Thumb Code     0  __rtentry2.o(.ARM.Collect$$rtentry$$0000000D)
    __rt_entry_postli_1                      0x080002a3   Thumb Code     0  __rtentry2.o(.ARM.Collect$$rtentry$$0000000C)
    __rt_exit                                0x080002ab   Thumb Code     0  rtexit.o(.ARM.Collect$$rtexit$$00000000)
    __rt_exit_ls                             0x080002ad   Thumb Code     0  rtexit2.o(.ARM.Collect$$rtexit$$00000003)
    __rt_exit_prels_1                        0x080002ad   Thumb Code     0  rtexit2.o(.ARM.Collect$$rtexit$$00000002)
    __rt_exit_exit                           0x080002b1   Thumb Code     0  rtexit2.o(.ARM.Collect$$rtexit$$00000004)
    Reset_Handler                            0x080002b9   Thumb Code     8  startup_stm32f10x_hd.o(.text)
    ADC1_2_IRQHandler                        0x080002d3   Thumb Code     0  startup_stm32f10x_hd.o(.text)
    ADC3_IRQHandler                          0x080002d3   Thumb Code     0  startup_stm32f10x_hd.o(.text)
    CAN1_RX1_IRQHandler                      0x080002d3   Thumb Code     0  startup_stm32f10x_hd.o(.text)
    CAN1_SCE_IRQHandler                      0x080002d3   Thumb Code     0  startup_stm32f10x_hd.o(.text)
    DMA1_Channel1_IRQHandler                 0x080002d3   Thumb Code     0  startup_stm32f10x_hd.o(.text)
    DMA1_Channel2_IRQHandler                 0x080002d3   Thumb Code     0  startup_stm32f10x_hd.o(.text)
    DMA1_Channel3_IRQHandler                 0x080002d3   Thumb Code     0  startup_stm32f10x_hd.o(.text)
    DMA1_Channel4_IRQHandler                 0x080002d3   Thumb Code     0  startup_stm32f10x_hd.o(.text)
    DMA1_Channel5_IRQHandler                 0x080002d3   Thumb Code     0  startup_stm32f10x_hd.o(.text)
    DMA1_Channel6_IRQHandler                 0x080002d3   Thumb Code     0  startup_stm32f10x_hd.o(.text)
    DMA1_Channel7_IRQHandler                 0x080002d3   Thumb Code     0  startup_stm32f10x_hd.o(.text)
    DMA2_Channel1_IRQHandler                 0x080002d3   Thumb Code     0  startup_stm32f10x_hd.o(.text)
    DMA2_Channel2_IRQHandler                 0x080002d3   Thumb Code     0  startup_stm32f10x_hd.o(.text)
    DMA2_Channel3_IRQHandler                 0x080002d3   Thumb Code     0  startup_stm32f10x_hd.o(.text)
    DMA2_Channel4_5_IRQHandler               0x080002d3   Thumb Code     0  startup_stm32f10x_hd.o(.text)
    EXTI0_IRQHandler                         0x080002d3   Thumb Code     0  startup_stm32f10x_hd.o(.text)
    EXTI15_10_IRQHandler                     0x080002d3   Thumb Code     0  startup_stm32f10x_hd.o(.text)
    EXTI1_IRQHandler                         0x080002d3   Thumb Code     0  startup_stm32f10x_hd.o(.text)
    EXTI2_IRQHandler                         0x080002d3   Thumb Code     0  startup_stm32f10x_hd.o(.text)
    EXTI3_IRQHandler                         0x080002d3   Thumb Code     0  startup_stm32f10x_hd.o(.text)
    EXTI4_IRQHandler                         0x080002d3   Thumb Code     0  startup_stm32f10x_hd.o(.text)
    EXTI9_5_IRQHandler                       0x080002d3   Thumb Code     0  startup_stm32f10x_hd.o(.text)
    FLASH_IRQHandler                         0x080002d3   Thumb Code     0  startup_stm32f10x_hd.o(.text)
    FSMC_IRQHandler                          0x080002d3   Thumb Code     0  startup_stm32f10x_hd.o(.text)
    I2C1_ER_IRQHandler                       0x080002d3   Thumb Code     0  startup_stm32f10x_hd.o(.text)
    I2C1_EV_IRQHandler                       0x080002d3   Thumb Code     0  startup_stm32f10x_hd.o(.text)
    I2C2_ER_IRQHandler                       0x080002d3   Thumb Code     0  startup_stm32f10x_hd.o(.text)
    I2C2_EV_IRQHandler                       0x080002d3   Thumb Code     0  startup_stm32f10x_hd.o(.text)
    PVD_IRQHandler                           0x080002d3   Thumb Code     0  startup_stm32f10x_hd.o(.text)
    RCC_IRQHandler                           0x080002d3   Thumb Code     0  startup_stm32f10x_hd.o(.text)
    RTCAlarm_IRQHandler                      0x080002d3   Thumb Code     0  startup_stm32f10x_hd.o(.text)
    RTC_IRQHandler                           0x080002d3   Thumb Code     0  startup_stm32f10x_hd.o(.text)
    SDIO_IRQHandler                          0x080002d3   Thumb Code     0  startup_stm32f10x_hd.o(.text)
    SPI1_IRQHandler                          0x080002d3   Thumb Code     0  startup_stm32f10x_hd.o(.text)
    SPI2_IRQHandler                          0x080002d3   Thumb Code     0  startup_stm32f10x_hd.o(.text)
    SPI3_IRQHandler                          0x080002d3   Thumb Code     0  startup_stm32f10x_hd.o(.text)
    TAMPER_IRQHandler                        0x080002d3   Thumb Code     0  startup_stm32f10x_hd.o(.text)
    TIM1_BRK_IRQHandler                      0x080002d3   Thumb Code     0  startup_stm32f10x_hd.o(.text)
    TIM1_CC_IRQHandler                       0x080002d3   Thumb Code     0  startup_stm32f10x_hd.o(.text)
    TIM1_TRG_COM_IRQHandler                  0x080002d3   Thumb Code     0  startup_stm32f10x_hd.o(.text)
    TIM1_UP_IRQHandler                       0x080002d3   Thumb Code     0  startup_stm32f10x_hd.o(.text)
    TIM4_IRQHandler                          0x080002d3   Thumb Code     0  startup_stm32f10x_hd.o(.text)
    TIM6_IRQHandler                          0x080002d3   Thumb Code     0  startup_stm32f10x_hd.o(.text)
    TIM7_IRQHandler                          0x080002d3   Thumb Code     0  startup_stm32f10x_hd.o(.text)
    TIM8_BRK_IRQHandler                      0x080002d3   Thumb Code     0  startup_stm32f10x_hd.o(.text)
    TIM8_CC_IRQHandler                       0x080002d3   Thumb Code     0  startup_stm32f10x_hd.o(.text)
    TIM8_TRG_COM_IRQHandler                  0x080002d3   Thumb Code     0  startup_stm32f10x_hd.o(.text)
    TIM8_UP_IRQHandler                       0x080002d3   Thumb Code     0  startup_stm32f10x_hd.o(.text)
    UART4_IRQHandler                         0x080002d3   Thumb Code     0  startup_stm32f10x_hd.o(.text)
    UART5_IRQHandler                         0x080002d3   Thumb Code     0  startup_stm32f10x_hd.o(.text)
    USART1_IRQHandler                        0x080002d3   Thumb Code     0  startup_stm32f10x_hd.o(.text)
    USART2_IRQHandler                        0x080002d3   Thumb Code     0  startup_stm32f10x_hd.o(.text)
    USBWakeUp_IRQHandler                     0x080002d3   Thumb Code     0  startup_stm32f10x_hd.o(.text)
    USB_HP_CAN1_TX_IRQHandler                0x080002d3   Thumb Code     0  startup_stm32f10x_hd.o(.text)
    USB_LP_CAN1_RX0_IRQHandler               0x080002d3   Thumb Code     0  startup_stm32f10x_hd.o(.text)
    WWDG_IRQHandler                          0x080002d3   Thumb Code     0  startup_stm32f10x_hd.o(.text)
    __user_initial_stackheap                 0x080002d5   Thumb Code     0  startup_stm32f10x_hd.o(.text)
    vsprintf                                 0x080002f9   Thumb Code    32  vsprintf.o(.text)
    strlen                                   0x0800031d   Thumb Code    62  strlen.o(.text)
    __use_two_region_memory                  0x0800035b   Thumb Code     2  heapauxi.o(.text)
    __rt_heap_escrow$2region                 0x0800035d   Thumb Code     2  heapauxi.o(.text)
    __rt_heap_expand$2region                 0x0800035f   Thumb Code     2  heapauxi.o(.text)
    __read_errno                             0x08000361   Thumb Code    10  _rserrno.o(.text)
    __set_errno                              0x0800036b   Thumb Code    12  _rserrno.o(.text)
    _printf_pre_padding                      0x08000377   Thumb Code    44  _printf_pad.o(.text)
    _printf_post_padding                     0x080003a3   Thumb Code    34  _printf_pad.o(.text)
    _printf_truncate_signed                  0x080003c5   Thumb Code    18  _printf_truncate.o(.text)
    _printf_truncate_unsigned                0x080003d7   Thumb Code    18  _printf_truncate.o(.text)
    _printf_str                              0x080003e9   Thumb Code    82  _printf_str.o(.text)
    _printf_int_dec                          0x0800043d   Thumb Code   104  _printf_dec.o(.text)
    _printf_charcount                        0x080004b5   Thumb Code    40  _printf_charcount.o(.text)
    _printf_char_common                      0x080004e7   Thumb Code    32  _printf_char_common.o(.text)
    _sputc                                   0x0800050d   Thumb Code    10  _sputc.o(.text)
    _printf_wctomb                           0x08000519   Thumb Code   182  _printf_wctomb.o(.text)
    _printf_longlong_dec                     0x080005d5   Thumb Code   108  _printf_longlong_dec.o(.text)
    _printf_longlong_oct                     0x08000651   Thumb Code    68  _printf_oct_int_ll.o(.text)
    _printf_int_oct                          0x08000695   Thumb Code    24  _printf_oct_int_ll.o(.text)
    _printf_ll_oct                           0x080006ad   Thumb Code    12  _printf_oct_int_ll.o(.text)
    _printf_longlong_hex                     0x080006c1   Thumb Code    86  _printf_hex_int_ll_ptr.o(.text)
    _printf_int_hex                          0x08000717   Thumb Code    28  _printf_hex_int_ll_ptr.o(.text)
    _printf_ll_hex                           0x08000733   Thumb Code    12  _printf_hex_int_ll_ptr.o(.text)
    _printf_hex_ptr                          0x0800073f   Thumb Code    18  _printf_hex_int_ll_ptr.o(.text)
    __printf                                 0x08000755   Thumb Code   388  __printf_flags_ss_wp.o(.text)
    __aeabi_errno_addr                       0x080008dd   Thumb Code     8  rt_errno_addr_intlibspace.o(.text)
    __errno$intlibspace                      0x080008dd   Thumb Code     0  rt_errno_addr_intlibspace.o(.text)
    __rt_errno_addr$intlibspace              0x080008dd   Thumb Code     0  rt_errno_addr_intlibspace.o(.text)
    _ll_udiv10                               0x080008e5   Thumb Code   138  lludiv10.o(.text)
    _printf_int_common                       0x0800096f   Thumb Code   178  _printf_intcommon.o(.text)
    __lib_sel_fp_printf                      0x08000a21   Thumb Code     2  _printf_fp_dec.o(.text)
    _printf_fp_dec_real                      0x08000bcf   Thumb Code   620  _printf_fp_dec.o(.text)
    _printf_fp_hex_real                      0x08000e3d   Thumb Code   754  _printf_fp_hex.o(.text)
    _printf_cs_common                        0x08001139   Thumb Code    20  _printf_char.o(.text)
    _printf_char                             0x0800114d   Thumb Code    16  _printf_char.o(.text)
    _printf_string                           0x0800115d   Thumb Code     8  _printf_char.o(.text)
    _printf_lcs_common                       0x08001165   Thumb Code    20  _printf_wchar.o(.text)
    _printf_wchar                            0x08001179   Thumb Code    16  _printf_wchar.o(.text)
    _printf_wstring                          0x08001189   Thumb Code     8  _printf_wchar.o(.text)
    _wcrtomb                                 0x08001191   Thumb Code    64  _wcrtomb.o(.text)
    __user_libspace                          0x080011d1   Thumb Code     8  libspace.o(.text)
    __user_perproc_libspace                  0x080011d1   Thumb Code     0  libspace.o(.text)
    __user_perthread_libspace                0x080011d1   Thumb Code     0  libspace.o(.text)
    __user_setup_stackheap                   0x080011d9   Thumb Code    74  sys_stackheap_outer.o(.text)
    __rt_ctype_table                         0x08001225   Thumb Code    16  rt_ctype_table.o(.text)
    __rt_locale                              0x08001235   Thumb Code     8  rt_locale_intlibspace.o(.text)
    _printf_fp_infnan                        0x0800123d   Thumb Code   112  _printf_fp_infnan.o(.text)
    _btod_etento                             0x080012bd   Thumb Code   216  bigflt0.o(.text)
    exit                                     0x08001399   Thumb Code    12  exit.o(.text)
    strcmp                                   0x080013a5   Thumb Code   128  strcmpv7m.o(.text)
    _sys_exit                                0x08001425   Thumb Code     8  sys_exit.o(.text)
    __I$use$semihosting                      0x08001431   Thumb Code     0  use_no_semi.o(.text)
    __use_no_semihosting_swi                 0x08001431   Thumb Code     2  use_no_semi.o(.text)
    __semihosting_library_function           0x08001433   Thumb Code     0  indicate_semi.o(.text)
    _btod_d2e                                0x08001433   Thumb Code    62  btod.o(CL$$btod_d2e)
    _d2e_denorm_low                          0x08001471   Thumb Code    70  btod.o(CL$$btod_d2e_denorm_low)
    _d2e_norm_op1                            0x080014b7   Thumb Code    96  btod.o(CL$$btod_d2e_norm_op1)
    __btod_div_common                        0x08001517   Thumb Code   696  btod.o(CL$$btod_div_common)
    _e2e                                     0x0800184f   Thumb Code   198  btod.o(CL$$btod_e2e)
    _btod_ediv                               0x08001915   Thumb Code    40  btod.o(CL$$btod_ediv)
    _btod_emul                               0x0800193d   Thumb Code    40  btod.o(CL$$btod_emul)
    __btod_mult_common                       0x08001965   Thumb Code   580  btod.o(CL$$btod_mult_common)
    AHRS_GetQ                                0x08001ba9   Thumb Code   590  ahrs.o(i.AHRS_GetQ)
    AHRS_Geteuler                            0x08001e1d   Thumb Code   428  ahrs.o(i.AHRS_Geteuler)
    AHRS_getValues                           0x08001fe5   Thumb Code   328  ahrs.o(i.AHRS_getValues)
    Accl_OFFSET                              0x0800215d   Thumb Code   112  mpu6050.o(i.Accl_OFFSET)
    Attitude_RatePID                         0x080021d5   Thumb Code   490  control.o(i.Attitude_RatePID)
    BluetoothDecode                          0x080023d5   Thumb Code   854  hc05.o(i.BluetoothDecode)
    BusFault_Handler                         0x08002789   Thumb Code     4  stm32f10x_it.o(i.BusFault_Handler)
    CONTROL                                  0x0800278d   Thumb Code   392  control.o(i.CONTROL)
    DebugMon_Handler                         0x08002929   Thumb Code     2  stm32f10x_it.o(i.DebugMon_Handler)
    Degree                                   0x0800292d   Thumb Code    36  algorithm_math.o(i.Degree)
    Dis_Float                                0x08002959   Thumb Code   310  oled.o(i.Dis_Float)
    Dis_int                                  0x08002a8f   Thumb Code   102  oled.o(i.Dis_int)
    Fuse_RegValue                            0x08002af5   Thumb Code   188  mpu6050.o(i.Fuse_RegValue)
    GPIO_Init                                0x08002bb9   Thumb Code   278  stm32f10x_gpio.o(i.GPIO_Init)
    GPIO_PinRemapConfig                      0x08002cd1   Thumb Code   138  stm32f10x_gpio.o(i.GPIO_PinRemapConfig)
    GPIO_ReadInputDataBit                    0x08002d61   Thumb Code    18  stm32f10x_gpio.o(i.GPIO_ReadInputDataBit)
    GPIO_ResetBits                           0x08002d73   Thumb Code     4  stm32f10x_gpio.o(i.GPIO_ResetBits)
    GPIO_SetBits                             0x08002d77   Thumb Code     4  stm32f10x_gpio.o(i.GPIO_SetBits)
    HMC5883lRead                             0x08002d7d   Thumb Code   380  hmc5883.o(i.HMC5883lRead)
    HardFault_Handler                        0x08002f0d   Thumb Code     4  stm32f10x_it.o(i.HardFault_Handler)
    Height_Ctrl                              0x08002f11   Thumb Code   690  ultracontrol.o(i.Height_Ctrl)
    I2C_Ack                                  0x08003235   Thumb Code    54  iic.o(i.I2C_Ack)
    I2C_INIT                                 0x08003271   Thumb Code    68  iic.o(i.I2C_INIT)
    I2C_NoAck                                0x080032b9   Thumb Code    56  iic.o(i.I2C_NoAck)
    I2C_RadeByte                             0x080032f5   Thumb Code    82  iic.o(i.I2C_RadeByte)
    I2C_SendByte                             0x0800334d   Thumb Code    86  iic.o(i.I2C_SendByte)
    I2C_Start                                0x080033a9   Thumb Code    90  iic.o(i.I2C_Start)
    I2C_Stop                                 0x08003409   Thumb Code    56  iic.o(i.I2C_Stop)
    I2C_WaitAck                              0x08003445   Thumb Code    86  iic.o(i.I2C_WaitAck)
    I2C_delay                                0x080034a1   Thumb Code     4  iic.o(i.I2C_delay)
    IIR_I_Filter                             0x080034a5   Thumb Code   242  filter.o(i.IIR_I_Filter)
    Init                                     0x08003599   Thumb Code   110  main.o(i.Init)
    Init_HMC5883L                            0x08003611   Thumb Code    64  hmc5883.o(i.Init_HMC5883L)
    IntToStr                                 0x08003655   Thumb Code    68  algorithm_math.o(i.IntToStr)
    LPF_1st                                  0x08003699   Thumb Code    50  filter.o(i.LPF_1st)
    Led_Init                                 0x080036cd   Thumb Code    72  led.o(i.Led_Init)
    LockForKeepHigh                          0x0800371d   Thumb Code    86  ultracontrol.o(i.LockForKeepHigh)
    MPU6050_Cali                             0x0800379d   Thumb Code   498  mpu6050.o(i.MPU6050_Cali)
    MPU6050_Init                             0x080039e9   Thumb Code    72  mpu6050.o(i.MPU6050_Init)
    MPU6050_READ                             0x08003a31   Thumb Code   172  mpu6050.o(i.MPU6050_READ)
    Mag_Calibration                          0x08003ae1   Thumb Code   712  hmc5883.o(i.Mag_Calibration)
    MemManage_Handler                        0x08003e01   Thumb Code     4  stm32f10x_it.o(i.MemManage_Handler)
    Motor_Conter                             0x08003e05   Thumb Code   158  control.o(i.Motor_Conter)
    Moving_Average                           0x08003eb5   Thumb Code   108  filter.o(i.Moving_Average)
    Moving_Median                            0x08003f21   Thumb Code   184  filter.o(i.Moving_Median)
    Multiple_Read                            0x08003fe1   Thumb Code   100  iic.o(i.Multiple_Read)
    NMI_Handler                              0x08004045   Thumb Code     2  stm32f10x_it.o(i.NMI_Handler)
    NVIC_Init                                0x08004049   Thumb Code   100  misc.o(i.NVIC_Init)
    NVIC_PriorityGroupConfig                 0x080040b9   Thumb Code    10  misc.o(i.NVIC_PriorityGroupConfig)
    OLED_DLY_ms                              0x080040cd   Thumb Code    24  oled.o(i.OLED_DLY_ms)
    OLED_Fill                                0x080040e5   Thumb Code    58  oled.o(i.OLED_Fill)
    OLED_Init                                0x08004121   Thumb Code   274  oled.o(i.OLED_Init)
    OLED_P6x8Str                             0x08004239   Thumb Code    96  oled.o(i.OLED_P6x8Str)
    OLED_P8x16Str                            0x0800429d   Thumb Code   130  oled.o(i.OLED_P8x16Str)
    OLED_Set_Pos                             0x08004325   Thumb Code    36  oled.o(i.OLED_Set_Pos)
    OLED_WR_Byte                             0x08004349   Thumb Code    92  oled.o(i.OLED_WR_Byte)
    OLED_WrCmd                               0x080043a9   Thumb Code    84  oled.o(i.OLED_WrCmd)
    OLED_WrDat                               0x08004401   Thumb Code    86  oled.o(i.OLED_WrDat)
    PWM_IN_Config                            0x0800445d   Thumb Code   170  ultrasonic.o(i.PWM_IN_Config)
    PendSV_Handler                           0x08004511   Thumb Code     2  stm32f10x_it.o(i.PendSV_Handler)
    Q_rsqrt                                  0x08004515   Thumb Code    74  algorithm_math.o(i.Q_rsqrt)
    Quaternion_Normalize                     0x08004565   Thumb Code   122  algorithm_quaternion.o(i.Quaternion_Normalize)
    Quaternion_RungeKutta                    0x080045df   Thumb Code   288  algorithm_quaternion.o(i.Quaternion_RungeKutta)
    Quaternion_ToAngE                        0x08004701   Thumb Code   302  algorithm_quaternion.o(i.Quaternion_ToAngE)
    Quaternion_vectorGravity                 0x08004835   Thumb Code   148  algorithm_quaternion.o(i.Quaternion_vectorGravity)
    RCC_APB1PeriphClockCmd                   0x080048c9   Thumb Code    26  stm32f10x_rcc.o(i.RCC_APB1PeriphClockCmd)
    RCC_APB1PeriphResetCmd                   0x080048e9   Thumb Code    26  stm32f10x_rcc.o(i.RCC_APB1PeriphResetCmd)
    RCC_APB2PeriphClockCmd                   0x08004909   Thumb Code    26  stm32f10x_rcc.o(i.RCC_APB2PeriphClockCmd)
    RCC_APB2PeriphResetCmd                   0x08004929   Thumb Code    26  stm32f10x_rcc.o(i.RCC_APB2PeriphResetCmd)
    RCC_GetClocksFreq                        0x08004949   Thumb Code   192  stm32f10x_rcc.o(i.RCC_GetClocksFreq)
    Rad                                      0x08004a21   Thumb Code    36  algorithm_math.o(i.Rad)
    Reset_Integral                           0x08004a4d   Thumb Code    18  control.o(i.Reset_Integral)
    SVC_Handler                              0x08004a65   Thumb Code     2  stm32f10x_it.o(i.SVC_Handler)
    Single_Read                              0x08004b51   Thumb Code    80  iic.o(i.Single_Read)
    Single_Write                             0x08004ba1   Thumb Code    70  iic.o(i.Single_Write)
    SysTick_Handler                          0x08004be7   Thumb Code     2  stm32f10x_it.o(i.SysTick_Handler)
    SystemInit                               0x08004be9   Thumb Code    78  system_stm32f10x.o(i.SystemInit)
    TIM2_IRQHandler                          0x08004e89   Thumb Code    16  stm32it.o(i.TIM2_IRQHandler)
    TIM3_IRQHandler                          0x08004e99   Thumb Code   262  stm32it.o(i.TIM3_IRQHandler)
    TIM4_PWM_Init                            0x08004fcd   Thumb Code   186  motor.o(i.TIM4_PWM_Init)
    TIM5_Config                              0x08005091   Thumb Code   102  timer.o(i.TIM5_Config)
    TIM5_IRQHandler                          0x080050fd   Thumb Code   110  stm32it.o(i.TIM5_IRQHandler)
    TIM_ARRPreloadConfig                     0x08005185   Thumb Code    24  stm32f10x_tim.o(i.TIM_ARRPreloadConfig)
    TIM_ClearFlag                            0x0800519d   Thumb Code     6  stm32f10x_tim.o(i.TIM_ClearFlag)
    TIM_ClearITPendingBit                    0x080051a3   Thumb Code     6  stm32f10x_tim.o(i.TIM_ClearITPendingBit)
    TIM_Cmd                                  0x080051a9   Thumb Code    24  stm32f10x_tim.o(i.TIM_Cmd)
    TIM_DeInit                               0x080051c1   Thumb Code   424  stm32f10x_tim.o(i.TIM_DeInit)
    TIM_GetCapture4                          0x080053a9   Thumb Code     8  stm32f10x_tim.o(i.TIM_GetCapture4)
    TIM_GetITStatus                          0x080053b1   Thumb Code    34  stm32f10x_tim.o(i.TIM_GetITStatus)
    TIM_ICInit                               0x080053d5   Thumb Code   150  stm32f10x_tim.o(i.TIM_ICInit)
    TIM_ITConfig                             0x08005481   Thumb Code    18  stm32f10x_tim.o(i.TIM_ITConfig)
    TIM_OC1Init                              0x08005495   Thumb Code   132  stm32f10x_tim.o(i.TIM_OC1Init)
    TIM_OC1PreloadConfig                     0x0800552d   Thumb Code    18  stm32f10x_tim.o(i.TIM_OC1PreloadConfig)
    TIM_OC2Init                              0x08005541   Thumb Code   154  stm32f10x_tim.o(i.TIM_OC2Init)
    TIM_OC2PreloadConfig                     0x080055e5   Thumb Code    26  stm32f10x_tim.o(i.TIM_OC2PreloadConfig)
    TIM_OC3Init                              0x08005601   Thumb Code   150  stm32f10x_tim.o(i.TIM_OC3Init)
    TIM_OC3PreloadConfig                     0x080056a1   Thumb Code    18  stm32f10x_tim.o(i.TIM_OC3PreloadConfig)
    TIM_OC4Init                              0x080056b5   Thumb Code   114  stm32f10x_tim.o(i.TIM_OC4Init)
    TIM_OC4PolarityConfig                    0x08005731   Thumb Code    26  stm32f10x_tim.o(i.TIM_OC4PolarityConfig)
    TIM_OC4PreloadConfig                     0x0800574b   Thumb Code    26  stm32f10x_tim.o(i.TIM_OC4PreloadConfig)
    TIM_SetCompare1                          0x08005765   Thumb Code     4  stm32f10x_tim.o(i.TIM_SetCompare1)
    TIM_SetCompare2                          0x08005769   Thumb Code     4  stm32f10x_tim.o(i.TIM_SetCompare2)
    TIM_SetCompare3                          0x0800576d   Thumb Code     4  stm32f10x_tim.o(i.TIM_SetCompare3)
    TIM_SetCompare4                          0x08005771   Thumb Code     6  stm32f10x_tim.o(i.TIM_SetCompare4)
    TIM_SetIC1Prescaler                      0x08005777   Thumb Code    18  stm32f10x_tim.o(i.TIM_SetIC1Prescaler)
    TIM_SetIC2Prescaler                      0x08005789   Thumb Code    26  stm32f10x_tim.o(i.TIM_SetIC2Prescaler)
    TIM_SetIC3Prescaler                      0x080057a3   Thumb Code    18  stm32f10x_tim.o(i.TIM_SetIC3Prescaler)
    TIM_SetIC4Prescaler                      0x080057b5   Thumb Code    26  stm32f10x_tim.o(i.TIM_SetIC4Prescaler)
    TIM_TimeBaseInit                         0x080057d1   Thumb Code   122  stm32f10x_tim.o(i.TIM_TimeBaseInit)
    Thr_Ctrl                                 0x08005875   Thumb Code    60  control.o(i.Thr_Ctrl)
    USART3_IRQHandler                        0x080058bd   Thumb Code    30  hc05.o(i.USART3_IRQHandler)
    USART_Cmd                                0x080058e1   Thumb Code    24  stm32f10x_usart.o(i.USART_Cmd)
    USART_DeInit                             0x080058f9   Thumb Code   134  stm32f10x_usart.o(i.USART_DeInit)
    USART_GetFlagStatus                      0x08005995   Thumb Code    26  stm32f10x_usart.o(i.USART_GetFlagStatus)
    USART_GetITStatus                        0x080059af   Thumb Code    84  stm32f10x_usart.o(i.USART_GetITStatus)
    USART_ITConfig                           0x08005a03   Thumb Code    74  stm32f10x_usart.o(i.USART_ITConfig)
    USART_Init                               0x08005a4d   Thumb Code   210  stm32f10x_usart.o(i.USART_Init)
    USART_ReceiveData                        0x08005b25   Thumb Code    10  stm32f10x_usart.o(i.USART_ReceiveData)
    USART_SendData                           0x08005b2f   Thumb Code     8  stm32f10x_usart.o(i.USART_SendData)
    Ultra_Ctrl                               0x08005b39   Thumb Code   270  ultracontrol.o(i.Ultra_Ctrl)
    Ultra_PID_Init                           0x08005c71   Thumb Code    18  ultracontrol.o(i.Ultra_PID_Init)
    Ultra_dataporcess                        0x08005c8d   Thumb Code   740  ultracontrol.o(i.Ultra_dataporcess)
    Ultrasonic_Config                        0x08005fa5   Thumb Code    46  ultrasonic.o(i.Ultrasonic_Config)
    UsageFault_Handler                       0x08005fd9   Thumb Code     4  stm32f10x_it.o(i.UsageFault_Handler)
    VariableParameter                        0x08005fdd   Thumb Code    68  algorithm_math.o(i.VariableParameter)
    WZ_Speed_PID_Init                        0x08006029   Thumb Code    36  ultracontrol.o(i.WZ_Speed_PID_Init)
    __ARM_fpclassify                         0x0800605d   Thumb Code    40  fpclassify.o(i.__ARM_fpclassify)
    __ARM_fpclassifyf                        0x08006085   Thumb Code    38  fpclassifyf.o(i.__ARM_fpclassifyf)
    __ieee754_rem_pio2                       0x080060ad   Thumb Code   828  rred.o(i.__ieee754_rem_pio2)
    __kernel_cos                             0x08006435   Thumb Code   230  cos_i.o(i.__kernel_cos)
    __kernel_poly                            0x08006531   Thumb Code   170  poly.o(i.__kernel_poly)
    __kernel_sin                             0x080065dd   Thumb Code   224  sin_i.o(i.__kernel_sin)
    __mathlib_dbl_infnan                     0x080066c9   Thumb Code     6  dunder.o(i.__mathlib_dbl_infnan)
    __mathlib_dbl_infnan2                    0x080066cf   Thumb Code     4  dunder.o(i.__mathlib_dbl_infnan2)
    __mathlib_dbl_invalid                    0x080066d3   Thumb Code    12  dunder.o(i.__mathlib_dbl_invalid)
    __mathlib_dbl_underflow                  0x080066e1   Thumb Code    10  dunder.o(i.__mathlib_dbl_underflow)
    __mathlib_flt_infnan                     0x080066f1   Thumb Code     6  funder.o(i.__mathlib_flt_infnan)
    __mathlib_flt_infnan2                    0x080066f7   Thumb Code     4  funder.o(i.__mathlib_flt_infnan2)
    __mathlib_flt_invalid                    0x080066fb   Thumb Code     8  funder.o(i.__mathlib_flt_invalid)
    __mathlib_flt_underflow                  0x08006703   Thumb Code    10  funder.o(i.__mathlib_flt_underflow)
    _is_digit                                0x0800670d   Thumb Code    14  __printf_wp.o(i._is_digit)
    array_assign                             0x0800671b   Thumb Code    24  algorithm_math.o(i.array_assign)
    asinf                                    0x08006735   Thumb Code   254  asinf.o(i.asinf)
    atan                                     0x08006859   Thumb Code   474  atan.o(i.atan)
    atan2                                    0x08006a79   Thumb Code   346  atan2.o(i.atan2)
    atan2f                                   0x08006bf9   Thumb Code   528  atan2f.o(i.atan2f)
    cos                                      0x08006e55   Thumb Code   148  cos.o(i.cos)
    data_limit                               0x08006ef1   Thumb Code    38  algorithm_math.o(i.data_limit)
    delay5ms                                 0x08006f17   Thumb Code    14  iic.o(i.delay5ms)
    delay_init                               0x08006f25   Thumb Code    56  sys.o(i.delay_init)
    delay_ms                                 0x08006f65   Thumb Code    42  sys.o(i.delay_ms)
    height_speed_ctrl                        0x08006f91   Thumb Code   328  ultracontrol.o(i.height_speed_ctrl)
    main                                     0x080070f9   Thumb Code    80  main.o(i.main)
    moto_PwmRflash                           0x08007155   Thumb Code   168  motor.o(i.moto_PwmRflash)
    moto_STOP                                0x08007205   Thumb Code    44  motor.o(i.moto_STOP)
    mypow                                    0x08007235   Thumb Code    22  oled.o(i.mypow)
    paramLoad                                0x0800724d   Thumb Code   104  main.o(i.paramLoad)
    sin                                      0x080072d1   Thumb Code   150  sin.o(i.sin)
    sqrt                                     0x08007371   Thumb Code    76  sqrt.o(i.sqrt)
    sqrtf                                    0x080073bd   Thumb Code    44  sqrtf.o(i.sqrtf)
    u3_printf                                0x080073e9   Thumb Code    72  hc05.o(i.u3_printf)
    usart3_init                              0x08007439   Thumb Code   180  hc05.o(i.usart3_init)
    _get_lc_numeric                          0x080074fd   Thumb Code    44  lc_numeric_c.o(locale$$code)
    _get_lc_ctype                            0x08007529   Thumb Code    44  lc_ctype_c.o(locale$$code)
    __aeabi_d2f                              0x08007555   Thumb Code     0  d2f.o(x$fpl$d2f)
    _d2f                                     0x08007555   Thumb Code    98  d2f.o(x$fpl$d2f)
    __aeabi_dadd                             0x080075b9   Thumb Code     0  daddsub_clz.o(x$fpl$dadd)
    _dadd                                    0x080075b9   Thumb Code   332  daddsub_clz.o(x$fpl$dadd)
    __fpl_dcheck_NaN1                        0x08007709   Thumb Code    10  dcheck1.o(x$fpl$dcheck1)
    __aeabi_ddiv                             0x08007719   Thumb Code     0  ddiv.o(x$fpl$ddiv)
    _ddiv                                    0x08007719   Thumb Code   552  ddiv.o(x$fpl$ddiv)
    __aeabi_d2iz                             0x080079c9   Thumb Code     0  dfix.o(x$fpl$dfix)
    _dfix                                    0x080079c9   Thumb Code    94  dfix.o(x$fpl$dfix)
    __aeabi_i2d                              0x08007a27   Thumb Code     0  dflt_clz.o(x$fpl$dflt)
    _dflt                                    0x08007a27   Thumb Code    46  dflt_clz.o(x$fpl$dflt)
    __aeabi_ui2d                             0x08007a55   Thumb Code     0  dflt_clz.o(x$fpl$dfltu)
    _dfltu                                   0x08007a55   Thumb Code    38  dflt_clz.o(x$fpl$dfltu)
    __aeabi_dmul                             0x08007a7d   Thumb Code     0  dmul.o(x$fpl$dmul)
    _dmul                                    0x08007a7d   Thumb Code   332  dmul.o(x$fpl$dmul)
    __fpl_dnaninf                            0x08007bd1   Thumb Code   156  dnaninf.o(x$fpl$dnaninf)
    __fpl_dretinf                            0x08007c6d   Thumb Code    12  dretinf.o(x$fpl$dretinf)
    __aeabi_drsub                            0x08007c79   Thumb Code     0  daddsub_clz.o(x$fpl$drsb)
    _drsb                                    0x08007c79   Thumb Code    22  daddsub_clz.o(x$fpl$drsb)
    _dsqrt                                   0x08007c91   Thumb Code   456  dsqrt_noumaal.o(x$fpl$dsqrt)
    __aeabi_dsub                             0x08007e5d   Thumb Code     0  daddsub_clz.o(x$fpl$dsub)
    _dsub                                    0x08007e5d   Thumb Code   464  daddsub_clz.o(x$fpl$dsub)
    __aeabi_f2d                              0x08008031   Thumb Code     0  f2d.o(x$fpl$f2d)
    _f2d                                     0x08008031   Thumb Code    86  f2d.o(x$fpl$f2d)
    __aeabi_fadd                             0x08008089   Thumb Code     0  faddsub_clz.o(x$fpl$fadd)
    _fadd                                    0x08008089   Thumb Code   196  faddsub_clz.o(x$fpl$fadd)
    __fpl_fcheck_NaN1                        0x0800814d   Thumb Code     6  fcheck1.o(x$fpl$fcheck1)
    __fpl_fcmp_Inf                           0x08008159   Thumb Code    24  fcmpi.o(x$fpl$fcmpinf)
    __aeabi_fdiv                             0x08008171   Thumb Code     0  fdiv.o(x$fpl$fdiv)
    _fdiv                                    0x08008171   Thumb Code   384  fdiv.o(x$fpl$fdiv)
    __aeabi_f2iz                             0x080082f5   Thumb Code     0  ffix.o(x$fpl$ffix)
    _ffix                                    0x080082f5   Thumb Code    54  ffix.o(x$fpl$ffix)
    __aeabi_i2f                              0x0800832d   Thumb Code     0  fflt_clz.o(x$fpl$fflt)
    _fflt                                    0x0800832d   Thumb Code    48  fflt_clz.o(x$fpl$fflt)
    __aeabi_ui2f                             0x0800835d   Thumb Code     0  fflt_clz.o(x$fpl$ffltu)
    _ffltu                                   0x0800835d   Thumb Code    38  fflt_clz.o(x$fpl$ffltu)
    __aeabi_cfcmple                          0x08008385   Thumb Code     0  fleqf.o(x$fpl$fleqf)
    _fcmple                                  0x08008385   Thumb Code   104  fleqf.o(x$fpl$fleqf)
    __fpl_fcmple_InfNaN                      0x080083d7   Thumb Code     0  fleqf.o(x$fpl$fleqf)
    __aeabi_fmul                             0x080083ed   Thumb Code     0  fmul.o(x$fpl$fmul)
    _fmul                                    0x080083ed   Thumb Code   258  fmul.o(x$fpl$fmul)
    __fpl_fnaninf                            0x080084ef   Thumb Code   140  fnaninf.o(x$fpl$fnaninf)
    __fpl_fretinf                            0x0800857b   Thumb Code    10  fretinf.o(x$fpl$fretinf)
    __aeabi_cfrcmple                         0x08008585   Thumb Code     0  frleqf.o(x$fpl$frleqf)
    _frcmple                                 0x08008585   Thumb Code    98  frleqf.o(x$fpl$frleqf)
    __aeabi_frsub                            0x080085e7   Thumb Code     0  faddsub_clz.o(x$fpl$frsb)
    _frsb                                    0x080085e7   Thumb Code    20  faddsub_clz.o(x$fpl$frsb)
    _fsqrt                                   0x080085fd   Thumb Code   272  fsqrt.o(x$fpl$fsqrt)
    __aeabi_fsub                             0x0800870d   Thumb Code     0  faddsub_clz.o(x$fpl$fsub)
    _fsub                                    0x0800870d   Thumb Code   234  faddsub_clz.o(x$fpl$fsub)
    _printf_fp_dec                           0x080087f7   Thumb Code     4  printf1.o(x$fpl$printf1)
    _printf_fp_hex                           0x080087fb   Thumb Code     4  printf2.o(x$fpl$printf2)
    __fpl_return_NaN                         0x080087ff   Thumb Code   100  retnan.o(x$fpl$retnan)
    __ARM_scalbn                             0x08008863   Thumb Code    92  scalbn.o(x$fpl$scalbn)
    __ARM_scalbnf                            0x080088bf   Thumb Code    76  scalbnf.o(x$fpl$scalbnf)
    __fpl_cmpreturn                          0x0800890b   Thumb Code    48  trapv.o(x$fpl$trapveneer)
    F6x8                                     0x0800893a   Data         552  oled.o(.constdata)
    __I$use$fp                               0x0800893a   Number         0  usenofp.o(x$fpl$usenofp)
    F14x16_Idx                               0x08008b62   Data          49  oled.o(.constdata)
    F14x16                                   0x08008b93   Data         672  oled.o(.constdata)
    F8X16                                    0x08008e33   Data        1520  oled.o(.constdata)
    LOGO128x64                               0x08009423   Data        1024  oled.o(.constdata)
    __mathlib_zero                           0x08009930   Data           8  qnan.o(.constdata)
    Region$$Table$$Base                      0x08009ae4   Number         0  anon$$obj.o(Region$$Table)
    Region$$Table$$Limit                     0x08009b04   Number         0  anon$$obj.o(Region$$Table)
    __ctype                                  0x08009b2d   Data           0  lc_ctype_c.o(locale$$data)
    mag_limt                                 0x20000004   Data           4  hmc5883.o(.data)
    hmcdata                                  0x20000008   Data           6  hmc5883.o(.data)
    MOTOR_TEST                               0x2000001c   Data           8  stm32it.o(.data)
    moto_t                                   0x20000024   Data           4  stm32it.o(.data)
    strtime                                  0x20000028   Data           2  stm32it.o(.data)
    US100_Alt                                0x20000034   Data           4  ultrasonic.o(.data)
    US100_Alt_delta                          0x20000038   Data           4  ultrasonic.o(.data)
    US100_Alt_Last                           0x2000003c   Data           4  ultrasonic.o(.data)
    Ultrasonic_OK                            0x20000040   Data           1  ultrasonic.o(.data)
    ultra_start_f                            0x20000041   Data           1  ultrasonic.o(.data)
    Drop                                     0x20000042   Data           2  ultrasonic.o(.data)
    Rise                                     0x20000044   Data           2  ultrasonic.o(.data)
    US100_Alt_Temp                           0x20000046   Data           2  ultrasonic.o(.data)
    Alt_Last                                 0x20000048   Data           2  ultrasonic.o(.data)
    USART3_RX_STA                            0x2000004a   Data           2  hc05.o(.data)
    timeflag                                 0x2000004c   Data           2  hc05.o(.data)
    time                                     0x2000004e   Data           2  hc05.o(.data)
    b_IIR                                    0x20000078   Data          40  ahrs.o(.data)
    a_IIR                                    0x200000a0   Data          40  ahrs.o(.data)
    yawangle                                 0x200000c8   Data           4  ahrs.o(.data)
    testtime                                 0x200000cc   Data           2  ahrs.o(.data)
    NumQ                                     0x200000d0   Data          16  ahrs.o(.data)
    MAG                                      0x200000e0   Data           6  ahrs.o(.data)
    med_fil_cnt                              0x20000108   Data           4  filter.o(.data)
    Moto_duty                                0x20000160   Data           8  control.o(.data)
    Moto                                     0x20000168   Data           8  control.o(.data)
    motor_array                              0x20000170   Data           4  control.o(.data)
    Moto1str                                 0x20000174   Data           4  control.o(.data)
    thr_value                                0x20000178   Data           4  control.o(.data)
    Thr_Low                                  0x2000017c   Data           1  control.o(.data)
    date_throttle                            0x20000180   Data           4  control.o(.data)
    height_ctrl_out                          0x20000184   Data           4  ultracontrol.o(.data)
    wz_acc                                   0x20000188   Data           4  ultracontrol.o(.data)
    lock                                     0x2000018c   Data           1  ultracontrol.o(.data)
    exp_height_speed                         0x20000190   Data           4  ultracontrol.o(.data)
    exp_height                               0x20000194   Data           4  ultracontrol.o(.data)
    ultra_speed                              0x20000198   Data           4  ultracontrol.o(.data)
    ultra_speed_acc                          0x2000019c   Data           4  ultracontrol.o(.data)
    ultra_dis_lpf                            0x200001a0   Data           4  ultracontrol.o(.data)
    ultra_ctrl_out                           0x200001a4   Data           4  ultracontrol.o(.data)
    wz_speed                                 0x200001a8   Data           4  ultracontrol.o(.data)
    wz_acc_mms2                              0x200001ac   Data           4  ultracontrol.o(.data)
    tempacc_lpf                              0x200001b0   Data           4  ultracontrol.o(.data)
    lock_spd_crl                             0x200001b4   Data           1  ultracontrol.o(.data)
    acc_cnt                                  0x200001b6   Data           4  ultracontrol.o(.data)
    flag                                     0x200001d0   Data          27  main.o(.bss)
    MPU_Data                                 0x200001ec   Data         104  mpu6050.o(.bss)
    MPU_Buf                                  0x20000254   Data          14  mpu6050.o(.bss)
    HMC58X3_limit                            0x20000264   Data          12  hmc5883.o(.bss)
    magdata                                  0x20000270   Data          12  hmc5883.o(.bss)
    target                                   0x20000288   Data          12  stm32it.o(.bss)
    USART3_TX_BUF                            0x20000298   Data         400  hc05.o(.bss)
    USART3_RX_BUF                            0x20000428   Data         400  hc05.o(.bss)
    InPut_IIR                                0x200005b8   Data         120  ahrs.o(.bss)
    OutPut_IIR                               0x20000630   Data         120  ahrs.o(.bss)
    AngE                                     0x200006a8   Data          12  ahrs.o(.bss)
    IMU                                      0x200006b4   Data          12  ahrs.o(.bss)
    V                                        0x200006c0   Data          12  ahrs.o(.bss)
    med_filter_tmp                           0x200006cc   Data         176  filter.o(.bss)
    med_filter_out                           0x2000077c   Data          16  filter.o(.bss)
    ctrl                                     0x2000078c   Data         220  control.o(.bss)
    Target                                   0x20000868   Data          12  control.o(.bss)
    ultra_ctrl                               0x20000874   Data          20  ultracontrol.o(.bss)
    ultra_pid                                0x20000888   Data          12  ultracontrol.o(.bss)
    wz_speed_pid_v                           0x20000894   Data          20  ultracontrol.o(.bss)
    wz_speed_pid                             0x200008a8   Data          12  ultracontrol.o(.bss)
    ultra_wz_speed_pid                       0x200008b4   Data          12  ultracontrol.o(.bss)
    baro_wz_speed_pid                        0x200008c0   Data          12  ultracontrol.o(.bss)
    acc_speed_arr                            0x200008cc   Data         204  ultracontrol.o(.bss)
    __libspace_start                         0x20000998   Data          96  libspace.o(.bss)
    __temporary_stack_top$libspace           0x200009f8   Data           0  libspace.o(.bss)



==============================================================================

Memory Map of the image

  Image Entry point : 0x08000131

  Load Region LR_IROM1 (Base: 0x08000000, Size: 0x00009e00, Max: 0x00040000, ABSOLUTE, COMPRESSED[0x00009c90])

    Execution Region ER_IROM1 (Base: 0x08000000, Size: 0x00009c30, Max: 0x00040000, ABSOLUTE)

    Base Addr    Size         Type   Attr      Idx    E Section Name        Object

    0x08000000   0x00000130   Data   RO          701    RESET               startup_stm32f10x_hd.o
    0x08000130   0x00000008   Code   RO         2592  * !!!main             c_w.l(__main.o)
    0x08000138   0x00000034   Code   RO         3139    !!!scatter          c_w.l(__scatter.o)
    0x0800016c   0x0000005a   Code   RO         3137    !!dczerorl2         c_w.l(__dczerorl2.o)
    0x080001c6   0x00000002   PAD
    0x080001c8   0x0000001c   Code   RO         3141    !!handler_zi        c_w.l(__scatter_zi.o)
    0x080001e4   0x00000000   Code   RO         2794    .ARM.Collect$$_printf_percent$$00000000  c_w.l(_printf_percent.o)
    0x080001e4   0x00000006   Code   RO         2783    .ARM.Collect$$_printf_percent$$00000001  c_w.l(_printf_n.o)
    0x080001ea   0x00000006   Code   RO         2785    .ARM.Collect$$_printf_percent$$00000002  c_w.l(_printf_p.o)
    0x080001f0   0x00000006   Code   RO         2790    .ARM.Collect$$_printf_percent$$00000003  c_w.l(_printf_f.o)
    0x080001f6   0x00000006   Code   RO         2791    .ARM.Collect$$_printf_percent$$00000004  c_w.l(_printf_e.o)
    0x080001fc   0x00000006   Code   RO         2792    .ARM.Collect$$_printf_percent$$00000005  c_w.l(_printf_g.o)
    0x08000202   0x00000006   Code   RO         2793    .ARM.Collect$$_printf_percent$$00000006  c_w.l(_printf_a.o)
    0x08000208   0x0000000a   Code   RO         2798    .ARM.Collect$$_printf_percent$$00000007  c_w.l(_printf_ll.o)
    0x08000212   0x00000006   Code   RO         2787    .ARM.Collect$$_printf_percent$$00000008  c_w.l(_printf_i.o)
    0x08000218   0x00000006   Code   RO         2788    .ARM.Collect$$_printf_percent$$00000009  c_w.l(_printf_d.o)
    0x0800021e   0x00000006   Code   RO         2789    .ARM.Collect$$_printf_percent$$0000000A  c_w.l(_printf_u.o)
    0x08000224   0x00000006   Code   RO         2786    .ARM.Collect$$_printf_percent$$0000000B  c_w.l(_printf_o.o)
    0x0800022a   0x00000006   Code   RO         2784    .ARM.Collect$$_printf_percent$$0000000C  c_w.l(_printf_x.o)
    0x08000230   0x00000006   Code   RO         2795    .ARM.Collect$$_printf_percent$$0000000D  c_w.l(_printf_lli.o)
    0x08000236   0x00000006   Code   RO         2796    .ARM.Collect$$_printf_percent$$0000000E  c_w.l(_printf_lld.o)
    0x0800023c   0x00000006   Code   RO         2797    .ARM.Collect$$_printf_percent$$0000000F  c_w.l(_printf_llu.o)
    0x08000242   0x00000006   Code   RO         2802    .ARM.Collect$$_printf_percent$$00000010  c_w.l(_printf_llo.o)
    0x08000248   0x00000006   Code   RO         2803    .ARM.Collect$$_printf_percent$$00000011  c_w.l(_printf_llx.o)
    0x0800024e   0x0000000a   Code   RO         2799    .ARM.Collect$$_printf_percent$$00000012  c_w.l(_printf_l.o)
    0x08000258   0x00000006   Code   RO         2781    .ARM.Collect$$_printf_percent$$00000013  c_w.l(_printf_c.o)
    0x0800025e   0x00000006   Code   RO         2782    .ARM.Collect$$_printf_percent$$00000014  c_w.l(_printf_s.o)
    0x08000264   0x00000006   Code   RO         2800    .ARM.Collect$$_printf_percent$$00000015  c_w.l(_printf_lc.o)
    0x0800026a   0x00000006   Code   RO         2801    .ARM.Collect$$_printf_percent$$00000016  c_w.l(_printf_ls.o)
    0x08000270   0x00000004   Code   RO         2932    .ARM.Collect$$_printf_percent$$00000017  c_w.l(_printf_percent_end.o)
    0x08000274   0x00000002   Code   RO         2998    .ARM.Collect$$libinit$$00000000  c_w.l(libinit.o)
    0x08000276   0x00000000   Code   RO         3013    .ARM.Collect$$libinit$$00000002  c_w.l(libinit2.o)
    0x08000276   0x00000000   Code   RO         3015    .ARM.Collect$$libinit$$00000004  c_w.l(libinit2.o)
    0x08000276   0x00000000   Code   RO         3018    .ARM.Collect$$libinit$$0000000A  c_w.l(libinit2.o)
    0x08000276   0x00000000   Code   RO         3020    .ARM.Collect$$libinit$$0000000C  c_w.l(libinit2.o)
    0x08000276   0x00000000   Code   RO         3022    .ARM.Collect$$libinit$$0000000E  c_w.l(libinit2.o)
    0x08000276   0x00000006   Code   RO         3023    .ARM.Collect$$libinit$$0000000F  c_w.l(libinit2.o)
    0x0800027c   0x00000000   Code   RO         3025    .ARM.Collect$$libinit$$00000011  c_w.l(libinit2.o)
    0x0800027c   0x0000000c   Code   RO         3026    .ARM.Collect$$libinit$$00000012  c_w.l(libinit2.o)
    0x08000288   0x00000000   Code   RO         3027    .ARM.Collect$$libinit$$00000013  c_w.l(libinit2.o)
    0x08000288   0x00000000   Code   RO         3029    .ARM.Collect$$libinit$$00000015  c_w.l(libinit2.o)
    0x08000288   0x0000000a   Code   RO         3030    .ARM.Collect$$libinit$$00000016  c_w.l(libinit2.o)
    0x08000292   0x00000000   Code   RO         3031    .ARM.Collect$$libinit$$00000017  c_w.l(libinit2.o)
    0x08000292   0x00000000   Code   RO         3033    .ARM.Collect$$libinit$$00000019  c_w.l(libinit2.o)
    0x08000292   0x00000000   Code   RO         3035    .ARM.Collect$$libinit$$0000001B  c_w.l(libinit2.o)
    0x08000292   0x00000000   Code   RO         3037    .ARM.Collect$$libinit$$0000001D  c_w.l(libinit2.o)
    0x08000292   0x00000000   Code   RO         3039    .ARM.Collect$$libinit$$0000001F  c_w.l(libinit2.o)
    0x08000292   0x00000000   Code   RO         3041    .ARM.Collect$$libinit$$00000021  c_w.l(libinit2.o)
    0x08000292   0x00000000   Code   RO         3043    .ARM.Collect$$libinit$$00000023  c_w.l(libinit2.o)
    0x08000292   0x00000000   Code   RO         3045    .ARM.Collect$$libinit$$00000025  c_w.l(libinit2.o)
    0x08000292   0x00000000   Code   RO         3049    .ARM.Collect$$libinit$$0000002C  c_w.l(libinit2.o)
    0x08000292   0x00000000   Code   RO         3051    .ARM.Collect$$libinit$$0000002E  c_w.l(libinit2.o)
    0x08000292   0x00000000   Code   RO         3053    .ARM.Collect$$libinit$$00000030  c_w.l(libinit2.o)
    0x08000292   0x00000000   Code   RO         3055    .ARM.Collect$$libinit$$00000032  c_w.l(libinit2.o)
    0x08000292   0x00000002   Code   RO         3056    .ARM.Collect$$libinit$$00000033  c_w.l(libinit2.o)
    0x08000294   0x00000002   Code   RO         3078    .ARM.Collect$$libshutdown$$00000000  c_w.l(libshutdown.o)
    0x08000296   0x00000000   Code   RO         3092    .ARM.Collect$$libshutdown$$00000003  c_w.l(libshutdown2.o)
    0x08000296   0x00000000   Code   RO         3095    .ARM.Collect$$libshutdown$$00000006  c_w.l(libshutdown2.o)
    0x08000296   0x00000000   Code   RO         3098    .ARM.Collect$$libshutdown$$00000009  c_w.l(libshutdown2.o)
    0x08000296   0x00000000   Code   RO         3100    .ARM.Collect$$libshutdown$$0000000B  c_w.l(libshutdown2.o)
    0x08000296   0x00000000   Code   RO         3103    .ARM.Collect$$libshutdown$$0000000E  c_w.l(libshutdown2.o)
    0x08000296   0x00000002   Code   RO         3104    .ARM.Collect$$libshutdown$$0000000F  c_w.l(libshutdown2.o)
    0x08000298   0x00000000   Code   RO         2710    .ARM.Collect$$rtentry$$00000000  c_w.l(__rtentry.o)
    0x08000298   0x00000000   Code   RO         2898    .ARM.Collect$$rtentry$$00000002  c_w.l(__rtentry2.o)
    0x08000298   0x00000006   Code   RO         2910    .ARM.Collect$$rtentry$$00000004  c_w.l(__rtentry4.o)
    0x0800029e   0x00000000   Code   RO         2900    .ARM.Collect$$rtentry$$00000009  c_w.l(__rtentry2.o)
    0x0800029e   0x00000004   Code   RO         2901    .ARM.Collect$$rtentry$$0000000A  c_w.l(__rtentry2.o)
    0x080002a2   0x00000000   Code   RO         2903    .ARM.Collect$$rtentry$$0000000C  c_w.l(__rtentry2.o)
    0x080002a2   0x00000008   Code   RO         2904    .ARM.Collect$$rtentry$$0000000D  c_w.l(__rtentry2.o)
    0x080002aa   0x00000002   Code   RO         3005    .ARM.Collect$$rtexit$$00000000  c_w.l(rtexit.o)
    0x080002ac   0x00000000   Code   RO         3060    .ARM.Collect$$rtexit$$00000002  c_w.l(rtexit2.o)
    0x080002ac   0x00000004   Code   RO         3061    .ARM.Collect$$rtexit$$00000003  c_w.l(rtexit2.o)
    0x080002b0   0x00000006   Code   RO         3062    .ARM.Collect$$rtexit$$00000004  c_w.l(rtexit2.o)
    0x080002b6   0x00000002   PAD
    0x080002b8   0x00000040   Code   RO          702    .text               startup_stm32f10x_hd.o
    0x080002f8   0x00000024   Code   RO         2586    .text               c_w.l(vsprintf.o)
    0x0800031c   0x0000003e   Code   RO         2588    .text               c_w.l(strlen.o)
    0x0800035a   0x00000006   Code   RO         2590    .text               c_w.l(heapauxi.o)
    0x08000360   0x00000016   Code   RO         2711    .text               c_w.l(_rserrno.o)
    0x08000376   0x0000004e   Code   RO         2715    .text               c_w.l(_printf_pad.o)
    0x080003c4   0x00000024   Code   RO         2717    .text               c_w.l(_printf_truncate.o)
    0x080003e8   0x00000052   Code   RO         2719    .text               c_w.l(_printf_str.o)
    0x0800043a   0x00000002   PAD
    0x0800043c   0x00000078   Code   RO         2721    .text               c_w.l(_printf_dec.o)
    0x080004b4   0x00000028   Code   RO         2723    .text               c_w.l(_printf_charcount.o)
    0x080004dc   0x00000030   Code   RO         2725    .text               c_w.l(_printf_char_common.o)
    0x0800050c   0x0000000a   Code   RO         2727    .text               c_w.l(_sputc.o)
    0x08000516   0x00000002   PAD
    0x08000518   0x000000bc   Code   RO         2729    .text               c_w.l(_printf_wctomb.o)
    0x080005d4   0x0000007c   Code   RO         2732    .text               c_w.l(_printf_longlong_dec.o)
    0x08000650   0x00000070   Code   RO         2738    .text               c_w.l(_printf_oct_int_ll.o)
    0x080006c0   0x00000094   Code   RO         2758    .text               c_w.l(_printf_hex_int_ll_ptr.o)
    0x08000754   0x00000188   Code   RO         2778    .text               c_w.l(__printf_flags_ss_wp.o)
    0x080008dc   0x00000008   Code   RO         2915    .text               c_w.l(rt_errno_addr_intlibspace.o)
    0x080008e4   0x0000008a   Code   RO         2917    .text               c_w.l(lludiv10.o)
    0x0800096e   0x000000b2   Code   RO         2919    .text               c_w.l(_printf_intcommon.o)
    0x08000a20   0x0000041a   Code   RO         2921    .text               c_w.l(_printf_fp_dec.o)
    0x08000e3a   0x00000002   PAD
    0x08000e3c   0x000002fc   Code   RO         2923    .text               c_w.l(_printf_fp_hex.o)
    0x08001138   0x0000002c   Code   RO         2928    .text               c_w.l(_printf_char.o)
    0x08001164   0x0000002c   Code   RO         2930    .text               c_w.l(_printf_wchar.o)
    0x08001190   0x00000040   Code   RO         2933    .text               c_w.l(_wcrtomb.o)
    0x080011d0   0x00000008   Code   RO         2949    .text               c_w.l(libspace.o)
    0x080011d8   0x0000004a   Code   RO         2952    .text               c_w.l(sys_stackheap_outer.o)
    0x08001222   0x00000002   PAD
    0x08001224   0x00000010   Code   RO         2954    .text               c_w.l(rt_ctype_table.o)
    0x08001234   0x00000008   Code   RO         2959    .text               c_w.l(rt_locale_intlibspace.o)
    0x0800123c   0x00000080   Code   RO         2961    .text               c_w.l(_printf_fp_infnan.o)
    0x080012bc   0x000000dc   Code   RO         2963    .text               c_w.l(bigflt0.o)
    0x08001398   0x0000000c   Code   RO         2991    .text               c_w.l(exit.o)
    0x080013a4   0x00000080   Code   RO         3010    .text               c_w.l(strcmpv7m.o)
    0x08001424   0x0000000c   Code   RO         3070    .text               c_w.l(sys_exit.o)
    0x08001430   0x00000002   Code   RO         3081    .text               c_w.l(use_no_semi.o)
    0x08001432   0x00000000   Code   RO         3083    .text               c_w.l(indicate_semi.o)
    0x08001432   0x0000003e   Code   RO         2966    CL$$btod_d2e        c_w.l(btod.o)
    0x08001470   0x00000046   Code   RO         2968    CL$$btod_d2e_denorm_low  c_w.l(btod.o)
    0x080014b6   0x00000060   Code   RO         2967    CL$$btod_d2e_norm_op1  c_w.l(btod.o)
    0x08001516   0x00000338   Code   RO         2976    CL$$btod_div_common  c_w.l(btod.o)
    0x0800184e   0x000000c6   Code   RO         2973    CL$$btod_e2e        c_w.l(btod.o)
    0x08001914   0x00000028   Code   RO         2970    CL$$btod_ediv       c_w.l(btod.o)
    0x0800193c   0x00000028   Code   RO         2969    CL$$btod_emul       c_w.l(btod.o)
    0x08001964   0x00000244   Code   RO         2975    CL$$btod_mult_common  c_w.l(btod.o)
    0x08001ba8   0x00000274   Code   RO         2338    i.AHRS_GetQ         ahrs.o
    0x08001e1c   0x000001c8   Code   RO         2339    i.AHRS_Geteuler     ahrs.o
    0x08001fe4   0x00000178   Code   RO         2340    i.AHRS_getValues    ahrs.o
    0x0800215c   0x00000078   Code   RO          327    i.Accl_OFFSET       mpu6050.o
    0x080021d4   0x00000200   Code   RO         2457    i.Attitude_RatePID  control.o
    0x080023d4   0x000003b4   Code   RO          606    i.BluetoothDecode   hc05.o
    0x08002788   0x00000004   Code   RO          745    i.BusFault_Handler  stm32f10x_it.o
    0x0800278c   0x0000019c   Code   RO         2458    i.CONTROL           control.o
    0x08002928   0x00000002   Code   RO          746    i.DebugMon_Handler  stm32f10x_it.o
    0x0800292a   0x00000002   PAD
    0x0800292c   0x0000002c   Code   RO         2248    i.Degree            algorithm_math.o
    0x08002958   0x00000136   Code   RO          222    i.Dis_Float         oled.o
    0x08002a8e   0x00000066   Code   RO          223    i.Dis_int           oled.o
    0x08002af4   0x000000c4   Code   RO          328    i.Fuse_RegValue     mpu6050.o
    0x08002bb8   0x00000116   Code   RO         1094    i.GPIO_Init         stm32f10x_gpio.o
    0x08002cce   0x00000002   PAD
    0x08002cd0   0x00000090   Code   RO         1096    i.GPIO_PinRemapConfig  stm32f10x_gpio.o
    0x08002d60   0x00000012   Code   RO         1098    i.GPIO_ReadInputDataBit  stm32f10x_gpio.o
    0x08002d72   0x00000004   Code   RO         1101    i.GPIO_ResetBits    stm32f10x_gpio.o
    0x08002d76   0x00000004   Code   RO         1102    i.GPIO_SetBits      stm32f10x_gpio.o
    0x08002d7a   0x00000002   PAD
    0x08002d7c   0x00000190   Code   RO          458    i.HMC5883lRead      hmc5883.o
    0x08002f0c   0x00000004   Code   RO          747    i.HardFault_Handler  stm32f10x_it.o
    0x08002f10   0x00000324   Code   RO         2529    i.Height_Ctrl       ultracontrol.o
    0x08003234   0x0000003c   Code   RO          374    i.I2C_Ack           iic.o
    0x08003270   0x00000048   Code   RO          375    i.I2C_INIT          iic.o
    0x080032b8   0x0000003c   Code   RO          376    i.I2C_NoAck         iic.o
    0x080032f4   0x00000058   Code   RO          377    i.I2C_RadeByte      iic.o
    0x0800334c   0x0000005c   Code   RO          378    i.I2C_SendByte      iic.o
    0x080033a8   0x00000060   Code   RO          379    i.I2C_Start         iic.o
    0x08003408   0x0000003c   Code   RO          380    i.I2C_Stop          iic.o
    0x08003444   0x0000005c   Code   RO          381    i.I2C_WaitAck       iic.o
    0x080034a0   0x00000004   Code   RO          382    i.I2C_delay         iic.o
    0x080034a4   0x000000f2   Code   RO         2369    i.IIR_I_Filter      filter.o
    0x08003596   0x00000002   PAD
    0x08003598   0x00000078   Code   RO            2    i.Init              main.o
    0x08003610   0x00000044   Code   RO          459    i.Init_HMC5883L     hmc5883.o
    0x08003654   0x00000044   Code   RO         2249    i.IntToStr          algorithm_math.o
    0x08003698   0x00000032   Code   RO         2371    i.LPF_1st           filter.o
    0x080036ca   0x00000002   PAD
    0x080036cc   0x00000050   Code   RO          210    i.Led_Init          led.o
    0x0800371c   0x00000080   Code   RO         2530    i.LockForKeepHigh   ultracontrol.o
    0x0800379c   0x0000024c   Code   RO          329    i.MPU6050_Cali      mpu6050.o
    0x080039e8   0x00000048   Code   RO          330    i.MPU6050_Init      mpu6050.o
    0x08003a30   0x000000b0   Code   RO          331    i.MPU6050_READ      mpu6050.o
    0x08003ae0   0x00000320   Code   RO          460    i.Mag_Calibration   hmc5883.o
    0x08003e00   0x00000004   Code   RO          748    i.MemManage_Handler  stm32f10x_it.o
    0x08003e04   0x000000b0   Code   RO         2459    i.Motor_Conter      control.o
    0x08003eb4   0x0000006c   Code   RO         2372    i.Moving_Average    filter.o
    0x08003f20   0x000000c0   Code   RO         2373    i.Moving_Median     filter.o
    0x08003fe0   0x00000064   Code   RO          383    i.Multiple_Read     iic.o
    0x08004044   0x00000002   Code   RO          749    i.NMI_Handler       stm32f10x_it.o
    0x08004046   0x00000002   PAD
    0x08004048   0x00000070   Code   RO          852    i.NVIC_Init         misc.o
    0x080040b8   0x00000014   Code   RO          853    i.NVIC_PriorityGroupConfig  misc.o
    0x080040cc   0x00000018   Code   RO          226    i.OLED_DLY_ms       oled.o
    0x080040e4   0x0000003a   Code   RO          227    i.OLED_Fill         oled.o
    0x0800411e   0x00000002   PAD
    0x08004120   0x00000118   Code   RO          228    i.OLED_Init         oled.o
    0x08004238   0x00000064   Code   RO          230    i.OLED_P6x8Str      oled.o
    0x0800429c   0x00000088   Code   RO          231    i.OLED_P8x16Str     oled.o
    0x08004324   0x00000024   Code   RO          233    i.OLED_Set_Pos      oled.o
    0x08004348   0x00000060   Code   RO          234    i.OLED_WR_Byte      oled.o
    0x080043a8   0x00000058   Code   RO          235    i.OLED_WrCmd        oled.o
    0x08004400   0x0000005c   Code   RO          236    i.OLED_WrDat        oled.o
    0x0800445c   0x000000b4   Code   RO          576    i.PWM_IN_Config     ultrasonic.o
    0x08004510   0x00000002   Code   RO          750    i.PendSV_Handler    stm32f10x_it.o
    0x08004512   0x00000002   PAD
    0x08004514   0x00000050   Code   RO         2250    i.Q_rsqrt           algorithm_math.o
    0x08004564   0x0000007a   Code   RO         2416    i.Quaternion_Normalize  algorithm_quaternion.o
    0x080045de   0x00000120   Code   RO         2417    i.Quaternion_RungeKutta  algorithm_quaternion.o
    0x080046fe   0x00000002   PAD
    0x08004700   0x00000134   Code   RO         2418    i.Quaternion_ToAngE  algorithm_quaternion.o
    0x08004834   0x00000094   Code   RO         2420    i.Quaternion_vectorGravity  algorithm_quaternion.o
    0x080048c8   0x00000020   Code   RO          890    i.RCC_APB1PeriphClockCmd  stm32f10x_rcc.o
    0x080048e8   0x00000020   Code   RO          891    i.RCC_APB1PeriphResetCmd  stm32f10x_rcc.o
    0x08004908   0x00000020   Code   RO          892    i.RCC_APB2PeriphClockCmd  stm32f10x_rcc.o
    0x08004928   0x00000020   Code   RO          893    i.RCC_APB2PeriphResetCmd  stm32f10x_rcc.o
    0x08004948   0x000000d8   Code   RO          900    i.RCC_GetClocksFreq  stm32f10x_rcc.o
    0x08004a20   0x0000002c   Code   RO         2251    i.Rad               algorithm_math.o
    0x08004a4c   0x00000018   Code   RO         2460    i.Reset_Integral    control.o
    0x08004a64   0x00000002   Code   RO          751    i.SVC_Handler       stm32f10x_it.o
    0x08004a66   0x00000008   Code   RO          808    i.SetSysClock       system_stm32f10x.o
    0x08004a6e   0x00000002   PAD
    0x08004a70   0x000000e0   Code   RO          809    i.SetSysClockTo72   system_stm32f10x.o
    0x08004b50   0x00000050   Code   RO          384    i.Single_Read       iic.o
    0x08004ba0   0x00000046   Code   RO          385    i.Single_Write      iic.o
    0x08004be6   0x00000002   Code   RO          752    i.SysTick_Handler   stm32f10x_it.o
    0x08004be8   0x00000060   Code   RO          811    i.SystemInit        system_stm32f10x.o
    0x08004c48   0x00000080   Code   RO         1436    i.TI1_Config        stm32f10x_tim.o
    0x08004cc8   0x00000098   Code   RO         1437    i.TI2_Config        stm32f10x_tim.o
    0x08004d60   0x00000090   Code   RO         1438    i.TI3_Config        stm32f10x_tim.o
    0x08004df0   0x00000098   Code   RO         1439    i.TI4_Config        stm32f10x_tim.o
    0x08004e88   0x00000010   Code   RO          507    i.TIM2_IRQHandler   stm32it.o
    0x08004e98   0x00000134   Code   RO          508    i.TIM3_IRQHandler   stm32it.o
    0x08004fcc   0x000000c4   Code   RO          539    i.TIM4_PWM_Init     motor.o
    0x08005090   0x0000006c   Code   RO          490    i.TIM5_Config       timer.o
    0x080050fc   0x00000088   Code   RO          509    i.TIM5_IRQHandler   stm32it.o
    0x08005184   0x00000018   Code   RO         1440    i.TIM_ARRPreloadConfig  stm32f10x_tim.o
    0x0800519c   0x00000006   Code   RO         1446    i.TIM_ClearFlag     stm32f10x_tim.o
    0x080051a2   0x00000006   Code   RO         1447    i.TIM_ClearITPendingBit  stm32f10x_tim.o
    0x080051a8   0x00000018   Code   RO         1452    i.TIM_Cmd           stm32f10x_tim.o
    0x080051c0   0x000001e8   Code   RO         1457    i.TIM_DeInit        stm32f10x_tim.o
    0x080053a8   0x00000008   Code   RO         1470    i.TIM_GetCapture4   stm32f10x_tim.o
    0x080053b0   0x00000022   Code   RO         1473    i.TIM_GetITStatus   stm32f10x_tim.o
    0x080053d2   0x00000002   PAD
    0x080053d4   0x000000ac   Code   RO         1475    i.TIM_ICInit        stm32f10x_tim.o
    0x08005480   0x00000012   Code   RO         1477    i.TIM_ITConfig      stm32f10x_tim.o
    0x08005492   0x00000002   PAD
    0x08005494   0x00000098   Code   RO         1481    i.TIM_OC1Init       stm32f10x_tim.o
    0x0800552c   0x00000012   Code   RO         1484    i.TIM_OC1PreloadConfig  stm32f10x_tim.o
    0x0800553e   0x00000002   PAD
    0x08005540   0x000000a4   Code   RO         1486    i.TIM_OC2Init       stm32f10x_tim.o
    0x080055e4   0x0000001a   Code   RO         1489    i.TIM_OC2PreloadConfig  stm32f10x_tim.o
    0x080055fe   0x00000002   PAD
    0x08005600   0x000000a0   Code   RO         1491    i.TIM_OC3Init       stm32f10x_tim.o
    0x080056a0   0x00000012   Code   RO         1494    i.TIM_OC3PreloadConfig  stm32f10x_tim.o
    0x080056b2   0x00000002   PAD
    0x080056b4   0x0000007c   Code   RO         1496    i.TIM_OC4Init       stm32f10x_tim.o
    0x08005730   0x0000001a   Code   RO         1497    i.TIM_OC4PolarityConfig  stm32f10x_tim.o
    0x0800574a   0x0000001a   Code   RO         1498    i.TIM_OC4PreloadConfig  stm32f10x_tim.o
    0x08005764   0x00000004   Code   RO         1513    i.TIM_SetCompare1   stm32f10x_tim.o
    0x08005768   0x00000004   Code   RO         1514    i.TIM_SetCompare2   stm32f10x_tim.o
    0x0800576c   0x00000004   Code   RO         1515    i.TIM_SetCompare3   stm32f10x_tim.o
    0x08005770   0x00000006   Code   RO         1516    i.TIM_SetCompare4   stm32f10x_tim.o
    0x08005776   0x00000012   Code   RO         1518    i.TIM_SetIC1Prescaler  stm32f10x_tim.o
    0x08005788   0x0000001a   Code   RO         1519    i.TIM_SetIC2Prescaler  stm32f10x_tim.o
    0x080057a2   0x00000012   Code   RO         1520    i.TIM_SetIC3Prescaler  stm32f10x_tim.o
    0x080057b4   0x0000001a   Code   RO         1521    i.TIM_SetIC4Prescaler  stm32f10x_tim.o
    0x080057ce   0x00000002   PAD
    0x080057d0   0x000000a4   Code   RO         1523    i.TIM_TimeBaseInit  stm32f10x_tim.o
    0x08005874   0x00000048   Code   RO         2461    i.Thr_Ctrl          control.o
    0x080058bc   0x00000024   Code   RO          607    i.USART3_IRQHandler  hc05.o
    0x080058e0   0x00000018   Code   RO         1260    i.USART_Cmd         stm32f10x_usart.o
    0x080058f8   0x0000009c   Code   RO         1262    i.USART_DeInit      stm32f10x_usart.o
    0x08005994   0x0000001a   Code   RO         1263    i.USART_GetFlagStatus  stm32f10x_usart.o
    0x080059ae   0x00000054   Code   RO         1264    i.USART_GetITStatus  stm32f10x_usart.o
    0x08005a02   0x0000004a   Code   RO         1266    i.USART_ITConfig    stm32f10x_usart.o
    0x08005a4c   0x000000d8   Code   RO         1267    i.USART_Init        stm32f10x_usart.o
    0x08005b24   0x0000000a   Code   RO         1274    i.USART_ReceiveData  stm32f10x_usart.o
    0x08005b2e   0x00000008   Code   RO         1277    i.USART_SendData    stm32f10x_usart.o
    0x08005b36   0x00000002   PAD
    0x08005b38   0x00000138   Code   RO         2531    i.Ultra_Ctrl        ultracontrol.o
    0x08005c70   0x0000001c   Code   RO         2532    i.Ultra_PID_Init    ultracontrol.o
    0x08005c8c   0x00000318   Code   RO         2533    i.Ultra_dataporcess  ultracontrol.o
    0x08005fa4   0x00000034   Code   RO          577    i.Ultrasonic_Config  ultrasonic.o
    0x08005fd8   0x00000004   Code   RO          753    i.UsageFault_Handler  stm32f10x_it.o
    0x08005fdc   0x0000004c   Code   RO         2253    i.VariableParameter  algorithm_math.o
    0x08006028   0x00000034   Code   RO         2534    i.WZ_Speed_PID_Init  ultracontrol.o
    0x0800605c   0x00000028   Code   RO         2945    i.__ARM_fpclassify  m_ws.l(fpclassify.o)
    0x08006084   0x00000026   Code   RO         2858    i.__ARM_fpclassifyf  m_ws.l(fpclassifyf.o)
    0x080060aa   0x00000002   PAD
    0x080060ac   0x00000388   Code   RO         2875    i.__ieee754_rem_pio2  m_ws.l(rred.o)
    0x08006434   0x000000fc   Code   RO         2841    i.__kernel_cos      m_ws.l(cos_i.o)
    0x08006530   0x000000aa   Code   RO         2947    i.__kernel_poly     m_ws.l(poly.o)
    0x080065da   0x00000002   PAD
    0x080065dc   0x000000ec   Code   RO         2883    i.__kernel_sin      m_ws.l(sin_i.o)
    0x080066c8   0x00000006   Code   RO         2845    i.__mathlib_dbl_infnan  m_ws.l(dunder.o)
    0x080066ce   0x00000004   Code   RO         2846    i.__mathlib_dbl_infnan2  m_ws.l(dunder.o)
    0x080066d2   0x0000000c   Code   RO         2847    i.__mathlib_dbl_invalid  m_ws.l(dunder.o)
    0x080066de   0x00000002   PAD
    0x080066e0   0x00000010   Code   RO         2850    i.__mathlib_dbl_underflow  m_ws.l(dunder.o)
    0x080066f0   0x00000006   Code   RO         2861    i.__mathlib_flt_infnan  m_ws.l(funder.o)
    0x080066f6   0x00000004   Code   RO         2862    i.__mathlib_flt_infnan2  m_ws.l(funder.o)
    0x080066fa   0x00000008   Code   RO         2863    i.__mathlib_flt_invalid  m_ws.l(funder.o)
    0x08006702   0x0000000a   Code   RO         2866    i.__mathlib_flt_underflow  m_ws.l(funder.o)
    0x0800670c   0x0000000e   Code   RO         2771    i._is_digit         c_w.l(__printf_wp.o)
    0x0800671a   0x00000018   Code   RO         2255    i.array_assign      algorithm_math.o
    0x08006732   0x00000002   PAD
    0x08006734   0x00000124   Code   RO         2647    i.asinf             m_ws.l(asinf.o)
    0x08006858   0x00000220   Code   RO         2832    i.atan              m_ws.l(atan.o)
    0x08006a78   0x00000180   Code   RO         2655    i.atan2             m_ws.l(atan2.o)
    0x08006bf8   0x0000025c   Code   RO         2663    i.atan2f            m_ws.l(atan2f.o)
    0x08006e54   0x0000009c   Code   RO         2671    i.cos               m_ws.l(cos.o)
    0x08006ef0   0x00000026   Code   RO         2259    i.data_limit        algorithm_math.o
    0x08006f16   0x0000000e   Code   RO          386    i.delay5ms          iic.o
    0x08006f24   0x00000040   Code   RO          709    i.delay_init        sys.o
    0x08006f64   0x0000002a   Code   RO          710    i.delay_ms          sys.o
    0x08006f8e   0x00000002   PAD
    0x08006f90   0x00000168   Code   RO         2535    i.height_speed_ctrl  ultracontrol.o
    0x080070f8   0x0000005c   Code   RO            4    i.main              main.o
    0x08007154   0x000000b0   Code   RO          541    i.moto_PwmRflash    motor.o
    0x08007204   0x00000030   Code   RO          543    i.moto_STOP         motor.o
    0x08007234   0x00000016   Code   RO          237    i.mypow             oled.o
    0x0800724a   0x00000002   PAD
    0x0800724c   0x00000084   Code   RO            5    i.paramLoad         main.o
    0x080072d0   0x000000a0   Code   RO         2687    i.sin               m_ws.l(sin.o)
    0x08007370   0x0000004c   Code   RO         2703    i.sqrt              m_ws.l(sqrt.o)
    0x080073bc   0x0000002c   Code   RO         2890    i.sqrtf             m_ws.l(sqrtf.o)
    0x080073e8   0x00000050   Code   RO          608    i.u3_printf         hc05.o
    0x08007438   0x000000c4   Code   RO          609    i.usart3_init       hc05.o
    0x080074fc   0x0000002c   Code   RO         2989    locale$$code        c_w.l(lc_numeric_c.o)
    0x08007528   0x0000002c   Code   RO         3008    locale$$code        c_w.l(lc_ctype_c.o)
    0x08007554   0x00000062   Code   RO         2594    x$fpl$d2f           fz_ws.l(d2f.o)
    0x080075b6   0x00000002   PAD
    0x080075b8   0x00000150   Code   RO         2596    x$fpl$dadd          fz_ws.l(daddsub_clz.o)
    0x08007708   0x00000010   Code   RO         2999    x$fpl$dcheck1       fz_ws.l(dcheck1.o)
    0x08007718   0x000002b0   Code   RO         2603    x$fpl$ddiv          fz_ws.l(ddiv.o)
    0x080079c8   0x0000005e   Code   RO         2935    x$fpl$dfix          fz_ws.l(dfix.o)
    0x08007a26   0x0000002e   Code   RO         2607    x$fpl$dflt          fz_ws.l(dflt_clz.o)
    0x08007a54   0x00000026   Code   RO         2606    x$fpl$dfltu         fz_ws.l(dflt_clz.o)
    0x08007a7a   0x00000002   PAD
    0x08007a7c   0x00000154   Code   RO         2614    x$fpl$dmul          fz_ws.l(dmul.o)
    0x08007bd0   0x0000009c   Code   RO         2806    x$fpl$dnaninf       fz_ws.l(dnaninf.o)
    0x08007c6c   0x0000000c   Code   RO         2808    x$fpl$dretinf       fz_ws.l(dretinf.o)
    0x08007c78   0x00000016   Code   RO         2597    x$fpl$drsb          fz_ws.l(daddsub_clz.o)
    0x08007c8e   0x00000002   PAD
    0x08007c90   0x000001cc   Code   RO         2810    x$fpl$dsqrt         fz_ws.l(dsqrt_noumaal.o)
    0x08007e5c   0x000001d4   Code   RO         2598    x$fpl$dsub          fz_ws.l(daddsub_clz.o)
    0x08008030   0x00000056   Code   RO         2618    x$fpl$f2d           fz_ws.l(f2d.o)
    0x08008086   0x00000002   PAD
    0x08008088   0x000000c4   Code   RO         2620    x$fpl$fadd          fz_ws.l(faddsub_clz.o)
    0x0800814c   0x0000000c   Code   RO         2939    x$fpl$fcheck1       fz_ws.l(fcheck1.o)
    0x08008158   0x00000018   Code   RO         2812    x$fpl$fcmpinf       fz_ws.l(fcmpi.o)
    0x08008170   0x00000184   Code   RO         2627    x$fpl$fdiv          fz_ws.l(fdiv.o)
    0x080082f4   0x00000036   Code   RO         2630    x$fpl$ffix          fz_ws.l(ffix.o)
    0x0800832a   0x00000002   PAD
    0x0800832c   0x00000030   Code   RO         2635    x$fpl$fflt          fz_ws.l(fflt_clz.o)
    0x0800835c   0x00000026   Code   RO         2634    x$fpl$ffltu         fz_ws.l(fflt_clz.o)
    0x08008382   0x00000002   PAD
    0x08008384   0x00000068   Code   RO         2640    x$fpl$fleqf         fz_ws.l(fleqf.o)
    0x080083ec   0x00000102   Code   RO         2642    x$fpl$fmul          fz_ws.l(fmul.o)
    0x080084ee   0x0000008c   Code   RO         2814    x$fpl$fnaninf       fz_ws.l(fnaninf.o)
    0x0800857a   0x0000000a   Code   RO         2816    x$fpl$fretinf       fz_ws.l(fretinf.o)
    0x08008584   0x00000062   Code   RO         2644    x$fpl$frleqf        fz_ws.l(frleqf.o)
    0x080085e6   0x00000014   Code   RO         2621    x$fpl$frsb          fz_ws.l(faddsub_clz.o)
    0x080085fa   0x00000002   PAD
    0x080085fc   0x00000110   Code   RO         2941    x$fpl$fsqrt         fz_ws.l(fsqrt.o)
    0x0800870c   0x000000ea   Code   RO         2622    x$fpl$fsub          fz_ws.l(faddsub_clz.o)
    0x080087f6   0x00000004   Code   RO         2820    x$fpl$printf1       fz_ws.l(printf1.o)
    0x080087fa   0x00000004   Code   RO         2822    x$fpl$printf2       fz_ws.l(printf2.o)
    0x080087fe   0x00000064   Code   RO         3003    x$fpl$retnan        fz_ws.l(retnan.o)
    0x08008862   0x0000005c   Code   RO         2943    x$fpl$scalbn        fz_ws.l(scalbn.o)
    0x080088be   0x0000004c   Code   RO         2828    x$fpl$scalbnf       fz_ws.l(scalbnf.o)
    0x0800890a   0x00000030   Code   RO         3057    x$fpl$trapveneer    fz_ws.l(trapv.o)
    0x0800893a   0x00000000   Code   RO         2830    x$fpl$usenofp       fz_ws.l(usenofp.o)
    0x0800893a   0x00000ee9   Data   RO          238    .constdata          oled.o
    0x08009823   0x00000001   PAD
    0x08009824   0x00000008   Data   RO         2730    .constdata          c_w.l(_printf_wctomb.o)
    0x0800982c   0x00000028   Data   RO         2759    .constdata          c_w.l(_printf_hex_int_ll_ptr.o)
    0x08009854   0x00000011   Data   RO         2779    .constdata          c_w.l(__printf_flags_ss_wp.o)
    0x08009865   0x00000003   PAD
    0x08009868   0x00000098   Data   RO         2833    .constdata          m_ws.l(atan.o)
    0x08009900   0x00000030   Data   RO         2842    .constdata          m_ws.l(cos_i.o)
    0x08009930   0x00000008   Data   RO         2874    .constdata          m_ws.l(qnan.o)
    0x08009938   0x000000c8   Data   RO         2877    .constdata          m_ws.l(rred.o)
    0x08009a00   0x00000028   Data   RO         2884    .constdata          m_ws.l(sin_i.o)
    0x08009a28   0x00000026   Data   RO         2924    .constdata          c_w.l(_printf_fp_hex.o)
    0x08009a4e   0x00000002   PAD
    0x08009a50   0x00000094   Data   RO         2964    .constdata          c_w.l(bigflt0.o)
    0x08009ae4   0x00000020   Data   RO         3135    Region$$Table       anon$$obj.o
    0x08009b04   0x0000001c   Data   RO         2988    locale$$data        c_w.l(lc_numeric_c.o)
    0x08009b20   0x00000110   Data   RO         3007    locale$$data        c_w.l(lc_ctype_c.o)


    Execution Region RW_IRAM1 (Base: 0x20000000, Size: 0x00000ff8, Max: 0x0000c000, ABSOLUTE, COMPRESSED[0x00000060])

    Base Addr    Size         Type   Attr      Idx    E Section Name        Object

    0x20000000   0x00000001   Data   RW          333    .data               mpu6050.o
    0x20000001   0x00000003   PAD
    0x20000004   0x00000018   Data   RW          462    .data               hmc5883.o
    0x2000001c   0x00000016   Data   RW          511    .data               stm32it.o
    0x20000032   0x00000001   Data   RW          544    .data               motor.o
    0x20000033   0x00000001   PAD
    0x20000034   0x00000016   Data   RW          579    .data               ultrasonic.o
    0x2000004a   0x00000011   Data   RW          611    .data               hc05.o
    0x2000005b   0x00000001   PAD
    0x2000005c   0x00000004   Data   RW          712    .data               sys.o
    0x20000060   0x00000014   Data   RW          920    .data               stm32f10x_rcc.o
    0x20000074   0x00000004   PAD
    0x20000078   0x0000008c   Data   RW         2342    .data               ahrs.o
    0x20000104   0x00000004   PAD
    0x20000108   0x00000058   Data   RW         2376    .data               filter.o
    0x20000160   0x00000024   Data   RW         2467    .data               control.o
    0x20000184   0x0000004c   Data   RW         2537    .data               ultracontrol.o
    0x200001d0   0x0000001b   Zero   RW            6    .bss                main.o
    0x200001eb   0x00000001   PAD
    0x200001ec   0x00000076   Zero   RW          332    .bss                mpu6050.o
    0x20000262   0x00000002   PAD
    0x20000264   0x00000024   Zero   RW          461    .bss                hmc5883.o
    0x20000288   0x0000000c   Zero   RW          510    .bss                stm32it.o
    0x20000294   0x00000004   PAD
    0x20000298   0x00000320   Zero   RW          610    .bss                hc05.o
    0x200005b8   0x00000114   Zero   RW         2341    .bss                ahrs.o
    0x200006cc   0x000000c0   Zero   RW         2375    .bss                filter.o
    0x2000078c   0x000000e8   Zero   RW         2466    .bss                control.o
    0x20000874   0x00000124   Zero   RW         2536    .bss                ultracontrol.o
    0x20000998   0x00000060   Zero   RW         2950    .bss                c_w.l(libspace.o)
    0x200009f8   0x00000200   Zero   RW          700    HEAP                startup_stm32f10x_hd.o
    0x20000bf8   0x00000400   Zero   RW          699    STACK               startup_stm32f10x_hd.o


==============================================================================

Image component sizes


      Code (inc. data)   RO Data    RW Data    ZI Data      Debug   Object Name

      1460        114          0        140        276       3058   ahrs.o
       374         30          0          0          0       4404   algorithm_math.o
       866          6          0          0          0       3206   algorithm_quaternion.o
      1196         78          0         36        232       4591   control.o
       592          8          0         88        192       5336   filter.o
      1260        124          0         17        800       4022   hc05.o
      1268        112          0         24         36       2858   hmc5883.o
       888         42          0          0          0       7012   iic.o
        80          8          0          0          0        471   led.o
       344         50          0          0         27     255781   main.o
       132         22          0          0          0       1439   misc.o
       420         22          0          1          0       2009   motor.o
      1152        110          0          1        118       6229   mpu6050.o
      1344         30       3817          0          0       8121   oled.o
        64         26        304          0       1536        812   startup_stm32f10x_hd.o
       448          6          0          0          0       4258   stm32f10x_gpio.o
        26          0          0          0          0       3646   stm32f10x_it.o
       344         48          0         20          0       5368   stm32f10x_rcc.o
      2340        264          0          0          0      18689   stm32f10x_tim.o
       598         28          0          0          0       6404   stm32f10x_usart.o
       460         72          0         22         12       3549   stm32it.o
       106          8          0          4          0       1036   sys.o
       328         28          0          0          0       1781   system_stm32f10x.o
       108          6          0          0          0        542   timer.o
      2476        308          0         76        292       6555   ultracontrol.o
       232         16          0         22          0       1749   ultrasonic.o

    ----------------------------------------------------------------------
     18946       1566       4154        464       3528     362926   Object Totals
         0          0         32          0          0          0   (incl. Generated)
        40          0          1         13          7          0   (incl. Padding)

    ----------------------------------------------------------------------

      Code (inc. data)   RO Data    RW Data    ZI Data      Debug   Library Member Name

        90          0          0          0          0          0   __dczerorl2.o
         8          0          0          0          0         68   __main.o
       392          4         17          0          0         92   __printf_flags_ss_wp.o
        14          0          0          0          0         68   __printf_wp.o
         0          0          0          0          0          0   __rtentry.o
        12          0          0          0          0          0   __rtentry2.o
         6          0          0          0          0          0   __rtentry4.o
        52          8          0          0          0          0   __scatter.o
        28          0          0          0          0          0   __scatter_zi.o
         6          0          0          0          0          0   _printf_a.o
         6          0          0          0          0          0   _printf_c.o
        44          0          0          0          0        108   _printf_char.o
        48          6          0          0          0         96   _printf_char_common.o
        40          0          0          0          0         68   _printf_charcount.o
         6          0          0          0          0          0   _printf_d.o
       120         16          0          0          0         92   _printf_dec.o
         6          0          0          0          0          0   _printf_e.o
         6          0          0          0          0          0   _printf_f.o
      1050          0          0          0          0        216   _printf_fp_dec.o
       764         10         38          0          0        100   _printf_fp_hex.o
       128         16          0          0          0         84   _printf_fp_infnan.o
         6          0          0          0          0          0   _printf_g.o
       148          4         40          0          0        160   _printf_hex_int_ll_ptr.o
         6          0          0          0          0          0   _printf_i.o
       178          0          0          0          0         88   _printf_intcommon.o
        10          0          0          0          0          0   _printf_l.o
         6          0          0          0          0          0   _printf_lc.o
        10          0          0          0          0          0   _printf_ll.o
         6          0          0          0          0          0   _printf_lld.o
         6          0          0          0          0          0   _printf_lli.o
         6          0          0          0          0          0   _printf_llo.o
         6          0          0          0          0          0   _printf_llu.o
         6          0          0          0          0          0   _printf_llx.o
       124         16          0          0          0         92   _printf_longlong_dec.o
         6          0          0          0          0          0   _printf_ls.o
         6          0          0          0          0          0   _printf_n.o
         6          0          0          0          0          0   _printf_o.o
       112          8          0          0          0        124   _printf_oct_int_ll.o
         6          0          0          0          0          0   _printf_p.o
        78          0          0          0          0        108   _printf_pad.o
         0          0          0          0          0          0   _printf_percent.o
         4          0          0          0          0          0   _printf_percent_end.o
         6          0          0          0          0          0   _printf_s.o
        82          0          0          0          0         80   _printf_str.o
        36          0          0          0          0         84   _printf_truncate.o
         6          0          0          0          0          0   _printf_u.o
        44          0          0          0          0        108   _printf_wchar.o
       188          6          8          0          0         92   _printf_wctomb.o
         6          0          0          0          0          0   _printf_x.o
        22          0          0          0          0        100   _rserrno.o
        10          0          0          0          0         68   _sputc.o
        64          0          0          0          0         92   _wcrtomb.o
       220          4        148          0          0         96   bigflt0.o
      1910        128          0          0          0        672   btod.o
        12          0          0          0          0         72   exit.o
         6          0          0          0          0        152   heapauxi.o
         0          0          0          0          0          0   indicate_semi.o
        44         10        272          0          0         76   lc_ctype_c.o
        44         10         28          0          0         76   lc_numeric_c.o
         2          0          0          0          0          0   libinit.o
        30          0          0          0          0          0   libinit2.o
         2          0          0          0          0          0   libshutdown.o
         2          0          0          0          0          0   libshutdown2.o
         8          4          0          0         96         68   libspace.o
       138          0          0          0          0         80   lludiv10.o
        16          4          0          0          0         76   rt_ctype_table.o
         8          4          0          0          0         68   rt_errno_addr_intlibspace.o
         8          4          0          0          0         68   rt_locale_intlibspace.o
         2          0          0          0          0          0   rtexit.o
        10          0          0          0          0          0   rtexit2.o
       128          0          0          0          0         68   strcmpv7m.o
        62          0          0          0          0         76   strlen.o
        12          4          0          0          0         68   sys_exit.o
        74          0          0          0          0         80   sys_stackheap_outer.o
         2          0          0          0          0         68   use_no_semi.o
        36          4          0          0          0         76   vsprintf.o
        98          4          0          0          0         92   d2f.o
       826         16          0          0          0        348   daddsub_clz.o
        16          4          0          0          0         68   dcheck1.o
       688        140          0          0          0        208   ddiv.o
        94          4          0          0          0         92   dfix.o
        84          0          0          0          0        136   dflt_clz.o
       340         12          0          0          0        104   dmul.o
       156          4          0          0          0         92   dnaninf.o
        12          0          0          0          0         68   dretinf.o
       460         56          0          0          0        120   dsqrt_noumaal.o
        86          4          0          0          0         84   f2d.o
       450          8          0          0          0        236   faddsub_clz.o
        12          4          0          0          0         68   fcheck1.o
        24          0          0          0          0         68   fcmpi.o
       388         76          0          0          0         96   fdiv.o
        54          4          0          0          0         84   ffix.o
        86          0          0          0          0        136   fflt_clz.o
       104          4          0          0          0         84   fleqf.o
       258          4          0          0          0         84   fmul.o
       140          4          0          0          0         84   fnaninf.o
        10          0          0          0          0         68   fretinf.o
        98          0          0          0          0         68   frleqf.o
       272        100          0          0          0         88   fsqrt.o
         4          0          0          0          0         68   printf1.o
         4          0          0          0          0         68   printf2.o
       100          0          0          0          0         68   retnan.o
        92          0          0          0          0         68   scalbn.o
        76          0          0          0          0         68   scalbnf.o
        48          0          0          0          0         68   trapv.o
         0          0          0          0          0          0   usenofp.o
       292         38          0          0          0        120   asinf.o
       544         70        152          0          0        124   atan.o
       384         38          0          0          0        144   atan2.o
       604         76          0          0          0        116   atan2f.o
       156          8          0          0          0        104   cos.o
       252         22         48          0          0        124   cos_i.o
        38          6          0          0          0        272   dunder.o
        40          0          0          0          0         68   fpclassify.o
        38          0          0          0          0         68   fpclassifyf.o
        28          0          0          0          0        272   funder.o
       170          0          0          0          0         96   poly.o
         0          0          8          0          0          0   qnan.o
       904         76        200          0          0        140   rred.o
       160         10          0          0          0        108   sin.o
       236         12         40          0          0        128   sin_i.o
        76          0          0          0          0         84   sqrt.o
        44          0          0          0          0         80   sqrtf.o

    ----------------------------------------------------------------------
     15880       1074       1004          0         96       9160   Library Totals
        32          0          5          0          0          0   (incl. Padding)

    ----------------------------------------------------------------------

      Code (inc. data)   RO Data    RW Data    ZI Data      Debug   Library Name

      6802        270        551          0         96       4128   c_w.l
      5080        448          0          0          0       2984   fz_ws.l
      3966        356        448          0          0       2048   m_ws.l

    ----------------------------------------------------------------------
     15880       1074       1004          0         96       9160   Library Totals

    ----------------------------------------------------------------------

==============================================================================


      Code (inc. data)   RO Data    RW Data    ZI Data      Debug   

     34826       2640       5158        464       3624     359550   Grand Totals
     34826       2640       5158         96       3624     359550   ELF Image Totals (compressed)
     34826       2640       5158         96          0          0   ROM Totals

==============================================================================

    Total RO  Size (Code + RO Data)                39984 (  39.05kB)
    Total RW  Size (RW Data + ZI Data)              4088 (   3.99kB)
    Total ROM Size (Code + RO Data + RW Data)      40080 (  39.14kB)

==============================================================================

