Component: ARM Compiler 5.05 update 1 (build 106) Tool: armlink [4d0efa]

==============================================================================

Section Cross References

    main.o(i.Bootloader_Set) refers to stmflash.o(i.STMFLASH_Write) for STMFLASH_Write
    main.o(i.Init) refers to sys.o(i.delay_init) for delay_init
    main.o(i.Init) refers to misc.o(i.NVIC_PriorityGroupConfig) for NVIC_PriorityGroupConfig
    main.o(i.Init) refers to led.o(i.Led_Init) for Led_Init
    main.o(i.Init) refers to oled.o(i.OLED_Init) for OLED_Init
    main.o(i.Init) refers to motor.o(i.TIM4_PWM_Init) for TIM4_PWM_Init
    main.o(i.Init) refers to motor.o(i.moto_STOP) for moto_STOP
    main.o(i.Init) refers to timer.o(i.TIM5_Config) for TIM5_Config
    main.o(i.Init) refers to stm32f10x_tim.o(i.TIM_Cmd) for TIM_Cmd
    main.o(i.Test) refers to mpu6050.o(i.Fuse_RegValue) for Fuse_RegValue
    main.o(i.Test) refers to oled.o(i.OLED_P6x8Str) for OLED_P6x8Str
    main.o(i.Test) refers to oled.o(i.Dis_int) for Dis_int
    main.o(i.Test) refers to hmc5883.o(i.HMC5883lRead) for HMC5883lRead
    main.o(i.Test) refers to sys.o(i.delay_ms) for delay_ms
    main.o(i.Test) refers to mpu6050.o(.bss) for MPU_Data
    main.o(i.Test) refers to hmc5883.o(.data) for hmcdata
    main.o(i.main) refers to main.o(i.Init) for Init
    main.o(i.main) refers to oled.o(i.Dis_Float) for Dis_Float
    main.o(i.main) refers to faddsub_clz.o(x$fpl$fadd) for __aeabi_fadd
    main.o(i.main) refers to oled.o(i.Dis_int) for Dis_int
    main.o(i.main) refers to main.o(.bss) for flag
    main.o(i.main) refers to ahrs.o(.bss) for IMU
    main.o(i.paramLoad) refers to ultracontrol.o(i.WZ_Speed_PID_Init) for WZ_Speed_PID_Init
    main.o(i.paramLoad) refers to ultracontrol.o(i.Ultra_PID_Init) for Ultra_PID_Init
    main.o(i.paramLoad) refers to control.o(.bss) for ctrl
    led.o(i.Led_Init) refers to stm32f10x_rcc.o(i.RCC_APB2PeriphClockCmd) for RCC_APB2PeriphClockCmd
    led.o(i.Led_Init) refers to stm32f10x_gpio.o(i.GPIO_Init) for GPIO_Init
    led.o(i.Led_Init) refers to stm32f10x_gpio.o(i.GPIO_SetBits) for GPIO_SetBits
    oled.o(i.Dis_Float) refers to oled.o(i.mypow) for mypow
    oled.o(i.Dis_Float) refers to fflt_clz.o(x$fpl$ffltu) for __aeabi_ui2f
    oled.o(i.Dis_Float) refers to fmul.o(x$fpl$fmul) for __aeabi_fmul
    oled.o(i.Dis_Float) refers to ffix.o(x$fpl$ffix) for __aeabi_f2iz
    oled.o(i.Dis_Float) refers to oled.o(i.OLED_P6x8Str) for OLED_P6x8Str
    oled.o(i.Dis_int) refers to oled.o(i.mypow) for mypow
    oled.o(i.Dis_int) refers to oled.o(i.OLED_P6x8Str) for OLED_P6x8Str
    oled.o(i.Dis_unint) refers to oled.o(i.mypow) for mypow
    oled.o(i.Dis_unint) refers to oled.o(i.OLED_P6x8Str) for OLED_P6x8Str
    oled.o(i.Draw_Logo) refers to oled.o(i.OLED_Set_Pos) for OLED_Set_Pos
    oled.o(i.Draw_Logo) refers to oled.o(i.OLED_WrDat) for OLED_WrDat
    oled.o(i.Draw_Logo) refers to oled.o(.constdata) for LOGO128x64
    oled.o(i.OLED_Fill) refers to oled.o(i.OLED_WrCmd) for OLED_WrCmd
    oled.o(i.OLED_Fill) refers to oled.o(i.OLED_WrDat) for OLED_WrDat
    oled.o(i.OLED_Init) refers to stm32f10x_rcc.o(i.RCC_APB2PeriphClockCmd) for RCC_APB2PeriphClockCmd
    oled.o(i.OLED_Init) refers to stm32f10x_gpio.o(i.GPIO_Init) for GPIO_Init
    oled.o(i.OLED_Init) refers to stm32f10x_gpio.o(i.GPIO_SetBits) for GPIO_SetBits
    oled.o(i.OLED_Init) refers to stm32f10x_gpio.o(i.GPIO_ResetBits) for GPIO_ResetBits
    oled.o(i.OLED_Init) refers to oled.o(i.OLED_DLY_ms) for OLED_DLY_ms
    oled.o(i.OLED_Init) refers to oled.o(i.OLED_WR_Byte) for OLED_WR_Byte
    oled.o(i.OLED_Init) refers to oled.o(i.OLED_Fill) for OLED_Fill
    oled.o(i.OLED_P14x16Str) refers to oled.o(i.OLED_Set_Pos) for OLED_Set_Pos
    oled.o(i.OLED_P14x16Str) refers to oled.o(i.OLED_WrDat) for OLED_WrDat
    oled.o(i.OLED_P14x16Str) refers to oled.o(.constdata) for F14x16_Idx
    oled.o(i.OLED_P6x8Str) refers to oled.o(i.OLED_Set_Pos) for OLED_Set_Pos
    oled.o(i.OLED_P6x8Str) refers to oled.o(i.OLED_WrDat) for OLED_WrDat
    oled.o(i.OLED_P6x8Str) refers to oled.o(.constdata) for F6x8
    oled.o(i.OLED_P8x16Str) refers to oled.o(i.OLED_Set_Pos) for OLED_Set_Pos
    oled.o(i.OLED_P8x16Str) refers to oled.o(i.OLED_WrDat) for OLED_WrDat
    oled.o(i.OLED_P8x16Str) refers to oled.o(.constdata) for F8X16
    oled.o(i.OLED_Print) refers to oled.o(i.OLED_P14x16Str) for OLED_P14x16Str
    oled.o(i.OLED_Print) refers to oled.o(i.OLED_P8x16Str) for OLED_P8x16Str
    oled.o(i.OLED_Set_Pos) refers to oled.o(i.OLED_WrCmd) for OLED_WrCmd
    oled.o(i.OLED_WR_Byte) refers to stm32f10x_gpio.o(i.GPIO_SetBits) for GPIO_SetBits
    oled.o(i.OLED_WR_Byte) refers to stm32f10x_gpio.o(i.GPIO_ResetBits) for GPIO_ResetBits
    oled.o(i.OLED_WrCmd) refers to stm32f10x_gpio.o(i.GPIO_ResetBits) for GPIO_ResetBits
    oled.o(i.OLED_WrCmd) refers to stm32f10x_gpio.o(i.GPIO_SetBits) for GPIO_SetBits
    oled.o(i.OLED_WrDat) refers to stm32f10x_gpio.o(i.GPIO_SetBits) for GPIO_SetBits
[...]
    y                                        0x20000010   Data           4  hmc5883.o(.data)
    z                                        0x20000014   Data           4  hmc5883.o(.data)
    .data                                    0x20000018   Section        2  stm32it.o(.data)
    get                                      0x20000018   Data           1  stm32it.o(.data)
    situation                                0x20000019   Data           1  stm32it.o(.data)
    .data                                    0x2000001c   Section       22  ultrasonic.o(.data)
    .data                                    0x20000032   Section        6  hc05.o(.data)
    .data                                    0x20000038   Section        4  sys.o(.data)
    fac_us                                   0x20000038   Data           1  sys.o(.data)
    fac_ms                                   0x2000003a   Data           2  sys.o(.data)
    .data                                    0x20000040   Section      140  ahrs.o(.data)
    x                                        0x200000b0   Data           4  ahrs.o(.data)
    y                                        0x200000b4   Data           4  ahrs.o(.data)
    z                                        0x200000b8   Data           4  ahrs.o(.data)
    exInt                                    0x200000bc   Data           4  ahrs.o(.data)
    eyInt                                    0x200000c0   Data           4  ahrs.o(.data)
    ezInt                                    0x200000c4   Data           4  ahrs.o(.data)
    yawold                                   0x200000c8   Data           4  ahrs.o(.data)
    .bss                                     0x200000cc   Section       25  main.o(.bss)
    .bss                                     0x200000e8   Section      118  mpu6050.o(.bss)
    .bss                                     0x20000160   Section       36  hmc5883.o(.bss)
    An                                       0x20000178   Data          12  hmc5883.o(.bss)
    .bss                                     0x20000188   Section      800  hc05.o(.bss)
    .bss                                     0x200004a8   Section      276  ahrs.o(.bss)
    .bss                                     0x200005bc   Section       96  libspace.o(.bss)
    HEAP                                     0x20000620   Section      512  startup_stm32f10x_hd.o(HEAP)
    Heap_Mem                                 0x20000620   Data         512  startup_stm32f10x_hd.o(HEAP)
    STACK                                    0x20000820   Section     1024  startup_stm32f10x_hd.o(STACK)
    Stack_Mem                                0x20000820   Data        1024  startup_stm32f10x_hd.o(STACK)
    __initial_sp                             0x20000c20   Data           0  startup_stm32f10x_hd.o(STACK)

    Global Symbols

    Symbol Name                              Value     Ov Type        Size  Object(Section)

    BuildAttributes$$THM_ISAv4$P$D$K$B$S$PE$A:L22UL41UL21$X:L11$S22US41US21$IEEE1$IW$USESV6$~STKCKD$USESV7$~SHL$OTIME$ROPI$IEEEX$EBA8$UX$STANDARDLIB$REQ8$PRES8$EABIv2 0x00000000   Number         0  anon$$obj.o ABSOLUTE
    __ARM_use_no_argv                        0x00000000   Number         0  main.o ABSOLUTE
    _printf_flags                            0x00000000   Number         0  printf_stubs.o ABSOLUTE
    _printf_return_value                     0x00000000   Number         0  printf_stubs.o ABSOLUTE
    _printf_sizespec                         0x00000000   Number         0  printf_stubs.o ABSOLUTE
    _printf_widthprec                        0x00000000   Number         0  printf_stubs.o ABSOLUTE
    __ARM_exceptions_init                     - Undefined Weak Reference
    __alloca_initialize                       - Undefined Weak Reference
    __arm_preinit_                            - Undefined Weak Reference
    __cpp_initialize__aeabi_                  - Undefined Weak Reference
    __cxa_finalize                            - Undefined Weak Reference
    __sigvec_lookup                           - Undefined Weak Reference
    _atexit_init                              - Undefined Weak Reference
    _call_atexit_fns                          - Undefined Weak Reference
    _clock_init                               - Undefined Weak Reference
    _fp_trap_init                             - Undefined Weak Reference
    _fp_trap_shutdown                         - Undefined Weak Reference
    _get_lc_collate                           - Undefined Weak Reference
    _get_lc_monetary                          - Undefined Weak Reference
    _get_lc_time                              - Undefined Weak Reference
    _getenv_init                              - Undefined Weak Reference
    _handle_redirection                       - Undefined Weak Reference
    _init_alloc                               - Undefined Weak Reference
    _init_user_alloc                          - Undefined Weak Reference
    _initio                                   - Undefined Weak Reference
    _printf_mbtowc                            - Undefined Weak Reference
    _printf_wc                                - Undefined Weak Reference
    _rand_init                                - Undefined Weak Reference
    _signal_finish                            - Undefined Weak Reference
    _signal_init                              - Undefined Weak Reference
    _terminate_alloc                          - Undefined Weak Reference
    _terminate_user_alloc                     - Undefined Weak Reference
    _terminateio                              - Undefined Weak Reference
    __Vectors_Size                           0x00000130   Number         0  startup_stm32f10x_hd.o ABSOLUTE
    __Vectors                                0x08000000   Data           4  startup_stm32f10x_hd.o(RESET)
    __Vectors_End                            0x08000130   Data           0  startup_stm32f10x_hd.o(RESET)
    __main                                   0x08000131   Thumb Code     8  __main.o(!!!main)
    __scatterload                            0x08000139   Thumb Code     0  __scatter.o(!!!scatter)
    __scatterload_rt2                        0x08000139   Thumb Code    44  __scatter.o(!!!scatter)
    __scatterload_rt2_thumb_only             0x08000139   Thumb Code     0  __scatter.o(!!!scatter)
    __scatterload_null                       0x08000147   Thumb Code     0  __scatter.o(!!!scatter)
    __scatterload_copy                       0x0800016d   Thumb Code    26  __scatter_copy.o(!!handler_copy)
    __scatterload_zeroinit                   0x08000189   Thumb Code    28  __scatter_zi.o(!!handler_zi)
    _printf_n                                0x080001a5   Thumb Code     0  _printf_n.o(.ARM.Collect$$_printf_percent$$00000001)
    _printf_percent                          0x080001a5   Thumb Code     0  _printf_percent.o(.ARM.Collect$$_printf_percent$$00000000)
    _printf_p                                0x080001ab   Thumb Code     0  _printf_p.o(.ARM.Collect$$_printf_percent$$00000002)
    _printf_f                                0x080001b1   Thumb Code     0  _printf_f.o(.ARM.Collect$$_printf_percent$$00000003)
    _printf_e                                0x080001b7   Thumb Code     0  _printf_e.o(.ARM.Collect$$_printf_percent$$00000004)
    _printf_g                                0x080001bd   Thumb Code     0  _printf_g.o(.ARM.Collect$$_printf_percent$$00000005)
    _printf_a                                0x080001c3   Thumb Code     0  _printf_a.o(.ARM.Collect$$_printf_percent$$00000006)
    _printf_ll                               0x080001c9   Thumb Code     0  _printf_ll.o(.ARM.Collect$$_printf_percent$$00000007)
    _printf_i                                0x080001d3   Thumb Code     0  _printf_i.o(.ARM.Collect$$_printf_percent$$00000008)
    _printf_d                                0x080001d9   Thumb Code     0  _printf_d.o(.ARM.Collect$$_printf_percent$$00000009)
    _printf_u                                0x080001df   Thumb Code     0  _printf_u.o(.ARM.Collect$$_printf_percent$$0000000A)
    _printf_o                                0x080001e5   Thumb Code     0  _printf_o.o(.ARM.Collect$$_printf_percent$$0000000B)
    _printf_x                                0x080001eb   Thumb Code     0  _printf_x.o(.ARM.Collect$$_printf_percent$$0000000C)
    _printf_lli                              0x080001f1   Thumb Code     0  _printf_lli.o(.ARM.Collect$$_printf_percent$$0000000D)
    _printf_lld                              0x080001f7   Thumb Code     0  _printf_lld.o(.ARM.Collect$$_printf_percent$$0000000E)
    _printf_llu                              0x080001fd   Thumb Code     0  _printf_llu.o(.ARM.Collect$$_printf_percent$$0000000F)
    _printf_llo                              0x08000203   Thumb Code     0  _printf_llo.o(.ARM.Collect$$_printf_percent$$00000010)
    _printf_llx                              0x08000209   Thumb Code     0  _printf_llx.o(.ARM.Collect$$_printf_percent$$00000011)
    _printf_l                                0x0800020f   Thumb Code     0  _printf_l.o(.ARM.Collect$$_printf_percent$$00000012)
    _printf_c                                0x08000219   Thumb Code     0  _printf_c.o(.ARM.Collect$$_printf_percent$$00000013)
    _printf_s                                0x0800021f   Thumb Code     0  _printf_s.o(.ARM.Collect$$_printf_percent$$00000014)
    _printf_lc                               0x08000225   Thumb Code     0  _printf_lc.o(.ARM.Collect$$_printf_percent$$00000015)
    _printf_ls                               0x0800022b   Thumb Code     0  _printf_ls.o(.ARM.Collect$$_printf_percent$$00000016)
    _printf_percent_end                      0x08000231   Thumb Code     0  _printf_percent_end.o(.ARM.Collect$$_printf_percent$$00000017)
    __rt_lib_init                            0x08000235   Thumb Code     0  libinit.o(.ARM.Collect$$libinit$$00000000)
    __rt_lib_init_fp_1                       0x08000237   Thumb Code     0  libinit2.o(.ARM.Collect$$libinit$$00000002)
    __rt_lib_init_heap_1                     0x08000237   Thumb Code     0  libinit2.o(.ARM.Collect$$libinit$$0000000A)
    __rt_lib_init_lc_common                  0x08000237   Thumb Code     0  libinit2.o(.ARM.Collect$$libinit$$0000000F)
    __rt_lib_init_preinit_1                  0x08000237   Thumb Code     0  libinit2.o(.ARM.Collect$$libinit$$00000004)
    __rt_lib_init_rand_1                     0x08000237   Thumb Code     0  libinit2.o(.ARM.Collect$$libinit$$0000000E)
    __rt_lib_init_user_alloc_1               0x08000237   Thumb Code     0  libinit2.o(.ARM.Collect$$libinit$$0000000C)
    __rt_lib_init_lc_collate_1               0x0800023d   Thumb Code     0  libinit2.o(.ARM.Collect$$libinit$$00000011)
    __rt_lib_init_lc_ctype_2                 0x0800023d   Thumb Code     0  libinit2.o(.ARM.Collect$$libinit$$00000012)
    __rt_lib_init_lc_ctype_1                 0x08000249   Thumb Code     0  libinit2.o(.ARM.Collect$$libinit$$00000013)
    __rt_lib_init_lc_monetary_1              0x08000249   Thumb Code     0  libinit2.o(.ARM.Collect$$libinit$$00000015)
    __rt_lib_init_lc_numeric_2               0x08000249   Thumb Code     0  libinit2.o(.ARM.Collect$$libinit$$00000016)
    __rt_lib_init_alloca_1                   0x08000253   Thumb Code     0  libinit2.o(.ARM.Collect$$libinit$$0000002E)
    __rt_lib_init_argv_1                     0x08000253   Thumb Code     0  libinit2.o(.ARM.Collect$$libinit$$0000002C)
    __rt_lib_init_atexit_1                   0x08000253   Thumb Code     0  libinit2.o(.ARM.Collect$$libinit$$0000001B)
    __rt_lib_init_clock_1                    0x08000253   Thumb Code     0  libinit2.o(.ARM.Collect$$libinit$$00000021)
    __rt_lib_init_cpp_1                      0x08000253   Thumb Code     0  libinit2.o(.ARM.Collect$$libinit$$00000032)
    __rt_lib_init_exceptions_1               0x08000253   Thumb Code     0  libinit2.o(.ARM.Collect$$libinit$$00000030)
    __rt_lib_init_fp_trap_1                  0x08000253   Thumb Code     0  libinit2.o(.ARM.Collect$$libinit$$0000001F)
    __rt_lib_init_getenv_1                   0x08000253   Thumb Code     0  libinit2.o(.ARM.Collect$$libinit$$00000023)
    __rt_lib_init_lc_numeric_1               0x08000253   Thumb Code     0  libinit2.o(.ARM.Collect$$libinit$$00000017)
    __rt_lib_init_lc_time_1                  0x08000253   Thumb Code     0  libinit2.o(.ARM.Collect$$libinit$$00000019)
    __rt_lib_init_return                     0x08000253   Thumb Code     0  libinit2.o(.ARM.Collect$$libinit$$00000033)
    __rt_lib_init_signal_1                   0x08000253   Thumb Code     0  libinit2.o(.ARM.Collect$$libinit$$0000001D)
    __rt_lib_init_stdio_1                    0x08000253   Thumb Code     0  libinit2.o(.ARM.Collect$$libinit$$00000025)
    __rt_lib_shutdown                        0x08000255   Thumb Code     0  libshutdown.o(.ARM.Collect$$libshutdown$$00000000)
    __rt_lib_shutdown_fp_trap_1              0x08000257   Thumb Code     0  libshutdown2.o(.ARM.Collect$$libshutdown$$00000006)
    __rt_lib_shutdown_heap_1                 0x08000257   Thumb Code     0  libshutdown2.o(.ARM.Collect$$libshutdown$$0000000E)
    __rt_lib_shutdown_return                 0x08000257   Thumb Code     0  libshutdown2.o(.ARM.Collect$$libshutdown$$0000000F)
    __rt_lib_shutdown_signal_1               0x08000257   Thumb Code     0  libshutdown2.o(.ARM.Collect$$libshutdown$$00000009)
    __rt_lib_shutdown_stdio_1                0x08000257   Thumb Code     0  libshutdown2.o(.ARM.Collect$$libshutdown$$00000003)
    __rt_lib_shutdown_user_alloc_1           0x08000257   Thumb Code     0  libshutdown2.o(.ARM.Collect$$libshutdown$$0000000B)
    __rt_entry                               0x08000259   Thumb Code     0  __rtentry.o(.ARM.Collect$$rtentry$$00000000)
    __rt_entry_presh_1                       0x08000259   Thumb Code     0  __rtentry2.o(.ARM.Collect$$rtentry$$00000002)
    __rt_entry_sh                            0x08000259   Thumb Code     0  __rtentry4.o(.ARM.Collect$$rtentry$$00000004)
    __rt_entry_li                            0x0800025f   Thumb Code     0  __rtentry2.o(.ARM.Collect$$rtentry$$0000000A)
    __rt_entry_postsh_1                      0x0800025f   Thumb Code     0  __rtentry2.o(.ARM.Collect$$rtentry$$00000009)
    __rt_entry_main                          0x08000263   Thumb Code     0  __rtentry2.o(.ARM.Collect$$rtentry$$0000000D)
    __rt_entry_postli_1                      0x08000263   Thumb Code     0  __rtentry2.o(.ARM.Collect$$rtentry$$0000000C)
    __rt_exit                                0x0800026b   Thumb Code     0  rtexit.o(.ARM.Collect$$rtexit$$00000000)
    __rt_exit_ls                             0x0800026d   Thumb Code     0  rtexit2.o(.ARM.Collect$$rtexit$$00000003)
    __rt_exit_prels_1                        0x0800026d   Thumb Code     0  rtexit2.o(.ARM.Collect$$rtexit$$00000002)
    __rt_exit_exit                           0x08000271   Thumb Code     0  rtexit2.o(.ARM.Collect$$rtexit$$00000004)
    Reset_Handler                            0x08000279   Thumb Code     8  startup_stm32f10x_hd.o(.text)
    ADC1_2_IRQHandler                        0x08000293   Thumb Code     0  startup_stm32f10x_hd.o(.text)
    ADC3_IRQHandler                          0x08000293   Thumb Code     0  startup_stm32f10x_hd.o(.text)
    CAN1_RX1_IRQHandler                      0x08000293   Thumb Code     0  startup_stm32f10x_hd.o(.text)
    CAN1_SCE_IRQHandler                      0x08000293   Thumb Code     0  startup_stm32f10x_hd.o(.text)
    DMA1_Channel1_IRQHandler                 0x08000293   Thumb Code     0  startup_stm32f10x_hd.o(.text)
    DMA1_Channel2_IRQHandler                 0x08000293   Thumb Code     0  startup_stm32f10x_hd.o(.text)
    DMA1_Channel3_IRQHandler                 0x08000293   Thumb Code     0  startup_stm32f10x_hd.o(.text)
    DMA1_Channel4_IRQHandler                 0x08000293   Thumb Code     0  startup_stm32f10x_hd.o(.text)
    DMA1_Channel5_IRQHandler                 0x08000293   Thumb Code     0  startup_stm32f10x_hd.o(.text)
    DMA1_Channel6_IRQHandler                 0x08000293   Thumb Code     0  startup_stm32f10x_hd.o(.text)
    DMA1_Channel7_IRQHandler                 0x08000293   Thumb Code     0  startup_stm32f10x_hd.o(.text)
    DMA2_Channel1_IRQHandler                 0x08000293   Thumb Code     0  startup_stm32f10x_hd.o(.text)
    DMA2_Channel2_IRQHandler                 0x08000293   Thumb Code     0  startup_stm32f10x_hd.o(.text)
    DMA2_Channel3_IRQHandler                 0x08000293   Thumb Code     0  startup_stm32f10x_hd.o(.text)
    DMA2_Channel4_5_IRQHandler               0x08000293   Thumb Code     0  startup_stm32f10x_hd.o(.text)
    EXTI0_IRQHandler                         0x08000293   Thumb Code     0  startup_stm32f10x_hd.o(.text)
    EXTI15_10_IRQHandler                     0x08000293   Thumb Code     0  startup_stm32f10x_hd.o(.text)
    EXTI1_IRQHandler                         0x08000293   Thumb Code     0  startup_stm32f10x_hd.o(.text)
    EXTI2_IRQHandler                         0x08000293   Thumb Code     0  startup_stm32f10x_hd.o(.text)
    EXTI3_IRQHandler                         0x08000293   Thumb Code     0  startup_stm32f10x_hd.o(.text)
    EXTI4_IRQHandler                         0x08000293   Thumb Code     0  startup_stm32f10x_hd.o(.text)
    EXTI9_5_IRQHandler                       0x08000293   Thumb Code     0  startup_stm32f10x_hd.o(.text)
    FLASH_IRQHandler                         0x08000293   Thumb Code     0  startup_stm32f10x_hd.o(.text)
    FSMC_IRQHandler                          0x08000293   Thumb Code     0  startup_stm32f10x_hd.o(.text)
    I2C1_ER_IRQHandler                       0x08000293   Thumb Code     0  startup_stm32f10x_hd.o(.text)
    I2C1_EV_IRQHandler                       0x08000293   Thumb Code     0  startup_stm32f10x_hd.o(.text)
    I2C2_ER_IRQHandler                       0x08000293   Thumb Code     0  startup_stm32f10x_hd.o(.text)
    I2C2_EV_IRQHandler                       0x08000293   Thumb Code     0  startup_stm32f10x_hd.o(.text)
    PVD_IRQHandler                           0x08000293   Thumb Code     0  startup_stm32f10x_hd.o(.text)
    RCC_IRQHandler                           0x08000293   Thumb Code     0  startup_stm32f10x_hd.o(.text)
    RTCAlarm_IRQHandler                      0x08000293   Thumb Code     0  startup_stm32f10x_hd.o(.text)
    RTC_IRQHandler                           0x08000293   Thumb Code     0  startup_stm32f10x_hd.o(.text)
    SDIO_IRQHandler                          0x08000293   Thumb Code     0  startup_stm32f10x_hd.o(.text)
    SPI1_IRQHandler                          0x08000293   Thumb Code     0  startup_stm32f10x_hd.o(.text)
    SPI2_IRQHandler                          0x08000293   Thumb Code     0  startup_stm32f10x_hd.o(.text)
    SPI3_IRQHandler                          0x08000293   Thumb Code     0  startup_stm32f10x_hd.o(.text)
    TAMPER_IRQHandler                        0x08000293   Thumb Code     0  startup_stm32f10x_hd.o(.text)
    TIM1_BRK_IRQHandler                      0x08000293   Thumb Code     0  startup_stm32f10x_hd.o(.text)
    TIM1_CC_IRQHandler                       0x08000293   Thumb Code     0  startup_stm32f10x_hd.o(.text)
    TIM1_TRG_COM_IRQHandler                  0x08000293   Thumb Code     0  startup_stm32f10x_hd.o(.text)
    TIM1_UP_IRQHandler                       0x08000293   Thumb Code     0  startup_stm32f10x_hd.o(.text)
    TIM4_IRQHandler                          0x08000293   Thumb Code     0  startup_stm32f10x_hd.o(.text)
    TIM6_IRQHandler                          0x08000293   Thumb Code     0  startup_stm32f10x_hd.o(.text)
    TIM7_IRQHandler                          0x08000293   Thumb Code     0  startup_stm32f10x_hd.o(.text)
    TIM8_BRK_IRQHandler                      0x08000293   Thumb Code     0  startup_stm32f10x_hd.o(.text)
    TIM8_CC_IRQHandler                       0x08000293   Thumb Code     0  startup_stm32f10x_hd.o(.text)
    TIM8_TRG_COM_IRQHandler                  0x08000293   Thumb Code     0  startup_stm32f10x_hd.o(.text)
    TIM8_UP_IRQHandler                       0x08000293   Thumb Code     0  startup_stm32f10x_hd.o(.text)
    UART4_IRQHandler                         0x08000293   Thumb Code     0  startup_stm32f10x_hd.o(.text)
    UART5_IRQHandler                         0x08000293   Thumb Code     0  startup_stm32f10x_hd.o(.text)
    USART1_IRQHandler                        0x08000293   Thumb Code     0  startup_stm32f10x_hd.o(.text)
    USART2_IRQHandler                        0x08000293   Thumb Code     0  startup_stm32f10x_hd.o(.text)
    USBWakeUp_IRQHandler                     0x08000293   Thumb Code     0  startup_stm32f10x_hd.o(.text)
    USB_HP_CAN1_TX_IRQHandler                0x08000293   Thumb Code     0  startup_stm32f10x_hd.o(.text)
    USB_LP_CAN1_RX0_IRQHandler               0x08000293   Thumb Code     0  startup_stm32f10x_hd.o(.text)
    WWDG_IRQHandler                          0x08000293   Thumb Code     0  startup_stm32f10x_hd.o(.text)
    __user_initial_stackheap                 0x08000295   Thumb Code     0  startup_stm32f10x_hd.o(.text)
    vsprintf                                 0x080002b9   Thumb Code    32  vsprintf.o(.text)
    strlen                                   0x080002dd   Thumb Code    62  strlen.o(.text)
    __use_two_region_memory                  0x0800031b   Thumb Code     2  heapauxi.o(.text)
    __rt_heap_escrow$2region                 0x0800031d   Thumb Code     2  heapauxi.o(.text)
    __rt_heap_expand$2region                 0x0800031f   Thumb Code     2  heapauxi.o(.text)
    __read_errno                             0x08000321   Thumb Code    10  _rserrno.o(.text)
    __set_errno                              0x0800032b   Thumb Code    12  _rserrno.o(.text)
    _printf_pre_padding                      0x08000337   Thumb Code    44  _printf_pad.o(.text)
    _printf_post_padding                     0x08000363   Thumb Code    34  _printf_pad.o(.text)
    _printf_truncate_signed                  0x08000385   Thumb Code    18  _printf_truncate.o(.text)
    _printf_truncate_unsigned                0x08000397   Thumb Code    18  _printf_truncate.o(.text)
    _printf_str                              0x080003a9   Thumb Code    82  _printf_str.o(.text)
    _printf_int_dec                          0x080003fd   Thumb Code   104  _printf_dec.o(.text)
    _printf_charcount                        0x08000475   Thumb Code    40  _printf_charcount.o(.text)
    _printf_char_common                      0x080004a7   Thumb Code    32  _printf_char_common.o(.text)
    _sputc                                   0x080004cd   Thumb Code    10  _sputc.o(.text)
    _printf_wctomb                           0x080004d9   Thumb Code   182  _printf_wctomb.o(.text)
    _printf_longlong_dec                     0x08000595   Thumb Code   108  _printf_longlong_dec.o(.text)
    _printf_longlong_oct                     0x08000611   Thumb Code    68  _printf_oct_int_ll.o(.text)
    _printf_int_oct                          0x08000655   Thumb Code    24  _printf_oct_int_ll.o(.text)
    _printf_ll_oct                           0x0800066d   Thumb Code    12  _printf_oct_int_ll.o(.text)
    _printf_longlong_hex                     0x08000681   Thumb Code    86  _printf_hex_int_ll_ptr.o(.text)
    _printf_int_hex                          0x080006d7   Thumb Code    28  _printf_hex_int_ll_ptr.o(.text)
    _printf_ll_hex                           0x080006f3   Thumb Code    12  _printf_hex_int_ll_ptr.o(.text)
    _printf_hex_ptr                          0x080006ff   Thumb Code    18  _printf_hex_int_ll_ptr.o(.text)
    __printf                                 0x08000715   Thumb Code   388  __printf_flags_ss_wp.o(.text)
    __aeabi_errno_addr                       0x0800089d   Thumb Code     8  rt_errno_addr_intlibspace.o(.text)
    __errno$intlibspace                      0x0800089d   Thumb Code     0  rt_errno_addr_intlibspace.o(.text)
    __rt_errno_addr$intlibspace              0x0800089d   Thumb Code     0  rt_errno_addr_intlibspace.o(.text)
    _ll_udiv10                               0x080008a5   Thumb Code   138  lludiv10.o(.text)
    _printf_int_common                       0x0800092f   Thumb Code   178  _printf_intcommon.o(.text)
    __lib_sel_fp_printf                      0x080009e1   Thumb Code     2  _printf_fp_dec.o(.text)
    _printf_fp_dec_real                      0x08000b8f   Thumb Code   620  _printf_fp_dec.o(.text)
    _printf_fp_hex_real                      0x08000dfd   Thumb Code   754  _printf_fp_hex.o(.text)
    _printf_cs_common                        0x080010f9   Thumb Code    20  _printf_char.o(.text)
    _printf_char                             0x0800110d   Thumb Code    16  _printf_char.o(.text)
    _printf_string                           0x0800111d   Thumb Code     8  _printf_char.o(.text)
    _printf_lcs_common                       0x08001125   Thumb Code    20  _printf_wchar.o(.text)
    _printf_wchar                            0x08001139   Thumb Code    16  _printf_wchar.o(.text)
    _printf_wstring                          0x08001149   Thumb Code     8  _printf_wchar.o(.text)
    _wcrtomb                                 0x08001151   Thumb Code    64  _wcrtomb.o(.text)
    __user_libspace                          0x08001191   Thumb Code     8  libspace.o(.text)
    __user_perproc_libspace                  0x08001191   Thumb Code     0  libspace.o(.text)
    __user_perthread_libspace                0x08001191   Thumb Code     0  libspace.o(.text)
    __user_setup_stackheap                   0x08001199   Thumb Code    74  sys_stackheap_outer.o(.text)
    __rt_ctype_table                         0x080011e5   Thumb Code    16  rt_ctype_table.o(.text)
    __rt_locale                              0x080011f5   Thumb Code     8  rt_locale_intlibspace.o(.text)
    _printf_fp_infnan                        0x080011fd   Thumb Code   112  _printf_fp_infnan.o(.text)
    _btod_etento                             0x0800127d   Thumb Code   216  bigflt0.o(.text)
    exit                                     0x08001359   Thumb Code    12  exit.o(.text)
    strcmp                                   0x08001365   Thumb Code   128  strcmpv7m.o(.text)
    _sys_exit                                0x080013e5   Thumb Code     8  sys_exit.o(.text)
    __I$use$semihosting                      0x080013f1   Thumb Code     0  use_no_semi.o(.text)
    __use_no_semihosting_swi                 0x080013f1   Thumb Code     2  use_no_semi.o(.text)
    __semihosting_library_function           0x080013f3   Thumb Code     0  indicate_semi.o(.text)
    _btod_d2e                                0x080013f3   Thumb Code    62  btod.o(CL$$btod_d2e)
    _d2e_denorm_low                          0x08001431   Thumb Code    70  btod.o(CL$$btod_d2e_denorm_low)
    _d2e_norm_op1                            0x08001477   Thumb Code    96  btod.o(CL$$btod_d2e_norm_op1)
    __btod_div_common                        0x080014d7   Thumb Code   696  btod.o(CL$$btod_div_common)
    _e2e                                     0x0800180f   Thumb Code   198  btod.o(CL$$btod_e2e)
    _btod_ediv                               0x080018d5   Thumb Code    40  btod.o(CL$$btod_ediv)
    _btod_emul                               0x080018fd   Thumb Code    40  btod.o(CL$$btod_emul)
    __btod_mult_common                       0x08001925   Thumb Code   580  btod.o(CL$$btod_mult_common)
    AHRS_GetQ                                0x08001b69   Thumb Code   590  ahrs.o(i.AHRS_GetQ)
    AHRS_Geteuler                            0x08001ddd   Thumb Code   428  ahrs.o(i.AHRS_Geteuler)
    AHRS_getValues                           0x08001fa5   Thumb Code   328  ahrs.o(i.AHRS_getValues)
    BusFault_Handler                         0x0800211d   Thumb Code     4  stm32f10x_it.o(i.BusFault_Handler)
    DebugMon_Handler                         0x08002121   Thumb Code     2  stm32f10x_it.o(i.DebugMon_Handler)
    Degree                                   0x08002125   Thumb Code    36  algorithm_math.o(i.Degree)
    Dis_Float                                0x08002151   Thumb Code   310  oled.o(i.Dis_Float)
    Dis_int                                  0x08002287   Thumb Code   102  oled.o(i.Dis_int)
    Fuse_RegValue                            0x080022ed   Thumb Code   188  mpu6050.o(i.Fuse_RegValue)
    GPIO_Init                                0x080023b1   Thumb Code   278  stm32f10x_gpio.o(i.GPIO_Init)
    GPIO_ReadInputDataBit                    0x080024c7   Thumb Code    18  stm32f10x_gpio.o(i.GPIO_ReadInputDataBit)
    GPIO_ResetBits                           0x080024d9   Thumb Code     4  stm32f10x_gpio.o(i.GPIO_ResetBits)
    GPIO_SetBits                             0x080024dd   Thumb Code     4  stm32f10x_gpio.o(i.GPIO_SetBits)
    HMC5883lRead                             0x080024e1   Thumb Code   380  hmc5883.o(i.HMC5883lRead)
    HardFault_Handler                        0x08002671   Thumb Code     4  stm32f10x_it.o(i.HardFault_Handler)
    I2C_Ack                                  0x08002675   Thumb Code    54  iic.o(i.I2C_Ack)
    I2C_NoAck                                0x080026b1   Thumb Code    56  iic.o(i.I2C_NoAck)
    I2C_RadeByte                             0x080026ed   Thumb Code    82  iic.o(i.I2C_RadeByte)
    I2C_SendByte                             0x08002745   Thumb Code    86  iic.o(i.I2C_SendByte)
    I2C_Start                                0x080027a1   Thumb Code    90  iic.o(i.I2C_Start)
    I2C_Stop                                 0x08002801   Thumb Code    56  iic.o(i.I2C_Stop)
    I2C_WaitAck                              0x0800283d   Thumb Code    86  iic.o(i.I2C_WaitAck)
    I2C_delay                                0x08002899   Thumb Code     4  iic.o(i.I2C_delay)
    IIR_I_Filter                             0x0800289d   Thumb Code   242  filter.o(i.IIR_I_Filter)
    Init                                     0x08002991   Thumb Code    52  main.o(i.Init)
    LPF_1st                                  0x080029c9   Thumb Code    50  filter.o(i.LPF_1st)
    Led_Init                                 0x080029fd   Thumb Code    72  led.o(i.Led_Init)
    MPU6050_READ                             0x08002a4d   Thumb Code   172  mpu6050.o(i.MPU6050_READ)
    Mag_Calibration                          0x08002afd   Thumb Code   712  hmc5883.o(i.Mag_Calibration)
    MemManage_Handler                        0x08002e1d   Thumb Code     4  stm32f10x_it.o(i.MemManage_Handler)
    Multiple_Read                            0x08002e21   Thumb Code   100  iic.o(i.Multiple_Read)
    NMI_Handler                              0x08002e85   Thumb Code     2  stm32f10x_it.o(i.NMI_Handler)
    NVIC_Init                                0x08002e89   Thumb Code   100  misc.o(i.NVIC_Init)
    NVIC_PriorityGroupConfig                 0x08002ef9   Thumb Code    10  misc.o(i.NVIC_PriorityGroupConfig)
    OLED_DLY_ms                              0x08002f0d   Thumb Code    24  oled.o(i.OLED_DLY_ms)
    OLED_Fill                                0x08002f25   Thumb Code    58  oled.o(i.OLED_Fill)
    OLED_Init                                0x08002f61   Thumb Code   274  oled.o(i.OLED_Init)
    OLED_P6x8Str                             0x08003079   Thumb Code    96  oled.o(i.OLED_P6x8Str)
    OLED_Set_Pos                             0x080030dd   Thumb Code    36  oled.o(i.OLED_Set_Pos)
    OLED_WR_Byte                             0x08003101   Thumb Code    92  oled.o(i.OLED_WR_Byte)
    OLED_WrCmd                               0x08003161   Thumb Code    84  oled.o(i.OLED_WrCmd)
    OLED_WrDat                               0x080031b9   Thumb Code    86  oled.o(i.OLED_WrDat)
    PendSV_Handler                           0x08003215   Thumb Code     2  stm32f10x_it.o(i.PendSV_Handler)
    Q_rsqrt                                  0x08003219   Thumb Code    74  algorithm_math.o(i.Q_rsqrt)
    Quaternion_Normalize                     0x08003269   Thumb Code   122  algorithm_quaternion.o(i.Quaternion_Normalize)
    Quaternion_RungeKutta                    0x080032e3   Thumb Code   288  algorithm_quaternion.o(i.Quaternion_RungeKutta)
    Quaternion_ToAngE                        0x08003405   Thumb Code   302  algorithm_quaternion.o(i.Quaternion_ToAngE)
    Quaternion_vectorGravity                 0x08003539   Thumb Code   148  algorithm_quaternion.o(i.Quaternion_vectorGravity)
    RCC_APB1PeriphClockCmd                   0x080035cd   Thumb Code    26  stm32f10x_rcc.o(i.RCC_APB1PeriphClockCmd)
    RCC_APB1PeriphResetCmd                   0x080035ed   Thumb Code    26  stm32f10x_rcc.o(i.RCC_APB1PeriphResetCmd)
    RCC_APB2PeriphClockCmd                   0x0800360d   Thumb Code    26  stm32f10x_rcc.o(i.RCC_APB2PeriphClockCmd)
    RCC_APB2PeriphResetCmd                   0x0800362d   Thumb Code    26  stm32f10x_rcc.o(i.RCC_APB2PeriphResetCmd)
    Rad                                      0x0800364d   Thumb Code    36  algorithm_math.o(i.Rad)
    SVC_Handler                              0x08003679   Thumb Code     2  stm32f10x_it.o(i.SVC_Handler)
    Single_Read                              0x08003765   Thumb Code    80  iic.o(i.Single_Read)
    Str_Equal                                0x080037b5   Thumb Code    46  algorithm_math.o(i.Str_Equal)
    SysTick_Handler                          0x080037e3   Thumb Code     2  stm32f10x_it.o(i.SysTick_Handler)
    SystemInit                               0x080037e5   Thumb Code    78  system_stm32f10x.o(i.SystemInit)
    TIM2_IRQHandler                          0x08003845   Thumb Code    16  stm32it.o(i.TIM2_IRQHandler)
    TIM3_IRQHandler                          0x08003855   Thumb Code   262  stm32it.o(i.TIM3_IRQHandler)
    TIM4_PWM_Init                            0x08003989   Thumb Code   186  motor.o(i.TIM4_PWM_Init)
    TIM5_Config                              0x08003a4d   Thumb Code   102  timer.o(i.TIM5_Config)
    TIM5_IRQHandler                          0x08003ab9   Thumb Code   234  stm32it.o(i.TIM5_IRQHandler)
    TIM_ARRPreloadConfig                     0x08003be5   Thumb Code    24  stm32f10x_tim.o(i.TIM_ARRPreloadConfig)
    TIM_ClearFlag                            0x08003bfd   Thumb Code     6  stm32f10x_tim.o(i.TIM_ClearFlag)
    TIM_ClearITPendingBit                    0x08003c03   Thumb Code     6  stm32f10x_tim.o(i.TIM_ClearITPendingBit)
    TIM_Cmd                                  0x08003c09   Thumb Code    24  stm32f10x_tim.o(i.TIM_Cmd)
    TIM_DeInit                               0x08003c21   Thumb Code   424  stm32f10x_tim.o(i.TIM_DeInit)
    TIM_GetCapture4                          0x08003e09   Thumb Code     8  stm32f10x_tim.o(i.TIM_GetCapture4)
    TIM_GetITStatus                          0x08003e11   Thumb Code    34  stm32f10x_tim.o(i.TIM_GetITStatus)
    TIM_ITConfig                             0x08003e33   Thumb Code    18  stm32f10x_tim.o(i.TIM_ITConfig)
    TIM_OC1Init                              0x08003e45   Thumb Code   132  stm32f10x_tim.o(i.TIM_OC1Init)
    TIM_OC1PreloadConfig                     0x08003edd   Thumb Code    18  stm32f10x_tim.o(i.TIM_OC1PreloadConfig)
    TIM_OC2Init                              0x08003ef1   Thumb Code   154  stm32f10x_tim.o(i.TIM_OC2Init)
    TIM_OC2PreloadConfig                     0x08003f95   Thumb Code    26  stm32f10x_tim.o(i.TIM_OC2PreloadConfig)
    TIM_OC3Init                              0x08003fb1   Thumb Code   150  stm32f10x_tim.o(i.TIM_OC3Init)
    TIM_OC3PreloadConfig                     0x08004051   Thumb Code    18  stm32f10x_tim.o(i.TIM_OC3PreloadConfig)
    TIM_OC4Init                              0x08004065   Thumb Code   114  stm32f10x_tim.o(i.TIM_OC4Init)
    TIM_OC4PolarityConfig                    0x080040e1   Thumb Code    26  stm32f10x_tim.o(i.TIM_OC4PolarityConfig)
    TIM_OC4PreloadConfig                     0x080040fb   Thumb Code    26  stm32f10x_tim.o(i.TIM_OC4PreloadConfig)
    TIM_SetCompare1                          0x08004115   Thumb Code     4  stm32f10x_tim.o(i.TIM_SetCompare1)
    TIM_SetCompare2                          0x08004119   Thumb Code     4  stm32f10x_tim.o(i.TIM_SetCompare2)
    TIM_SetCompare3                          0x0800411d   Thumb Code     4  stm32f10x_tim.o(i.TIM_SetCompare3)
    TIM_SetCompare4                          0x08004121   Thumb Code     6  stm32f10x_tim.o(i.TIM_SetCompare4)
    TIM_TimeBaseInit                         0x08004129   Thumb Code   122  stm32f10x_tim.o(i.TIM_TimeBaseInit)
    USART3_IRQHandler                        0x080041cd   Thumb Code    92  hc05.o(i.USART3_IRQHandler)
    USART_GetFlagStatus                      0x0800423d   Thumb Code    26  stm32f10x_usart.o(i.USART_GetFlagStatus)
    USART_GetITStatus                        0x08004257   Thumb Code    84  stm32f10x_usart.o(i.USART_GetITStatus)
    USART_ReceiveData                        0x080042ab   Thumb Code    10  stm32f10x_usart.o(i.USART_ReceiveData)
    USART_SendData                           0x080042b5   Thumb Code     8  stm32f10x_usart.o(i.USART_SendData)
    UsageFault_Handler                       0x080042bd   Thumb Code     4  stm32f10x_it.o(i.UsageFault_Handler)
    VariableParameter                        0x080042c1   Thumb Code    68  algorithm_math.o(i.VariableParameter)
    __ARM_fpclassify                         0x0800430d   Thumb Code    40  fpclassify.o(i.__ARM_fpclassify)
    __ARM_fpclassifyf                        0x08004335   Thumb Code    38  fpclassifyf.o(i.__ARM_fpclassifyf)
    __ieee754_rem_pio2                       0x0800435d   Thumb Code   828  rred.o(i.__ieee754_rem_pio2)
    __kernel_cos                             0x080046e5   Thumb Code   230  cos_i.o(i.__kernel_cos)
    __kernel_poly                            0x080047e1   Thumb Code   170  poly.o(i.__kernel_poly)
    __kernel_sin                             0x0800488d   Thumb Code   224  sin_i.o(i.__kernel_sin)
    __mathlib_dbl_infnan                     0x08004979   Thumb Code     6  dunder.o(i.__mathlib_dbl_infnan)
    __mathlib_dbl_infnan2                    0x0800497f   Thumb Code     4  dunder.o(i.__mathlib_dbl_infnan2)
    __mathlib_dbl_invalid                    0x08004983   Thumb Code    12  dunder.o(i.__mathlib_dbl_invalid)
    __mathlib_dbl_underflow                  0x08004991   Thumb Code    10  dunder.o(i.__mathlib_dbl_underflow)
    __mathlib_flt_infnan                     0x080049a1   Thumb Code     6  funder.o(i.__mathlib_flt_infnan)
    __mathlib_flt_infnan2                    0x080049a7   Thumb Code     4  funder.o(i.__mathlib_flt_infnan2)
    __mathlib_flt_invalid                    0x080049ab   Thumb Code     8  funder.o(i.__mathlib_flt_invalid)
    __mathlib_flt_underflow                  0x080049b3   Thumb Code    10  funder.o(i.__mathlib_flt_underflow)
    _is_digit                                0x080049bd   Thumb Code    14  __printf_wp.o(i._is_digit)
    array_assignu8                           0x080049cb   Thumb Code    22  algorithm_math.o(i.array_assignu8)
    asinf                                    0x080049e1   Thumb Code   254  asinf.o(i.asinf)
    atan                                     0x08004b05   Thumb Code   474  atan.o(i.atan)
    atan2                                    0x08004d25   Thumb Code   346  atan2.o(i.atan2)
    atan2f                                   0x08004ea5   Thumb Code   528  atan2f.o(i.atan2f)
    cos                                      0x08005101   Thumb Code   148  cos.o(i.cos)
    delay_init                               0x0800519d   Thumb Code    56  sys.o(i.delay_init)
    main                                     0x080051dd   Thumb Code    80  main.o(i.main)
    moto_STOP                                0x08005239   Thumb Code    44  motor.o(i.moto_STOP)
    mypow                                    0x08005269   Thumb Code    22  oled.o(i.mypow)
    sin                                      0x08005281   Thumb Code   150  sin.o(i.sin)
    sqrtf                                    0x08005321   Thumb Code    44  sqrtf.o(i.sqrtf)
    u3_printf                                0x0800534d   Thumb Code    72  hc05.o(i.u3_printf)
    _get_lc_numeric                          0x0800539d   Thumb Code    44  lc_numeric_c.o(locale$$code)
    _get_lc_ctype                            0x080053c9   Thumb Code    44  lc_ctype_c.o(locale$$code)
    __aeabi_d2f                              0x080053f5   Thumb Code     0  d2f.o(x$fpl$d2f)
    _d2f                                     0x080053f5   Thumb Code    98  d2f.o(x$fpl$d2f)
    __aeabi_dadd                             0x08005459   Thumb Code     0  daddsub_clz.o(x$fpl$dadd)
    _dadd                                    0x08005459   Thumb Code   332  daddsub_clz.o(x$fpl$dadd)
    __fpl_dcheck_NaN1                        0x080055a9   Thumb Code    10  dcheck1.o(x$fpl$dcheck1)
    __aeabi_ddiv                             0x080055b9   Thumb Code     0  ddiv.o(x$fpl$ddiv)
    _ddiv                                    0x080055b9   Thumb Code   552  ddiv.o(x$fpl$ddiv)
    __aeabi_d2iz                             0x08005869   Thumb Code     0  dfix.o(x$fpl$dfix)
    _dfix                                    0x08005869   Thumb Code    94  dfix.o(x$fpl$dfix)
    __aeabi_i2d                              0x080058c7   Thumb Code     0  dflt_clz.o(x$fpl$dflt)
    _dflt                                    0x080058c7   Thumb Code    46  dflt_clz.o(x$fpl$dflt)
    __aeabi_ui2d                             0x080058f5   Thumb Code     0  dflt_clz.o(x$fpl$dfltu)
    _dfltu                                   0x080058f5   Thumb Code    38  dflt_clz.o(x$fpl$dfltu)
    __aeabi_dmul                             0x0800591d   Thumb Code     0  dmul.o(x$fpl$dmul)
    _dmul                                    0x0800591d   Thumb Code   332  dmul.o(x$fpl$dmul)
    __fpl_dnaninf                            0x08005a71   Thumb Code   156  dnaninf.o(x$fpl$dnaninf)
    __fpl_dretinf                            0x08005b0d   Thumb Code    12  dretinf.o(x$fpl$dretinf)
    __aeabi_drsub                            0x08005b19   Thumb Code     0  daddsub_clz.o(x$fpl$drsb)
    _drsb                                    0x08005b19   Thumb Code    22  daddsub_clz.o(x$fpl$drsb)
    __aeabi_dsub                             0x08005b31   Thumb Code     0  daddsub_clz.o(x$fpl$dsub)
    _dsub                                    0x08005b31   Thumb Code   464  daddsub_clz.o(x$fpl$dsub)
    __aeabi_f2d                              0x08005d05   Thumb Code     0  f2d.o(x$fpl$f2d)
    _f2d                                     0x08005d05   Thumb Code    86  f2d.o(x$fpl$f2d)
    __aeabi_fadd                             0x08005d5d   Thumb Code     0  faddsub_clz.o(x$fpl$fadd)
    _fadd                                    0x08005d5d   Thumb Code   196  faddsub_clz.o(x$fpl$fadd)
    __fpl_fcheck_NaN1                        0x08005e21   Thumb Code     6  fcheck1.o(x$fpl$fcheck1)
    __fpl_fcmp_Inf                           0x08005e2d   Thumb Code    24  fcmpi.o(x$fpl$fcmpinf)
    __aeabi_fdiv                             0x08005e45   Thumb Code     0  fdiv.o(x$fpl$fdiv)
    _fdiv                                    0x08005e45   Thumb Code   384  fdiv.o(x$fpl$fdiv)
    __aeabi_f2iz                             0x08005fc9   Thumb Code     0  ffix.o(x$fpl$ffix)
    _ffix                                    0x08005fc9   Thumb Code    54  ffix.o(x$fpl$ffix)
    __aeabi_i2f                              0x08006001   Thumb Code     0  fflt_clz.o(x$fpl$fflt)
    _fflt                                    0x08006001   Thumb Code    48  fflt_clz.o(x$fpl$fflt)
    __aeabi_ui2f                             0x08006031   Thumb Code     0  fflt_clz.o(x$fpl$ffltu)
    _ffltu                                   0x08006031   Thumb Code    38  fflt_clz.o(x$fpl$ffltu)
    __aeabi_cfcmple                          0x08006059   Thumb Code     0  fleqf.o(x$fpl$fleqf)
    _fcmple                                  0x08006059   Thumb Code   104  fleqf.o(x$fpl$fleqf)
    __fpl_fcmple_InfNaN                      0x080060ab   Thumb Code     0  fleqf.o(x$fpl$fleqf)
    __aeabi_fmul                             0x080060c1   Thumb Code     0  fmul.o(x$fpl$fmul)
    _fmul                                    0x080060c1   Thumb Code   258  fmul.o(x$fpl$fmul)
    __fpl_fnaninf                            0x080061c3   Thumb Code   140  fnaninf.o(x$fpl$fnaninf)
    __fpl_fretinf                            0x0800624f   Thumb Code    10  fretinf.o(x$fpl$fretinf)
    __aeabi_cfrcmple                         0x08006259   Thumb Code     0  frleqf.o(x$fpl$frleqf)
    _frcmple                                 0x08006259   Thumb Code    98  frleqf.o(x$fpl$frleqf)
    __aeabi_frsub                            0x080062bb   Thumb Code     0  faddsub_clz.o(x$fpl$frsb)
    _frsb                                    0x080062bb   Thumb Code    20  faddsub_clz.o(x$fpl$frsb)
    _fsqrt                                   0x080062d1   Thumb Code   272  fsqrt.o(x$fpl$fsqrt)
    __aeabi_fsub                             0x080063e1   Thumb Code     0  faddsub_clz.o(x$fpl$fsub)
    _fsub                                    0x080063e1   Thumb Code   234  faddsub_clz.o(x$fpl$fsub)
    _printf_fp_dec                           0x080064cb   Thumb Code     4  printf1.o(x$fpl$printf1)
    _printf_fp_hex                           0x080064cf   Thumb Code     4  printf2.o(x$fpl$printf2)
    __fpl_return_NaN                         0x080064d3   Thumb Code   100  retnan.o(x$fpl$retnan)
    __ARM_scalbn                             0x08006537   Thumb Code    92  scalbn.o(x$fpl$scalbn)
    __ARM_scalbnf                            0x08006593   Thumb Code    76  scalbnf.o(x$fpl$scalbnf)
    __fpl_cmpreturn                          0x080065df   Thumb Code    48  trapv.o(x$fpl$trapveneer)
    F6x8                                     0x0800660e   Data         552  oled.o(.constdata)
    __I$use$fp                               0x0800660e   Number         0  usenofp.o(x$fpl$usenofp)
    F14x16_Idx                               0x08006836   Data          49  oled.o(.constdata)
    F14x16                                   0x08006867   Data         672  oled.o(.constdata)
    F8X16                                    0x08006b07   Data        1520  oled.o(.constdata)
    LOGO128x64                               0x080070f7   Data        1024  oled.o(.constdata)
    __mathlib_zero                           0x08007608   Data           8  qnan.o(.constdata)
    Region$$Table$$Base                      0x080077bc   Number         0  anon$$obj.o(Region$$Table)
    Region$$Table$$Limit                     0x080077dc   Number         0  anon$$obj.o(Region$$Table)
    __ctype                                  0x08007805   Data           0  lc_ctype_c.o(locale$$data)
    mag_limt                                 0x20000000   Data           4  hmc5883.o(.data)
    hmcdata                                  0x20000004   Data           6  hmc5883.o(.data)
    US100_Alt                                0x2000001c   Data           4  ultrasonic.o(.data)
    US100_Alt_delta                          0x20000020   Data           4  ultrasonic.o(.data)
    US100_Alt_Last                           0x20000024   Data           4  ultrasonic.o(.data)
    Ultrasonic_OK                            0x20000028   Data           1  ultrasonic.o(.data)
    ultra_start_f                            0x20000029   Data           1  ultrasonic.o(.data)
    Drop                                     0x2000002a   Data           2  ultrasonic.o(.data)
    Rise                                     0x2000002c   Data           2  ultrasonic.o(.data)
    US100_Alt_Temp                           0x2000002e   Data           2  ultrasonic.o(.data)
    Alt_Last                                 0x20000030   Data           2  ultrasonic.o(.data)
    USART3_RX_STA                            0x20000032   Data           2  hc05.o(.data)
    timeflag                                 0x20000034   Data           2  hc05.o(.data)
    time                                     0x20000036   Data           2  hc05.o(.data)
    b_IIR                                    0x20000040   Data          40  ahrs.o(.data)
    a_IIR                                    0x20000068   Data          40  ahrs.o(.data)
    yawangle                                 0x20000090   Data           4  ahrs.o(.data)
    testtime                                 0x20000094   Data           2  ahrs.o(.data)
    NumQ                                     0x20000098   Data          16  ahrs.o(.data)
    MAG                                      0x200000a8   Data           6  ahrs.o(.data)
    flag                                     0x200000cc   Data          25  main.o(.bss)
    MPU_Data                                 0x200000e8   Data         104  mpu6050.o(.bss)
    MPU_Buf                                  0x20000150   Data          14  mpu6050.o(.bss)
    HMC58X3_limit                            0x20000160   Data          12  hmc5883.o(.bss)
    magdata                                  0x2000016c   Data          12  hmc5883.o(.bss)
    USART3_TX_BUF                            0x20000188   Data         400  hc05.o(.bss)
    USART3_RX_BUF                            0x20000318   Data         400  hc05.o(.bss)
    InPut_IIR                                0x200004a8   Data         120  ahrs.o(.bss)
    OutPut_IIR                               0x20000520   Data         120  ahrs.o(.bss)
    AngE                                     0x20000598   Data          12  ahrs.o(.bss)
    IMU                                      0x200005a4   Data          12  ahrs.o(.bss)
    V                                        0x200005b0   Data          12  ahrs.o(.bss)
    __libspace_start                         0x200005bc   Data          96  libspace.o(.bss)
    __temporary_stack_top$libspace           0x2000061c   Data           0  libspace.o(.bss)



==============================================================================

Memory Map of the image

  Image Entry point : 0x08000131

  Load Region LR_IROM1 (Base: 0x08000000, Size: 0x000079d4, Max: 0x00040000, ABSOLUTE)

    Execution Region ER_IROM1 (Base: 0x08000000, Size: 0x00007908, Max: 0x00040000, ABSOLUTE)

    Base Addr    Size         Type   Attr      Idx    E Section Name        Object

    0x08000000   0x00000130   Data   RO          683    RESET               startup_stm32f10x_hd.o
    0x08000130   0x00000008   Code   RO         2576  * !!!main             c_w.l(__main.o)
    0x08000138   0x00000034   Code   RO         3125    !!!scatter          c_w.l(__scatter.o)
    0x0800016c   0x0000001a   Code   RO         3127    !!handler_copy      c_w.l(__scatter_copy.o)
    0x08000186   0x00000002   PAD
    0x08000188   0x0000001c   Code   RO         3129    !!handler_zi        c_w.l(__scatter_zi.o)
    0x080001a4   0x00000000   Code   RO         2782    .ARM.Collect$$_printf_percent$$00000000  c_w.l(_printf_percent.o)
    0x080001a4   0x00000006   Code   RO         2771    .ARM.Collect$$_printf_percent$$00000001  c_w.l(_printf_n.o)
    0x080001aa   0x00000006   Code   RO         2773    .ARM.Collect$$_printf_percent$$00000002  c_w.l(_printf_p.o)
    0x080001b0   0x00000006   Code   RO         2778    .ARM.Collect$$_printf_percent$$00000003  c_w.l(_printf_f.o)
    0x080001b6   0x00000006   Code   RO         2779    .ARM.Collect$$_printf_percent$$00000004  c_w.l(_printf_e.o)
    0x080001bc   0x00000006   Code   RO         2780    .ARM.Collect$$_printf_percent$$00000005  c_w.l(_printf_g.o)
    0x080001c2   0x00000006   Code   RO         2781    .ARM.Collect$$_printf_percent$$00000006  c_w.l(_printf_a.o)
    0x080001c8   0x0000000a   Code   RO         2786    .ARM.Collect$$_printf_percent$$00000007  c_w.l(_printf_ll.o)
    0x080001d2   0x00000006   Code   RO         2775    .ARM.Collect$$_printf_percent$$00000008  c_w.l(_printf_i.o)
    0x080001d8   0x00000006   Code   RO         2776    .ARM.Collect$$_printf_percent$$00000009  c_w.l(_printf_d.o)
    0x080001de   0x00000006   Code   RO         2777    .ARM.Collect$$_printf_percent$$0000000A  c_w.l(_printf_u.o)
    0x080001e4   0x00000006   Code   RO         2774    .ARM.Collect$$_printf_percent$$0000000B  c_w.l(_printf_o.o)
    0x080001ea   0x00000006   Code   RO         2772    .ARM.Collect$$_printf_percent$$0000000C  c_w.l(_printf_x.o)
    0x080001f0   0x00000006   Code   RO         2783    .ARM.Collect$$_printf_percent$$0000000D  c_w.l(_printf_lli.o)
    0x080001f6   0x00000006   Code   RO         2784    .ARM.Collect$$_printf_percent$$0000000E  c_w.l(_printf_lld.o)
    0x080001fc   0x00000006   Code   RO         2785    .ARM.Collect$$_printf_percent$$0000000F  c_w.l(_printf_llu.o)
    0x08000202   0x00000006   Code   RO         2790    .ARM.Collect$$_printf_percent$$00000010  c_w.l(_printf_llo.o)
    0x08000208   0x00000006   Code   RO         2791    .ARM.Collect$$_printf_percent$$00000011  c_w.l(_printf_llx.o)
    0x0800020e   0x0000000a   Code   RO         2787    .ARM.Collect$$_printf_percent$$00000012  c_w.l(_printf_l.o)
    0x08000218   0x00000006   Code   RO         2769    .ARM.Collect$$_printf_percent$$00000013  c_w.l(_printf_c.o)
    0x0800021e   0x00000006   Code   RO         2770    .ARM.Collect$$_printf_percent$$00000014  c_w.l(_printf_s.o)
    0x08000224   0x00000006   Code   RO         2788    .ARM.Collect$$_printf_percent$$00000015  c_w.l(_printf_lc.o)
    0x0800022a   0x00000006   Code   RO         2789    .ARM.Collect$$_printf_percent$$00000016  c_w.l(_printf_ls.o)
    0x08000230   0x00000004   Code   RO         2920    .ARM.Collect$$_printf_percent$$00000017  c_w.l(_printf_percent_end.o)
    0x08000234   0x00000002   Code   RO         2986    .ARM.Collect$$libinit$$00000000  c_w.l(libinit.o)
    0x08000236   0x00000000   Code   RO         3001    .ARM.Collect$$libinit$$00000002  c_w.l(libinit2.o)
    0x08000236   0x00000000   Code   RO         3003    .ARM.Collect$$libinit$$00000004  c_w.l(libinit2.o)
    0x08000236   0x00000000   Code   RO         3006    .ARM.Collect$$libinit$$0000000A  c_w.l(libinit2.o)
    0x08000236   0x00000000   Code   RO         3008    .ARM.Collect$$libinit$$0000000C  c_w.l(libinit2.o)
    0x08000236   0x00000000   Code   RO         3010    .ARM.Collect$$libinit$$0000000E  c_w.l(libinit2.o)
    0x08000236   0x00000006   Code   RO         3011    .ARM.Collect$$libinit$$0000000F  c_w.l(libinit2.o)
    0x0800023c   0x00000000   Code   RO         3013    .ARM.Collect$$libinit$$00000011  c_w.l(libinit2.o)
    0x0800023c   0x0000000c   Code   RO         3014    .ARM.Collect$$libinit$$00000012  c_w.l(libinit2.o)
    0x08000248   0x00000000   Code   RO         3015    .ARM.Collect$$libinit$$00000013  c_w.l(libinit2.o)
    0x08000248   0x00000000   Code   RO         3017    .ARM.Collect$$libinit$$00000015  c_w.l(libinit2.o)
    0x08000248   0x0000000a   Code   RO         3018    .ARM.Collect$$libinit$$00000016  c_w.l(libinit2.o)
    0x08000252   0x00000000   Code   RO         3019    .ARM.Collect$$libinit$$00000017  c_w.l(libinit2.o)
    0x08000252   0x00000000   Code   RO         3021    .ARM.Collect$$libinit$$00000019  c_w.l(libinit2.o)
    0x08000252   0x00000000   Code   RO         3023    .ARM.Collect$$libinit$$0000001B  c_w.l(libinit2.o)
    0x08000252   0x00000000   Code   RO         3025    .ARM.Collect$$libinit$$0000001D  c_w.l(libinit2.o)
    0x08000252   0x00000000   Code   RO         3027    .ARM.Collect$$libinit$$0000001F  c_w.l(libinit2.o)
    0x08000252   0x00000000   Code   RO         3029    .ARM.Collect$$libinit$$00000021  c_w.l(libinit2.o)
    0x08000252   0x00000000   Code   RO         3031    .ARM.Collect$$libinit$$00000023  c_w.l(libinit2.o)
    0x08000252   0x00000000   Code   RO         3033    .ARM.Collect$$libinit$$00000025  c_w.l(libinit2.o)
    0x08000252   0x00000000   Code   RO         3037    .ARM.Collect$$libinit$$0000002C  c_w.l(libinit2.o)
    0x08000252   0x00000000   Code   RO         3039    .ARM.Collect$$libinit$$0000002E  c_w.l(libinit2.o)
    0x08000252   0x00000000   Code   RO         3041    .ARM.Collect$$libinit$$00000030  c_w.l(libinit2.o)
    0x08000252   0x00000000   Code   RO         3043    .ARM.Collect$$libinit$$00000032  c_w.l(libinit2.o)
    0x08000252   0x00000002   Code   RO         3044    .ARM.Collect$$libinit$$00000033  c_w.l(libinit2.o)
    0x08000254   0x00000002   Code   RO         3066    .ARM.Collect$$libshutdown$$00000000  c_w.l(libshutdown.o)
    0x08000256   0x00000000   Code   RO         3080    .ARM.Collect$$libshutdown$$00000003  c_w.l(libshutdown2.o)
    0x08000256   0x00000000   Code   RO         3083    .ARM.Collect$$libshutdown$$00000006  c_w.l(libshutdown2.o)
    0x08000256   0x00000000   Code   RO         3086    .ARM.Collect$$libshutdown$$00000009  c_w.l(libshutdown2.o)
    0x08000256   0x00000000   Code   RO         3088    .ARM.Collect$$libshutdown$$0000000B  c_w.l(libshutdown2.o)
    0x08000256   0x00000000   Code   RO         3091    .ARM.Collect$$libshutdown$$0000000E  c_w.l(libshutdown2.o)
    0x08000256   0x00000002   Code   RO         3092    .ARM.Collect$$libshutdown$$0000000F  c_w.l(libshutdown2.o)
    0x08000258   0x00000000   Code   RO         2698    .ARM.Collect$$rtentry$$00000000  c_w.l(__rtentry.o)
    0x08000258   0x00000000   Code   RO         2886    .ARM.Collect$$rtentry$$00000002  c_w.l(__rtentry2.o)
    0x08000258   0x00000006   Code   RO         2898    .ARM.Collect$$rtentry$$00000004  c_w.l(__rtentry4.o)
    0x0800025e   0x00000000   Code   RO         2888    .ARM.Collect$$rtentry$$00000009  c_w.l(__rtentry2.o)
    0x0800025e   0x00000004   Code   RO         2889    .ARM.Collect$$rtentry$$0000000A  c_w.l(__rtentry2.o)
    0x08000262   0x00000000   Code   RO         2891    .ARM.Collect$$rtentry$$0000000C  c_w.l(__rtentry2.o)
    0x08000262   0x00000008   Code   RO         2892    .ARM.Collect$$rtentry$$0000000D  c_w.l(__rtentry2.o)
    0x0800026a   0x00000002   Code   RO         2993    .ARM.Collect$$rtexit$$00000000  c_w.l(rtexit.o)
    0x0800026c   0x00000000   Code   RO         3048    .ARM.Collect$$rtexit$$00000002  c_w.l(rtexit2.o)
    0x0800026c   0x00000004   Code   RO         3049    .ARM.Collect$$rtexit$$00000003  c_w.l(rtexit2.o)
    0x08000270   0x00000006   Code   RO         3050    .ARM.Collect$$rtexit$$00000004  c_w.l(rtexit2.o)
    0x08000276   0x00000002   PAD
    0x08000278   0x00000040   Code   RO          684    .text               startup_stm32f10x_hd.o
    0x080002b8   0x00000024   Code   RO         2570    .text               c_w.l(vsprintf.o)
    0x080002dc   0x0000003e   Code   RO         2572    .text               c_w.l(strlen.o)
    0x0800031a   0x00000006   Code   RO         2574    .text               c_w.l(heapauxi.o)
    0x08000320   0x00000016   Code   RO         2699    .text               c_w.l(_rserrno.o)
    0x08000336   0x0000004e   Code   RO         2703    .text               c_w.l(_printf_pad.o)
    0x08000384   0x00000024   Code   RO         2705    .text               c_w.l(_printf_truncate.o)
    0x080003a8   0x00000052   Code   RO         2707    .text               c_w.l(_printf_str.o)
    0x080003fa   0x00000002   PAD
    0x080003fc   0x00000078   Code   RO         2709    .text               c_w.l(_printf_dec.o)
    0x08000474   0x00000028   Code   RO         2711    .text               c_w.l(_printf_charcount.o)
    0x0800049c   0x00000030   Code   RO         2713    .text               c_w.l(_printf_char_common.o)
    0x080004cc   0x0000000a   Code   RO         2715    .text               c_w.l(_sputc.o)
    0x080004d6   0x00000002   PAD
    0x080004d8   0x000000bc   Code   RO         2717    .text               c_w.l(_printf_wctomb.o)
    0x08000594   0x0000007c   Code   RO         2720    .text               c_w.l(_printf_longlong_dec.o)
    0x08000610   0x00000070   Code   RO         2726    .text               c_w.l(_printf_oct_int_ll.o)
    0x08000680   0x00000094   Code   RO         2746    .text               c_w.l(_printf_hex_int_ll_ptr.o)
    0x08000714   0x00000188   Code   RO         2766    .text               c_w.l(__printf_flags_ss_wp.o)
    0x0800089c   0x00000008   Code   RO         2903    .text               c_w.l(rt_errno_addr_intlibspace.o)
    0x080008a4   0x0000008a   Code   RO         2905    .text               c_w.l(lludiv10.o)
    0x0800092e   0x000000b2   Code   RO         2907    .text               c_w.l(_printf_intcommon.o)
    0x080009e0   0x0000041a   Code   RO         2909    .text               c_w.l(_printf_fp_dec.o)
    0x08000dfa   0x00000002   PAD
    0x08000dfc   0x000002fc   Code   RO         2911    .text               c_w.l(_printf_fp_hex.o)
    0x080010f8   0x0000002c   Code   RO         2916    .text               c_w.l(_printf_char.o)
    0x08001124   0x0000002c   Code   RO         2918    .text               c_w.l(_printf_wchar.o)
    0x08001150   0x00000040   Code   RO         2921    .text               c_w.l(_wcrtomb.o)
    0x08001190   0x00000008   Code   RO         2937    .text               c_w.l(libspace.o)
    0x08001198   0x0000004a   Code   RO         2940    .text               c_w.l(sys_stackheap_outer.o)
    0x080011e2   0x00000002   PAD
    0x080011e4   0x00000010   Code   RO         2942    .text               c_w.l(rt_ctype_table.o)
    0x080011f4   0x00000008   Code   RO         2947    .text               c_w.l(rt_locale_intlibspace.o)
    0x080011fc   0x00000080   Code   RO         2949    .text               c_w.l(_printf_fp_infnan.o)
    0x0800127c   0x000000dc   Code   RO         2951    .text               c_w.l(bigflt0.o)
    0x08001358   0x0000000c   Code   RO         2979    .text               c_w.l(exit.o)
    0x08001364   0x00000080   Code   RO         2998    .text               c_w.l(strcmpv7m.o)
    0x080013e4   0x0000000c   Code   RO         3058    .text               c_w.l(sys_exit.o)
    0x080013f0   0x00000002   Code   RO         3069    .text               c_w.l(use_no_semi.o)
    0x080013f2   0x00000000   Code   RO         3071    .text               c_w.l(indicate_semi.o)
    0x080013f2   0x0000003e   Code   RO         2954    CL$$btod_d2e        c_w.l(btod.o)
    0x08001430   0x00000046   Code   RO         2956    CL$$btod_d2e_denorm_low  c_w.l(btod.o)
    0x08001476   0x00000060   Code   RO         2955    CL$$btod_d2e_norm_op1  c_w.l(btod.o)
    0x080014d6   0x00000338   Code   RO         2964    CL$$btod_div_common  c_w.l(btod.o)
    0x0800180e   0x000000c6   Code   RO         2961    CL$$btod_e2e        c_w.l(btod.o)
    0x080018d4   0x00000028   Code   RO         2958    CL$$btod_ediv       c_w.l(btod.o)
    0x080018fc   0x00000028   Code   RO         2957    CL$$btod_emul       c_w.l(btod.o)
    0x08001924   0x00000244   Code   RO         2963    CL$$btod_mult_common  c_w.l(btod.o)
    0x08001b68   0x00000274   Code   RO         2320    i.AHRS_GetQ         ahrs.o
    0x08001ddc   0x000001c8   Code   RO         2321    i.AHRS_Geteuler     ahrs.o
    0x08001fa4   0x00000178   Code   RO         2322    i.AHRS_getValues    ahrs.o
    0x0800211c   0x00000004   Code   RO          727    i.BusFault_Handler  stm32f10x_it.o
    0x08002120   0x00000002   Code   RO          728    i.DebugMon_Handler  stm32f10x_it.o
    0x08002122   0x00000002   PAD
    0x08002124   0x0000002c   Code   RO         2230    i.Degree            algorithm_math.o
    0x08002150   0x00000136   Code   RO          222    i.Dis_Float         oled.o
    0x08002286   0x00000066   Code   RO          223    i.Dis_int           oled.o
    0x080022ec   0x000000c4   Code   RO          328    i.Fuse_RegValue     mpu6050.o
    0x080023b0   0x00000116   Code   RO         1076    i.GPIO_Init         stm32f10x_gpio.o
    0x080024c6   0x00000012   Code   RO         1080    i.GPIO_ReadInputDataBit  stm32f10x_gpio.o
    0x080024d8   0x00000004   Code   RO         1083    i.GPIO_ResetBits    stm32f10x_gpio.o
    0x080024dc   0x00000004   Code   RO         1084    i.GPIO_SetBits      stm32f10x_gpio.o
    0x080024e0   0x00000190   Code   RO          458    i.HMC5883lRead      hmc5883.o
    0x08002670   0x00000004   Code   RO          729    i.HardFault_Handler  stm32f10x_it.o
    0x08002674   0x0000003c   Code   RO          374    i.I2C_Ack           iic.o
    0x080026b0   0x0000003c   Code   RO          376    i.I2C_NoAck         iic.o
    0x080026ec   0x00000058   Code   RO          377    i.I2C_RadeByte      iic.o
    0x08002744   0x0000005c   Code   RO          378    i.I2C_SendByte      iic.o
    0x080027a0   0x00000060   Code   RO          379    i.I2C_Start         iic.o
    0x08002800   0x0000003c   Code   RO          380    i.I2C_Stop          iic.o
    0x0800283c   0x0000005c   Code   RO          381    i.I2C_WaitAck       iic.o
    0x08002898   0x00000004   Code   RO          382    i.I2C_delay         iic.o
    0x0800289c   0x000000f2   Code   RO         2351    i.IIR_I_Filter      filter.o
    0x0800298e   0x00000002   PAD
    0x08002990   0x00000038   Code   RO            2    i.Init              main.o
    0x080029c8   0x00000032   Code   RO         2353    i.LPF_1st           filter.o
    0x080029fa   0x00000002   PAD
    0x080029fc   0x00000050   Code   RO          210    i.Led_Init          led.o
    0x08002a4c   0x000000b0   Code   RO          331    i.MPU6050_READ      mpu6050.o
    0x08002afc   0x00000320   Code   RO          460    i.Mag_Calibration   hmc5883.o
    0x08002e1c   0x00000004   Code   RO          730    i.MemManage_Handler  stm32f10x_it.o
    0x08002e20   0x00000064   Code   RO          383    i.Multiple_Read     iic.o
    0x08002e84   0x00000002   Code   RO          731    i.NMI_Handler       stm32f10x_it.o
    0x08002e86   0x00000002   PAD
    0x08002e88   0x00000070   Code   RO          834    i.NVIC_Init         misc.o
    0x08002ef8   0x00000014   Code   RO          835    i.NVIC_PriorityGroupConfig  misc.o
    0x08002f0c   0x00000018   Code   RO          226    i.OLED_DLY_ms       oled.o
    0x08002f24   0x0000003a   Code   RO          227    i.OLED_Fill         oled.o
    0x08002f5e   0x00000002   PAD
    0x08002f60   0x00000118   Code   RO          228    i.OLED_Init         oled.o
    0x08003078   0x00000064   Code   RO          230    i.OLED_P6x8Str      oled.o
    0x080030dc   0x00000024   Code   RO          233    i.OLED_Set_Pos      oled.o
    0x08003100   0x00000060   Code   RO          234    i.OLED_WR_Byte      oled.o
    0x08003160   0x00000058   Code   RO          235    i.OLED_WrCmd        oled.o
    0x080031b8   0x0000005c   Code   RO          236    i.OLED_WrDat        oled.o
    0x08003214   0x00000002   Code   RO          732    i.PendSV_Handler    stm32f10x_it.o
    0x08003216   0x00000002   PAD
    0x08003218   0x00000050   Code   RO         2232    i.Q_rsqrt           algorithm_math.o
    0x08003268   0x0000007a   Code   RO         2398    i.Quaternion_Normalize  algorithm_quaternion.o
    0x080032e2   0x00000120   Code   RO         2399    i.Quaternion_RungeKutta  algorithm_quaternion.o
    0x08003402   0x00000002   PAD
    0x08003404   0x00000134   Code   RO         2400    i.Quaternion_ToAngE  algorithm_quaternion.o
    0x08003538   0x00000094   Code   RO         2402    i.Quaternion_vectorGravity  algorithm_quaternion.o
    0x080035cc   0x00000020   Code   RO          872    i.RCC_APB1PeriphClockCmd  stm32f10x_rcc.o
    0x080035ec   0x00000020   Code   RO          873    i.RCC_APB1PeriphResetCmd  stm32f10x_rcc.o
    0x0800360c   0x00000020   Code   RO          874    i.RCC_APB2PeriphClockCmd  stm32f10x_rcc.o
    0x0800362c   0x00000020   Code   RO          875    i.RCC_APB2PeriphResetCmd  stm32f10x_rcc.o
    0x0800364c   0x0000002c   Code   RO         2233    i.Rad               algorithm_math.o
    0x08003678   0x00000002   Code   RO          733    i.SVC_Handler       stm32f10x_it.o
    0x0800367a   0x00000008   Code   RO          790    i.SetSysClock       system_stm32f10x.o
    0x08003682   0x00000002   PAD
    0x08003684   0x000000e0   Code   RO          791    i.SetSysClockTo72   system_stm32f10x.o
    0x08003764   0x00000050   Code   RO          384    i.Single_Read       iic.o
    0x080037b4   0x0000002e   Code   RO         2234    i.Str_Equal         algorithm_math.o
    0x080037e2   0x00000002   Code   RO          734    i.SysTick_Handler   stm32f10x_it.o
    0x080037e4   0x00000060   Code   RO          793    i.SystemInit        system_stm32f10x.o
    0x08003844   0x00000010   Code   RO          507    i.TIM2_IRQHandler   stm32it.o
    0x08003854   0x00000134   Code   RO          508    i.TIM3_IRQHandler   stm32it.o
    0x08003988   0x000000c4   Code   RO          536    i.TIM4_PWM_Init     motor.o
    0x08003a4c   0x0000006c   Code   RO          490    i.TIM5_Config       timer.o
    0x08003ab8   0x0000012c   Code   RO          509    i.TIM5_IRQHandler   stm32it.o
    0x08003be4   0x00000018   Code   RO         1422    i.TIM_ARRPreloadConfig  stm32f10x_tim.o
    0x08003bfc   0x00000006   Code   RO         1428    i.TIM_ClearFlag     stm32f10x_tim.o
    0x08003c02   0x00000006   Code   RO         1429    i.TIM_ClearITPendingBit  stm32f10x_tim.o
    0x08003c08   0x00000018   Code   RO         1434    i.TIM_Cmd           stm32f10x_tim.o
    0x08003c20   0x000001e8   Code   RO         1439    i.TIM_DeInit        stm32f10x_tim.o
    0x08003e08   0x00000008   Code   RO         1452    i.TIM_GetCapture4   stm32f10x_tim.o
    0x08003e10   0x00000022   Code   RO         1455    i.TIM_GetITStatus   stm32f10x_tim.o
    0x08003e32   0x00000012   Code   RO         1459    i.TIM_ITConfig      stm32f10x_tim.o
    0x08003e44   0x00000098   Code   RO         1463    i.TIM_OC1Init       stm32f10x_tim.o
    0x08003edc   0x00000012   Code   RO         1466    i.TIM_OC1PreloadConfig  stm32f10x_tim.o
    0x08003eee   0x00000002   PAD
    0x08003ef0   0x000000a4   Code   RO         1468    i.TIM_OC2Init       stm32f10x_tim.o
    0x08003f94   0x0000001a   Code   RO         1471    i.TIM_OC2PreloadConfig  stm32f10x_tim.o
    0x08003fae   0x00000002   PAD
    0x08003fb0   0x000000a0   Code   RO         1473    i.TIM_OC3Init       stm32f10x_tim.o
    0x08004050   0x00000012   Code   RO         1476    i.TIM_OC3PreloadConfig  stm32f10x_tim.o
    0x08004062   0x00000002   PAD
    0x08004064   0x0000007c   Code   RO         1478    i.TIM_OC4Init       stm32f10x_tim.o
    0x080040e0   0x0000001a   Code   RO         1479    i.TIM_OC4PolarityConfig  stm32f10x_tim.o
    0x080040fa   0x0000001a   Code   RO         1480    i.TIM_OC4PreloadConfig  stm32f10x_tim.o
    0x08004114   0x00000004   Code   RO         1495    i.TIM_SetCompare1   stm32f10x_tim.o
    0x08004118   0x00000004   Code   RO         1496    i.TIM_SetCompare2   stm32f10x_tim.o
    0x0800411c   0x00000004   Code   RO         1497    i.TIM_SetCompare3   stm32f10x_tim.o
    0x08004120   0x00000006   Code   RO         1498    i.TIM_SetCompare4   stm32f10x_tim.o
    0x08004126   0x00000002   PAD
    0x08004128   0x000000a4   Code   RO         1505    i.TIM_TimeBaseInit  stm32f10x_tim.o
    0x080041cc   0x00000070   Code   RO          597    i.USART3_IRQHandler  hc05.o
    0x0800423c   0x0000001a   Code   RO         1245    i.USART_GetFlagStatus  stm32f10x_usart.o
    0x08004256   0x00000054   Code   RO         1246    i.USART_GetITStatus  stm32f10x_usart.o
    0x080042aa   0x0000000a   Code   RO         1256    i.USART_ReceiveData  stm32f10x_usart.o
    0x080042b4   0x00000008   Code   RO         1259    i.USART_SendData    stm32f10x_usart.o
    0x080042bc   0x00000004   Code   RO          735    i.UsageFault_Handler  stm32f10x_it.o
    0x080042c0   0x0000004c   Code   RO         2235    i.VariableParameter  algorithm_math.o
    0x0800430c   0x00000028   Code   RO         2933    i.__ARM_fpclassify  m_ws.l(fpclassify.o)
    0x08004334   0x00000026   Code   RO         2846    i.__ARM_fpclassifyf  m_ws.l(fpclassifyf.o)
    0x0800435a   0x00000002   PAD
    0x0800435c   0x00000388   Code   RO         2863    i.__ieee754_rem_pio2  m_ws.l(rred.o)
    0x080046e4   0x000000fc   Code   RO         2829    i.__kernel_cos      m_ws.l(cos_i.o)
    0x080047e0   0x000000aa   Code   RO         2935    i.__kernel_poly     m_ws.l(poly.o)
    0x0800488a   0x00000002   PAD
    0x0800488c   0x000000ec   Code   RO         2871    i.__kernel_sin      m_ws.l(sin_i.o)
    0x08004978   0x00000006   Code   RO         2833    i.__mathlib_dbl_infnan  m_ws.l(dunder.o)
    0x0800497e   0x00000004   Code   RO         2834    i.__mathlib_dbl_infnan2  m_ws.l(dunder.o)
    0x08004982   0x0000000c   Code   RO         2835    i.__mathlib_dbl_invalid  m_ws.l(dunder.o)
    0x0800498e   0x00000002   PAD
    0x08004990   0x00000010   Code   RO         2838    i.__mathlib_dbl_underflow  m_ws.l(dunder.o)
    0x080049a0   0x00000006   Code   RO         2849    i.__mathlib_flt_infnan  m_ws.l(funder.o)
    0x080049a6   0x00000004   Code   RO         2850    i.__mathlib_flt_infnan2  m_ws.l(funder.o)
    0x080049aa   0x00000008   Code   RO         2851    i.__mathlib_flt_invalid  m_ws.l(funder.o)
    0x080049b2   0x0000000a   Code   RO         2854    i.__mathlib_flt_underflow  m_ws.l(funder.o)
    0x080049bc   0x0000000e   Code   RO         2759    i._is_digit         c_w.l(__printf_wp.o)
    0x080049ca   0x00000016   Code   RO         2238    i.array_assignu8    algorithm_math.o
    0x080049e0   0x00000124   Code   RO         2635    i.asinf             m_ws.l(asinf.o)
    0x08004b04   0x00000220   Code   RO         2820    i.atan              m_ws.l(atan.o)
    0x08004d24   0x00000180   Code   RO         2643    i.atan2             m_ws.l(atan2.o)
    0x08004ea4   0x0000025c   Code   RO         2651    i.atan2f            m_ws.l(atan2f.o)
    0x08005100   0x0000009c   Code   RO         2659    i.cos               m_ws.l(cos.o)
    0x0800519c   0x00000040   Code   RO          691    i.delay_init        sys.o
    0x080051dc   0x0000005c   Code   RO            4    i.main              main.o
    0x08005238   0x00000030   Code   RO          539    i.moto_STOP         motor.o
    0x08005268   0x00000016   Code   RO          237    i.mypow             oled.o
    0x0800527e   0x00000002   PAD
    0x08005280   0x000000a0   Code   RO         2675    i.sin               m_ws.l(sin.o)
    0x08005320   0x0000002c   Code   RO         2878    i.sqrtf             m_ws.l(sqrtf.o)
    0x0800534c   0x00000050   Code   RO          598    i.u3_printf         hc05.o
    0x0800539c   0x0000002c   Code   RO         2977    locale$$code        c_w.l(lc_numeric_c.o)
    0x080053c8   0x0000002c   Code   RO         2996    locale$$code        c_w.l(lc_ctype_c.o)
    0x080053f4   0x00000062   Code   RO         2578    x$fpl$d2f           fz_ws.l(d2f.o)
    0x08005456   0x00000002   PAD
    0x08005458   0x00000150   Code   RO         2580    x$fpl$dadd          fz_ws.l(daddsub_clz.o)
    0x080055a8   0x00000010   Code   RO         2987    x$fpl$dcheck1       fz_ws.l(dcheck1.o)
    0x080055b8   0x000002b0   Code   RO         2587    x$fpl$ddiv          fz_ws.l(ddiv.o)
    0x08005868   0x0000005e   Code   RO         2923    x$fpl$dfix          fz_ws.l(dfix.o)
    0x080058c6   0x0000002e   Code   RO         2591    x$fpl$dflt          fz_ws.l(dflt_clz.o)
    0x080058f4   0x00000026   Code   RO         2590    x$fpl$dfltu         fz_ws.l(dflt_clz.o)
    0x0800591a   0x00000002   PAD
    0x0800591c   0x00000154   Code   RO         2598    x$fpl$dmul          fz_ws.l(dmul.o)
    0x08005a70   0x0000009c   Code   RO         2794    x$fpl$dnaninf       fz_ws.l(dnaninf.o)
    0x08005b0c   0x0000000c   Code   RO         2796    x$fpl$dretinf       fz_ws.l(dretinf.o)
    0x08005b18   0x00000016   Code   RO         2581    x$fpl$drsb          fz_ws.l(daddsub_clz.o)
    0x08005b2e   0x00000002   PAD
    0x08005b30   0x000001d4   Code   RO         2582    x$fpl$dsub          fz_ws.l(daddsub_clz.o)
    0x08005d04   0x00000056   Code   RO         2602    x$fpl$f2d           fz_ws.l(f2d.o)
    0x08005d5a   0x00000002   PAD
    0x08005d5c   0x000000c4   Code   RO         2604    x$fpl$fadd          fz_ws.l(faddsub_clz.o)
    0x08005e20   0x0000000c   Code   RO         2927    x$fpl$fcheck1       fz_ws.l(fcheck1.o)
    0x08005e2c   0x00000018   Code   RO         2800    x$fpl$fcmpinf       fz_ws.l(fcmpi.o)
    0x08005e44   0x00000184   Code   RO         2611    x$fpl$fdiv          fz_ws.l(fdiv.o)
    0x08005fc8   0x00000036   Code   RO         2614    x$fpl$ffix          fz_ws.l(ffix.o)
    0x08005ffe   0x00000002   PAD
    0x08006000   0x00000030   Code   RO         2623    x$fpl$fflt          fz_ws.l(fflt_clz.o)
    0x08006030   0x00000026   Code   RO         2622    x$fpl$ffltu         fz_ws.l(fflt_clz.o)
    0x08006056   0x00000002   PAD
    0x08006058   0x00000068   Code   RO         2628    x$fpl$fleqf         fz_ws.l(fleqf.o)
    0x080060c0   0x00000102   Code   RO         2630    x$fpl$fmul          fz_ws.l(fmul.o)
    0x080061c2   0x0000008c   Code   RO         2802    x$fpl$fnaninf       fz_ws.l(fnaninf.o)
    0x0800624e   0x0000000a   Code   RO         2804    x$fpl$fretinf       fz_ws.l(fretinf.o)
    0x08006258   0x00000062   Code   RO         2632    x$fpl$frleqf        fz_ws.l(frleqf.o)
    0x080062ba   0x00000014   Code   RO         2605    x$fpl$frsb          fz_ws.l(faddsub_clz.o)
    0x080062ce   0x00000002   PAD
    0x080062d0   0x00000110   Code   RO         2929    x$fpl$fsqrt         fz_ws.l(fsqrt.o)
    0x080063e0   0x000000ea   Code   RO         2606    x$fpl$fsub          fz_ws.l(faddsub_clz.o)
    0x080064ca   0x00000004   Code   RO         2808    x$fpl$printf1       fz_ws.l(printf1.o)
    0x080064ce   0x00000004   Code   RO         2810    x$fpl$printf2       fz_ws.l(printf2.o)
    0x080064d2   0x00000064   Code   RO         2991    x$fpl$retnan        fz_ws.l(retnan.o)
    0x08006536   0x0000005c   Code   RO         2931    x$fpl$scalbn        fz_ws.l(scalbn.o)
    0x08006592   0x0000004c   Code   RO         2816    x$fpl$scalbnf       fz_ws.l(scalbnf.o)
    0x080065de   0x00000030   Code   RO         3045    x$fpl$trapveneer    fz_ws.l(trapv.o)
    0x0800660e   0x00000000   Code   RO         2818    x$fpl$usenofp       fz_ws.l(usenofp.o)
    0x0800660e   0x00000ee9   Data   RO          238    .constdata          oled.o
    0x080074f7   0x00000001   PAD
    0x080074f8   0x00000008   Data   RO         2718    .constdata          c_w.l(_printf_wctomb.o)
    0x08007500   0x00000028   Data   RO         2747    .constdata          c_w.l(_printf_hex_int_ll_ptr.o)
    0x08007528   0x00000011   Data   RO         2767    .constdata          c_w.l(__printf_flags_ss_wp.o)
    0x08007539   0x00000007   PAD
    0x08007540   0x00000098   Data   RO         2821    .constdata          m_ws.l(atan.o)
    0x080075d8   0x00000030   Data   RO         2830    .constdata          m_ws.l(cos_i.o)
    0x08007608   0x00000008   Data   RO         2862    .constdata          m_ws.l(qnan.o)
    0x08007610   0x000000c8   Data   RO         2865    .constdata          m_ws.l(rred.o)
    0x080076d8   0x00000028   Data   RO         2872    .constdata          m_ws.l(sin_i.o)
    0x08007700   0x00000026   Data   RO         2912    .constdata          c_w.l(_printf_fp_hex.o)
    0x08007726   0x00000002   PAD
    0x08007728   0x00000094   Data   RO         2952    .constdata          c_w.l(bigflt0.o)
    0x080077bc   0x00000020   Data   RO         3123    Region$$Table       anon$$obj.o
    0x080077dc   0x0000001c   Data   RO         2976    locale$$data        c_w.l(lc_numeric_c.o)
    0x080077f8   0x00000110   Data   RO         2995    locale$$data        c_w.l(lc_ctype_c.o)


    Execution Region RW_IRAM1 (Base: 0x20000000, Size: 0x00000c20, Max: 0x0000c000, ABSOLUTE)

    Base Addr    Size         Type   Attr      Idx    E Section Name        Object

    0x20000000   0x00000018   Data   RW          462    .data               hmc5883.o
    0x20000018   0x00000002   Data   RW          510    .data               stm32it.o
    0x2000001a   0x00000002   PAD
    0x2000001c   0x00000016   Data   RW          570    .data               ultrasonic.o
    0x20000032   0x00000006   Data   RW          601    .data               hc05.o
    0x20000038   0x00000004   Data   RW          694    .data               sys.o
    0x2000003c   0x00000004   PAD
    0x20000040   0x0000008c   Data   RW         2324    .data               ahrs.o
    0x200000cc   0x00000019   Zero   RW            6    .bss                main.o
    0x200000e5   0x00000003   PAD
    0x200000e8   0x00000076   Zero   RW          332    .bss                mpu6050.o
    0x2000015e   0x00000002   PAD
    0x20000160   0x00000024   Zero   RW          461    .bss                hmc5883.o
    0x20000184   0x00000004   PAD
    0x20000188   0x00000320   Zero   RW          600    .bss                hc05.o
    0x200004a8   0x00000114   Zero   RW         2323    .bss                ahrs.o
    0x200005bc   0x00000060   Zero   RW         2938    .bss                c_w.l(libspace.o)
    0x2000061c   0x00000004   PAD
    0x20000620   0x00000200   Zero   RW          682    HEAP                startup_stm32f10x_hd.o
    0x20000820   0x00000400   Zero   RW          681    STACK               startup_stm32f10x_hd.o


==============================================================================

Image component sizes


      Code (inc. data)   RO Data    RW Data    ZI Data      Debug   Object Name

      1460        114          0        140        276       2954   ahrs.o
       312         30          0          0          0       3706   algorithm_math.o
       866          6          0          0          0       3102   algorithm_quaternion.o
       292          0          0          0          0       1465   filter.o
       192         28          0          6        800       2210   hc05.o
      1200        108          0         24         36       2218   hmc5883.o
       732         38          0          0          0       5211   iic.o
        80          8          0          0          0        451   led.o
       148         16          0          0         25     246293   main.o
       132         22          0          0          0       1375   misc.o
       244         14          0          0          0       1120   motor.o
       372         12          0          0        118       4037   mpu6050.o
      1208         24       3817          0          0       7153   oled.o
        64         26        304          0       1536        788   startup_stm32f10x_hd.o
       304          0          0          0          0       3360   stm32f10x_gpio.o
        26          0          0          0          0       3446   stm32f10x_it.o
       128         24          0          0          0       2068   stm32f10x_rcc.o
      1504        156          0          0          0      12604   stm32f10x_tim.o
       128          0          0          0          0       3595   stm32f10x_usart.o
       624        112          0          2          0      16633   stm32it.o
        64          8          0          4          0        565   sys.o
       328         28          0          0          0       1693   system_stm32f10x.o
       108          6          0          0          0        518   timer.o
         0          0          0         22          0        521   ultrasonic.o

    ----------------------------------------------------------------------
     10542        780       4154        204       2800     327086   Object Totals
         0          0         32          0          0          0   (incl. Generated)
        26          0          1          6          9          0   (incl. Padding)

    ----------------------------------------------------------------------

      Code (inc. data)   RO Data    RW Data    ZI Data      Debug   Library Member Name

         8          0          0          0          0         68   __main.o
       392          4         17          0          0         92   __printf_flags_ss_wp.o
        14          0          0          0          0         68   __printf_wp.o
         0          0          0          0          0          0   __rtentry.o
        12          0          0          0          0          0   __rtentry2.o
         6          0          0          0          0          0   __rtentry4.o
        52          8          0          0          0          0   __scatter.o
        26          0          0          0          0          0   __scatter_copy.o
        28          0          0          0          0          0   __scatter_zi.o
         6          0          0          0          0          0   _printf_a.o
         6          0          0          0          0          0   _printf_c.o
        44          0          0          0          0        108   _printf_char.o
        48          6          0          0          0         96   _printf_char_common.o
        40          0          0          0          0         68   _printf_charcount.o
         6          0          0          0          0          0   _printf_d.o
       120         16          0          0          0         92   _printf_dec.o
         6          0          0          0          0          0   _printf_e.o
         6          0          0          0          0          0   _printf_f.o
      1050          0          0          0          0        216   _printf_fp_dec.o
       764         10         38          0          0        100   _printf_fp_hex.o
       128         16          0          0          0         84   _printf_fp_infnan.o
         6          0          0          0          0          0   _printf_g.o
       148          4         40          0          0        160   _printf_hex_int_ll_ptr.o
         6          0          0          0          0          0   _printf_i.o
       178          0          0          0          0         88   _printf_intcommon.o
        10          0          0          0          0          0   _printf_l.o
         6          0          0          0          0          0   _printf_lc.o
        10          0          0          0          0          0   _printf_ll.o
         6          0          0          0          0          0   _printf_lld.o
         6          0          0          0          0          0   _printf_lli.o
         6          0          0          0          0          0   _printf_llo.o
         6          0          0          0          0          0   _printf_llu.o
         6          0          0          0          0          0   _printf_llx.o
       124         16          0          0          0         92   _printf_longlong_dec.o
         6          0          0          0          0          0   _printf_ls.o
         6          0          0          0          0          0   _printf_n.o
         6          0          0          0          0          0   _printf_o.o
       112          8          0          0          0        124   _printf_oct_int_ll.o
         6          0          0          0          0          0   _printf_p.o
        78          0          0          0          0        108   _printf_pad.o
         0          0          0          0          0          0   _printf_percent.o
         4          0          0          0          0          0   _printf_percent_end.o
         6          0          0          0          0          0   _printf_s.o
        82          0          0          0          0         80   _printf_str.o
        36          0          0          0          0         84   _printf_truncate.o
         6          0          0          0          0          0   _printf_u.o
        44          0          0          0          0        108   _printf_wchar.o
       188          6          8          0          0         92   _printf_wctomb.o
         6          0          0          0          0          0   _printf_x.o
        22          0          0          0          0        100   _rserrno.o
        10          0          0          0          0         68   _sputc.o
        64          0          0          0          0         92   _wcrtomb.o
       220          4        148          0          0         96   bigflt0.o
      1910        128          0          0          0        672   btod.o
        12          0          0          0          0         72   exit.o
         6          0          0          0          0        152   heapauxi.o
         0          0          0          0          0          0   indicate_semi.o
        44         10        272          0          0         76   lc_ctype_c.o
        44         10         28          0          0         76   lc_numeric_c.o
         2          0          0          0          0          0   libinit.o
        30          0          0          0          0          0   libinit2.o
         2          0          0          0          0          0   libshutdown.o
         2          0          0          0          0          0   libshutdown2.o
         8          4          0          0         96         68   libspace.o
       138          0          0          0          0         80   lludiv10.o
        16          4          0          0          0         76   rt_ctype_table.o
         8          4          0          0          0         68   rt_errno_addr_intlibspace.o
         8          4          0          0          0         68   rt_locale_intlibspace.o
         2          0          0          0          0          0   rtexit.o
        10          0          0          0          0          0   rtexit2.o
       128          0          0          0          0         68   strcmpv7m.o
        62          0          0          0          0         76   strlen.o
        12          4          0          0          0         68   sys_exit.o
        74          0          0          0          0         80   sys_stackheap_outer.o
         2          0          0          0          0         68   use_no_semi.o
        36          4          0          0          0         76   vsprintf.o
        98          4          0          0          0         92   d2f.o
       826         16          0          0          0        348   daddsub_clz.o
        16          4          0          0          0         68   dcheck1.o
       688        140          0          0          0        208   ddiv.o
        94          4          0          0          0         92   dfix.o
        84          0          0          0          0        136   dflt_clz.o
       340         12          0          0          0        104   dmul.o
       156          4          0          0          0         92   dnaninf.o
        12          0          0          0          0         68   dretinf.o
        86          4          0          0          0         84   f2d.o
       450          8          0          0          0        236   faddsub_clz.o
        12          4          0          0          0         68   fcheck1.o
        24          0          0          0          0         68   fcmpi.o
       388         76          0          0          0         96   fdiv.o
        54          4          0          0          0         84   ffix.o
        86          0          0          0          0        136   fflt_clz.o
       104          4          0          0          0         84   fleqf.o
       258          4          0          0          0         84   fmul.o
       140          4          0          0          0         84   fnaninf.o
        10          0          0          0          0         68   fretinf.o
        98          0          0          0          0         68   frleqf.o
       272        100          0          0          0         88   fsqrt.o
         4          0          0          0          0         68   printf1.o
         4          0          0          0          0         68   printf2.o
       100          0          0          0          0         68   retnan.o
        92          0          0          0          0         68   scalbn.o
        76          0          0          0          0         68   scalbnf.o
        48          0          0          0          0         68   trapv.o
         0          0          0          0          0          0   usenofp.o
       292         38          0          0          0        120   asinf.o
       544         70        152          0          0        124   atan.o
       384         38          0          0          0        144   atan2.o
       604         76          0          0          0        116   atan2f.o
       156          8          0          0          0        104   cos.o
       252         22         48          0          0        124   cos_i.o
        38          6          0          0          0        272   dunder.o
        40          0          0          0          0         68   fpclassify.o
        38          0          0          0          0         68   fpclassifyf.o
        28          0          0          0          0        272   funder.o
       170          0          0          0          0         96   poly.o
         0          0          8          0          0          0   qnan.o
       904         76        200          0          0        140   rred.o
       160         10          0          0          0        108   sin.o
       236         12         40          0          0        128   sin_i.o
        44          0          0          0          0         80   sqrtf.o

    ----------------------------------------------------------------------
     15280       1018       1008          0        100       8956   Library Totals
        32          0          9          0          4          0   (incl. Padding)

    ----------------------------------------------------------------------

      Code (inc. data)   RO Data    RW Data    ZI Data      Debug   Library Name

      6738        270        551          0         96       4128   c_w.l
      4620        392          0          0          0       2864   fz_ws.l
      3890        356        448          0          0       1964   m_ws.l

    ----------------------------------------------------------------------
     15280       1018       1008          0        100       8956   Library Totals

    ----------------------------------------------------------------------

==============================================================================


      Code (inc. data)   RO Data    RW Data    ZI Data      Debug   

     25822       1798       5162        204       2900     325950   Grand Totals
     25822       1798       5162        204       2900     325950   ELF Image Totals
     25822       1798       5162        204          0          0   ROM Totals

==============================================================================

    Total RO  Size (Code + RO Data)                30984 (  30.26kB)
    Total RW  Size (RW Data + ZI Data)              3104 (   3.03kB)
    Total ROM Size (Code + RO Data + RW Data)      31188 (  30.46kB)

==============================================================================

