<html>
<body>
<pre>
<h1>µVision Build Log</h1>
<h2>Tool Versions:</h2>
IDE-Version: ¦ÌVision V5.14.0.0
Copyright (C) 2015 ARM Ltd and ARM Germany GmbH. All rights reserved.
License Information: d Microsoft, Microsoft, LIC=2TTQD-8ZEE8-AWA2F-6L2L2-D0AQ8-NCNFW
 
Tool Versions:
Toolchain:       MDK-ARM Professional  Version: 5.14.0.0
Toolchain Path:  C:\Keil_v5\ARM\ARMCC\Bin
C Compiler:      Armcc.exe V5.05 update 1 (build 106)
Assembler:       Armasm.exe V5.05 update 1 (build 106)
Linker/Locator:  ArmLink.exe V5.05 update 1 (build 106)
Library Manager: ArmAr.exe V5.05 update 1 (build 106)
Hex Converter:   FromElf.exe V5.05 update 1 (build 106)
CPU DLL:         SARMCM3.DLL V5.14.0.0
Dialog DLL:      DCM.DLL V1.13.1.0
Target DLL:      Segger\JL2CM3.dll V2.99.13.0
Dialog DLL:      TCM.DLL V1.14.4.0
 
<h2>Project:</h2>
D:\Quad\PROJECT\Quad.uvprojx
Project File Date:  05/11/2017

<h2>Output:</h2>
Rebuild target 'Quad'
compiling main.c...
compiling LED.c...
compiling OLED.c...
compiling mpu6050.c...
compiling iic.c...
compiling hmc5883.c...
compiling timer.c...
compiling stm32it.c...
compiling motor.c...
compiling Ultrasonic.c...
assembling startup_stm32f10x_hd.s...
compiling sys.c...
compiling stm32f10x_it.c...
compiling system_stm32f10x.c...
compiling core_cm3.c...
compiling misc.c...
compiling stm32f10x_rcc.c...
compiling stm32f10x_gpio.c...
compiling stm32f10x_exti.c...
compiling stm32f10x_usart.c...
compiling stm32f10x_tim.c...
compiling stm32f10x_rtc.c...
linking...
Program Size: Code=8324 RO-data=4156 RW-data=24 ZI-data=1824  
FromELF: creating hex file...
".\Objects\Quad.axf" - 0 Error(s), 0 Warning(s).

<h2>Collection of Component include folders:</h2>
  D:\Quad\PROJECT\RTE
  C:\Keil_v5\ARM\PACK\Keil\STM32F1xx_DFP\2.1.0

<h2>Collection of Component Files used:</h2>
</pre>
</body>
</html>
