<html>
<body>
<pre>
<h1>µVision Build Log</h1>
<h2>Tool Versions:</h2>
IDE-Version: ¶ÃVision V5.14.0.0
Copyright (C) 2015 ARM Ltd and ARM Germany GmbH. All rights reserved.
License Information: d Microsoft, Microsoft, LIC=2TTQD-8ZEE8-AWA2F-6L2L2-D0AQ8-NCNFW
 
Tool Versions:
Toolchain:       MDK-ARM Professional  Version: 5.14.0.0
Toolchain Path:  C:\Keil_v5\ARM\ARMCC\Bin
C Compiler:      Armcc.exe V5.05 update 1 (build 106)
Assembler:       Armasm.exe V5.05 update 1 (build 106)
Linker/Locator:  ArmLink.exe V5.05 update 1 (build 106)
Library Manager: ArmAr.exe V5.05 update 1 (build 106)
Hex Converter:   FromElf.exe V5.05 update 1 (build 106)
CPU DLL:         SARMCM3.DLL V5.14.0.0
Dialog DLL:      DCM.DLL V1.13.1.0
Target DLL:      Segger\JL2CM3.dll V2.99.13.0
Dialog DLL:      TCM.DLL V1.14.4.0
 
<h2>Project:</h2>
D:\Quad\PROJECT\Quad.uvprojx
Project File Date:  05/19/2017

<h2>Output:</h2>
Rebuild target 'Quad'
compiling main.c...
compiling LED.c...
compiling OLED.c...
compiling mpu6050.c...
compiling iic.c...
compiling hmc5883.c...
compiling timer.c...
compiling stm32it.c...
..\HARDWARE\Interrupt\stm32it.c(32): warning:  #177-D: variable "i" was declared but never referenced
        u8 i = 0;
..\HARDWARE\Interrupt\stm32it.c: 1 warning, 0 errors
compiling motor.c...
compiling Ultrasonic.c...
compiling hc05.c...
compiling stmflash.c...
assembling startup_stm32f10x_hd.s...
compiling sys.c...
..\SYSTEM\sys.c(4): warning:  #550-D: variable "fac_ms" was set but never used
  static u16 fac_ms=0;//ms—” ±±∂≥À ˝
..\SYSTEM\sys.c: 1 warning, 0 errors
compiling stm32f10x_it.c...
compiling system_stm32f10x.c...
compiling core_cm3.c...
compiling misc.c...
compiling stm32f10x_rcc.c...
compiling stm32f10x_gpio.c...
compiling stm32f10x_exti.c...
compiling stm32f10x_usart.c...
compiling stm32f10x_tim.c...
compiling stm32f10x_rtc.c...
compiling stm32f10x_flash.c...
compiling Algorithm_math.c...
compiling ahrs.c...
..\Algorithm\AHRS\ahrs.c(113): warning:  #177-D: variable "digyaw" was declared but never referenced
        float digyaw;
..\Algorithm\AHRS\ahrs.c: 1 warning, 0 errors
compiling filter.c...
compiling Algorithm_quaternion.c...
compiling control.c...
..\FUNCTION\control\control.c(134): warning:  #550-D: variable "roll" was set but never used
          s16 pitch,roll,yaw;
..\FUNCTION\control\control.c(134): warning:  #550-D: variable "yaw" was set but never used
          s16 pitch,roll,yaw;
..\FUNCTION\control\control.c: 2 warnings, 0 errors
compiling ultracontrol.c...
linking...
Program Size: Code=34150 RO-data=5162 RW-data=456 ZI-data=3624  
FromELF: creating hex file...
".\Objects\Quad.axf" - 0 Error(s), 5 Warning(s).

<h2>Collection of Component include folders:</h2>
  D:\Quad\PROJECT\RTE
  C:\Keil_v5\ARM\PACK\Keil\STM32F1xx_DFP\2.1.0

<h2>Collection of Component Files used:</h2>
</pre>
</body>
</html>
